Archive member included to satisfy reference by file (symbol)

/usr/local/Cellar/gcc-arm-none-eabi-80/20181220/bin/../lib/gcc/arm-none-eabi/8.2.1/../../../../arm-none-eabi/lib/thumb/v7-m/nofp/libm.a(lib_a-s_ceil.o)
                              /Users/leof/Documents/GitHub/IoT/IoT_I2HM_wyres/Riot_wyres/tests/driver_sx127x/bin/wyres-base/sx127x//sx127x_getset.o (ceil)
/usr/local/Cellar/gcc-arm-none-eabi-80/20181220/bin/../lib/gcc/arm-none-eabi/8.2.1/../../../../arm-none-eabi/lib/thumb/v7-m/nofp/libm.a(lib_a-s_floor.o)
                              /Users/leof/Documents/GitHub/IoT/IoT_I2HM_wyres/Riot_wyres/tests/driver_sx127x/bin/wyres-base/sx127x//sx127x_getset.o (floor)
/usr/local/Cellar/gcc-arm-none-eabi-80/20181220/bin/../lib/gcc/arm-none-eabi/8.2.1/thumb/v7-m/nofp/libgcc.a(_arm_addsubdf3.o)
                              /Users/leof/Documents/GitHub/IoT/IoT_I2HM_wyres/Riot_wyres/tests/driver_sx127x/bin/wyres-base/sx127x//sx127x_getset.o (__aeabi_dadd)
/usr/local/Cellar/gcc-arm-none-eabi-80/20181220/bin/../lib/gcc/arm-none-eabi/8.2.1/thumb/v7-m/nofp/libgcc.a(_arm_muldivdf3.o)
                              /Users/leof/Documents/GitHub/IoT/IoT_I2HM_wyres/Riot_wyres/tests/driver_sx127x/bin/wyres-base/sx127x//sx127x_getset.o (__aeabi_dmul)
/usr/local/Cellar/gcc-arm-none-eabi-80/20181220/bin/../lib/gcc/arm-none-eabi/8.2.1/thumb/v7-m/nofp/libgcc.a(_arm_cmpdf2.o)
                              /Users/leof/Documents/GitHub/IoT/IoT_I2HM_wyres/Riot_wyres/tests/driver_sx127x/bin/wyres-base/sx127x//sx127x_getset.o (__aeabi_dcmpgt)
/usr/local/Cellar/gcc-arm-none-eabi-80/20181220/bin/../lib/gcc/arm-none-eabi/8.2.1/thumb/v7-m/nofp/libgcc.a(_arm_fixunsdfsi.o)
                              /Users/leof/Documents/GitHub/IoT/IoT_I2HM_wyres/Riot_wyres/tests/driver_sx127x/bin/wyres-base/sx127x//sx127x_getset.o (__aeabi_d2uiz)
/usr/local/Cellar/gcc-arm-none-eabi-80/20181220/bin/../lib/gcc/arm-none-eabi/8.2.1/thumb/v7-m/nofp/libgcc.a(_arm_addsubsf3.o)
                              /Users/leof/Documents/GitHub/IoT/IoT_I2HM_wyres/Riot_wyres/tests/driver_sx127x/bin/wyres-base/fmt//fmt.o (__aeabi_fsub)
/usr/local/Cellar/gcc-arm-none-eabi-80/20181220/bin/../lib/gcc/arm-none-eabi/8.2.1/thumb/v7-m/nofp/libgcc.a(_arm_muldivsf3.o)
                              /Users/leof/Documents/GitHub/IoT/IoT_I2HM_wyres/Riot_wyres/tests/driver_sx127x/bin/wyres-base/fmt//fmt.o (__aeabi_fmul)
/usr/local/Cellar/gcc-arm-none-eabi-80/20181220/bin/../lib/gcc/arm-none-eabi/8.2.1/thumb/v7-m/nofp/libgcc.a(_arm_cmpsf2.o)
                              /Users/leof/Documents/GitHub/IoT/IoT_I2HM_wyres/Riot_wyres/tests/driver_sx127x/bin/wyres-base/fmt//fmt.o (__aeabi_fcmplt)
/usr/local/Cellar/gcc-arm-none-eabi-80/20181220/bin/../lib/gcc/arm-none-eabi/8.2.1/thumb/v7-m/nofp/libgcc.a(_arm_fixunssfsi.o)
                              /Users/leof/Documents/GitHub/IoT/IoT_I2HM_wyres/Riot_wyres/tests/driver_sx127x/bin/wyres-base/fmt//fmt.o (__aeabi_f2uiz)
/usr/local/Cellar/gcc-arm-none-eabi-80/20181220/bin/../lib/gcc/arm-none-eabi/8.2.1/thumb/v7-m/nofp/libgcc.a(_aeabi_ldivmod.o)
                              /Users/leof/Documents/GitHub/IoT/IoT_I2HM_wyres/Riot_wyres/tests/driver_sx127x/bin/wyres-base/sx127x//sx127x_getset.o (__aeabi_ldivmod)
/usr/local/Cellar/gcc-arm-none-eabi-80/20181220/bin/../lib/gcc/arm-none-eabi/8.2.1/thumb/v7-m/nofp/libgcc.a(_aeabi_uldivmod.o)
                              /Users/leof/Documents/GitHub/IoT/IoT_I2HM_wyres/Riot_wyres/tests/driver_sx127x/bin/wyres-base/sx127x//sx127x_getset.o (__aeabi_uldivmod)
/usr/local/Cellar/gcc-arm-none-eabi-80/20181220/bin/../lib/gcc/arm-none-eabi/8.2.1/thumb/v7-m/nofp/libgcc.a(_udivmoddi4.o)
                              /usr/local/Cellar/gcc-arm-none-eabi-80/20181220/bin/../lib/gcc/arm-none-eabi/8.2.1/thumb/v7-m/nofp/libgcc.a(_aeabi_ldivmod.o) (__udivmoddi4)
/usr/local/Cellar/gcc-arm-none-eabi-80/20181220/bin/../lib/gcc/arm-none-eabi/8.2.1/thumb/v7-m/nofp/libgcc.a(_dvmd_tls.o)
                              /usr/local/Cellar/gcc-arm-none-eabi-80/20181220/bin/../lib/gcc/arm-none-eabi/8.2.1/thumb/v7-m/nofp/libgcc.a(_aeabi_ldivmod.o) (__aeabi_ldiv0)
/usr/local/Cellar/gcc-arm-none-eabi-80/20181220/bin/../lib/gcc/arm-none-eabi/8.2.1/../../../../arm-none-eabi/lib/thumb/v7-m/nofp/libc_nano.a(lib_a-atoi.o)
                              /Users/leof/Documents/GitHub/IoT/IoT_I2HM_wyres/Riot_wyres/tests/driver_sx127x/bin/wyres-base/application_test-driver-sx127x//main.o (atoi)
/usr/local/Cellar/gcc-arm-none-eabi-80/20181220/bin/../lib/gcc/arm-none-eabi/8.2.1/../../../../arm-none-eabi/lib/thumb/v7-m/nofp/libc_nano.a(lib_a-errno.o)
                              /Users/leof/Documents/GitHub/IoT/IoT_I2HM_wyres/Riot_wyres/tests/driver_sx127x/bin/wyres-base/newlib_syscalls_default//syscalls.o (__errno)
/usr/local/Cellar/gcc-arm-none-eabi-80/20181220/bin/../lib/gcc/arm-none-eabi/8.2.1/../../../../arm-none-eabi/lib/thumb/v7-m/nofp/libc_nano.a(lib_a-fflush.o)
[...]
Memory Configuration

Name             Origin             Length             Attributes
ccmram           0x0000000010000000 0x0000000000000000
sram4            0x0000000000000000 0x0000000000000000
fmcram           0x0000000000000000 0x0000000000000000
rom              0x0000000008000000 0x0000000000040000 xr
ram              0x0000000020000000 0x0000000000008000 w !xr
bkup_ram         0x0000000000000000 0x0000000000000000 w !xr
*default*        0x0000000000000000 0xffffffffffffffff

Linker script and memory map

LOAD /Users/leof/Documents/GitHub/IoT/IoT_I2HM_wyres/Riot_wyres/tests/driver_sx127x/bin/wyres-base/application_test-driver-sx127x//main.o
LOAD /Users/leof/Documents/GitHub/IoT/IoT_I2HM_wyres/Riot_wyres/tests/driver_sx127x/bin/wyres-base/auto_init//auto_init.o
LOAD /Users/leof/Documents/GitHub/IoT/IoT_I2HM_wyres/Riot_wyres/tests/driver_sx127x/bin/wyres-base/board//board.o
LOAD /Users/leof/Documents/GitHub/IoT/IoT_I2HM_wyres/Riot_wyres/tests/driver_sx127x/bin/wyres-base/board_common_init//board_common.o
LOAD /Users/leof/Documents/GitHub/IoT/IoT_I2HM_wyres/Riot_wyres/tests/driver_sx127x/bin/wyres-base/core//cond.o
LOAD /Users/leof/Documents/GitHub/IoT/IoT_I2HM_wyres/Riot_wyres/tests/driver_sx127x/bin/wyres-base/core//msg.o
LOAD /Users/leof/Documents/GitHub/IoT/IoT_I2HM_wyres/Riot_wyres/tests/driver_sx127x/bin/wyres-base/core//mutex.o
LOAD /Users/leof/Documents/GitHub/IoT/IoT_I2HM_wyres/Riot_wyres/tests/driver_sx127x/bin/wyres-base/core//sched.o
LOAD /Users/leof/Documents/GitHub/IoT/IoT_I2HM_wyres/Riot_wyres/tests/driver_sx127x/bin/wyres-base/core//thread.o
LOAD /Users/leof/Documents/GitHub/IoT/IoT_I2HM_wyres/Riot_wyres/tests/driver_sx127x/bin/wyres-base/core_lib//assert.o
LOAD /Users/leof/Documents/GitHub/IoT/IoT_I2HM_wyres/Riot_wyres/tests/driver_sx127x/bin/wyres-base/core_lib//atomic_c11.o
LOAD /Users/leof/Documents/GitHub/IoT/IoT_I2HM_wyres/Riot_wyres/tests/driver_sx127x/bin/wyres-base/core_lib//atomic_sync.o
LOAD /Users/leof/Documents/GitHub/IoT/IoT_I2HM_wyres/Riot_wyres/tests/driver_sx127x/bin/wyres-base/core_lib//bitarithm.o
LOAD /Users/leof/Documents/GitHub/IoT/IoT_I2HM_wyres/Riot_wyres/tests/driver_sx127x/bin/wyres-base/core_lib//clist.o
LOAD /Users/leof/Documents/GitHub/IoT/IoT_I2HM_wyres/Riot_wyres/tests/driver_sx127x/bin/wyres-base/core_lib//init.o
LOAD /Users/leof/Documents/GitHub/IoT/IoT_I2HM_wyres/Riot_wyres/tests/driver_sx127x/bin/wyres-base/core_lib//panic.o
LOAD /Users/leof/Documents/GitHub/IoT/IoT_I2HM_wyres/Riot_wyres/tests/driver_sx127x/bin/wyres-base/core_lib//priority_queue.o
LOAD /Users/leof/Documents/GitHub/IoT/IoT_I2HM_wyres/Riot_wyres/tests/driver_sx127x/bin/wyres-base/core_lib//ringbuffer.o
LOAD /Users/leof/Documents/GitHub/IoT/IoT_I2HM_wyres/Riot_wyres/tests/driver_sx127x/bin/wyres-base/core_lib//rmutex.o
LOAD /Users/leof/Documents/GitHub/IoT/IoT_I2HM_wyres/Riot_wyres/tests/driver_sx127x/bin/wyres-base/cortexm_common//cortexm_init.o
LOAD /Users/leof/Documents/GitHub/IoT/IoT_I2HM_wyres/Riot_wyres/tests/driver_sx127x/bin/wyres-base/cortexm_common//mpu.o
LOAD /Users/leof/Documents/GitHub/IoT/IoT_I2HM_wyres/Riot_wyres/tests/driver_sx127x/bin/wyres-base/cortexm_common//panic.o
LOAD /Users/leof/Documents/GitHub/IoT/IoT_I2HM_wyres/Riot_wyres/tests/driver_sx127x/bin/wyres-base/cortexm_common//thread_arch.o
LOAD /Users/leof/Documents/GitHub/IoT/IoT_I2HM_wyres/Riot_wyres/tests/driver_sx127x/bin/wyres-base/cortexm_common//vectors_cortexm.o
LOAD /Users/leof/Documents/GitHub/IoT/IoT_I2HM_wyres/Riot_wyres/tests/driver_sx127x/bin/wyres-base/cortexm_common_periph//pm.o
LOAD /Users/leof/Documents/GitHub/IoT/IoT_I2HM_wyres/Riot_wyres/tests/driver_sx127x/bin/wyres-base/cpu//cpu_common.o
LOAD /Users/leof/Documents/GitHub/IoT/IoT_I2HM_wyres/Riot_wyres/tests/driver_sx127x/bin/wyres-base/cpu//cpu_init.o
LOAD /Users/leof/Documents/GitHub/IoT/IoT_I2HM_wyres/Riot_wyres/tests/driver_sx127x/bin/wyres-base/div//div.o
LOAD /Users/leof/Documents/GitHub/IoT/IoT_I2HM_wyres/Riot_wyres/tests/driver_sx127x/bin/wyres-base/fmt//fmt.o
LOAD /Users/leof/Documents/GitHub/IoT/IoT_I2HM_wyres/Riot_wyres/tests/driver_sx127x/bin/wyres-base/frac//frac.o
LOAD /Users/leof/Documents/GitHub/IoT/IoT_I2HM_wyres/Riot_wyres/tests/driver_sx127x/bin/wyres-base/iolist//iolist.o
LOAD /Users/leof/Documents/GitHub/IoT/IoT_I2HM_wyres/Riot_wyres/tests/driver_sx127x/bin/wyres-base/isrpipe//isrpipe.o
LOAD /Users/leof/Documents/GitHub/IoT/IoT_I2HM_wyres/Riot_wyres/tests/driver_sx127x/bin/wyres-base/libc//string.o
LOAD /Users/leof/Documents/GitHub/IoT/IoT_I2HM_wyres/Riot_wyres/tests/driver_sx127x/bin/wyres-base/malloc_thread_safe//malloc_wrappers.o
LOAD /Users/leof/Documents/GitHub/IoT/IoT_I2HM_wyres/Riot_wyres/tests/driver_sx127x/bin/wyres-base/newlib_syscalls_default//syscalls.o
LOAD /Users/leof/Documents/GitHub/IoT/IoT_I2HM_wyres/Riot_wyres/tests/driver_sx127x/bin/wyres-base/od//od.o
LOAD /Users/leof/Documents/GitHub/IoT/IoT_I2HM_wyres/Riot_wyres/tests/driver_sx127x/bin/wyres-base/periph//gpio_all.o
LOAD /Users/leof/Documents/GitHub/IoT/IoT_I2HM_wyres/Riot_wyres/tests/driver_sx127x/bin/wyres-base/periph//pm.o
LOAD /Users/leof/Documents/GitHub/IoT/IoT_I2HM_wyres/Riot_wyres/tests/driver_sx127x/bin/wyres-base/periph//spi.o
LOAD /Users/leof/Documents/GitHub/IoT/IoT_I2HM_wyres/Riot_wyres/tests/driver_sx127x/bin/wyres-base/periph//timer.o
LOAD /Users/leof/Documents/GitHub/IoT/IoT_I2HM_wyres/Riot_wyres/tests/driver_sx127x/bin/wyres-base/periph//uart.o
LOAD /Users/leof/Documents/GitHub/IoT/IoT_I2HM_wyres/Riot_wyres/tests/driver_sx127x/bin/wyres-base/periph_common//gpio.o
LOAD /Users/leof/Documents/GitHub/IoT/IoT_I2HM_wyres/Riot_wyres/tests/driver_sx127x/bin/wyres-base/periph_common//init.o
LOAD /Users/leof/Documents/GitHub/IoT/IoT_I2HM_wyres/Riot_wyres/tests/driver_sx127x/bin/wyres-base/periph_common//init_leds.o
LOAD /Users/leof/Documents/GitHub/IoT/IoT_I2HM_wyres/Riot_wyres/tests/driver_sx127x/bin/wyres-base/periph_common//pm.o
LOAD /Users/leof/Documents/GitHub/IoT/IoT_I2HM_wyres/Riot_wyres/tests/driver_sx127x/bin/wyres-base/periph_common//spi.o
LOAD /Users/leof/Documents/GitHub/IoT/IoT_I2HM_wyres/Riot_wyres/tests/driver_sx127x/bin/wyres-base/periph_common//timer.o
LOAD /Users/leof/Documents/GitHub/IoT/IoT_I2HM_wyres/Riot_wyres/tests/driver_sx127x/bin/wyres-base/pm_layered//pm.o
LOAD /Users/leof/Documents/GitHub/IoT/IoT_I2HM_wyres/Riot_wyres/tests/driver_sx127x/bin/wyres-base/ps//ps.o
LOAD /Users/leof/Documents/GitHub/IoT/IoT_I2HM_wyres/Riot_wyres/tests/driver_sx127x/bin/wyres-base/shell//shell.o
LOAD /Users/leof/Documents/GitHub/IoT/IoT_I2HM_wyres/Riot_wyres/tests/driver_sx127x/bin/wyres-base/shell_cmds//pm.o
LOAD /Users/leof/Documents/GitHub/IoT/IoT_I2HM_wyres/Riot_wyres/tests/driver_sx127x/bin/wyres-base/shell_cmds//ps.o
LOAD /Users/leof/Documents/GitHub/IoT/IoT_I2HM_wyres/Riot_wyres/tests/driver_sx127x/bin/wyres-base/shell_cmds//sys.o
LOAD /Users/leof/Documents/GitHub/IoT/IoT_I2HM_wyres/Riot_wyres/tests/driver_sx127x/bin/wyres-base/stdio_uart//stdio_uart.o
LOAD /Users/leof/Documents/GitHub/IoT/IoT_I2HM_wyres/Riot_wyres/tests/driver_sx127x/bin/wyres-base/stm32_clk//stmclk_common.o
LOAD /Users/leof/Documents/GitHub/IoT/IoT_I2HM_wyres/Riot_wyres/tests/driver_sx127x/bin/wyres-base/stm32_clk//stmclk_l0l1.o
LOAD /Users/leof/Documents/GitHub/IoT/IoT_I2HM_wyres/Riot_wyres/tests/driver_sx127x/bin/wyres-base/stm32_vectors//STM32L151xC.o
LOAD /Users/leof/Documents/GitHub/IoT/IoT_I2HM_wyres/Riot_wyres/tests/driver_sx127x/bin/wyres-base/sx127x//sx127x.o
LOAD /Users/leof/Documents/GitHub/IoT/IoT_I2HM_wyres/Riot_wyres/tests/driver_sx127x/bin/wyres-base/sx127x//sx127x_getset.o
LOAD /Users/leof/Documents/GitHub/IoT/IoT_I2HM_wyres/Riot_wyres/tests/driver_sx127x/bin/wyres-base/sx127x//sx127x_internal.o
LOAD /Users/leof/Documents/GitHub/IoT/IoT_I2HM_wyres/Riot_wyres/tests/driver_sx127x/bin/wyres-base/sx127x//sx127x_netdev.o
LOAD /Users/leof/Documents/GitHub/IoT/IoT_I2HM_wyres/Riot_wyres/tests/driver_sx127x/bin/wyres-base/tsrb//tsrb.o
LOAD /Users/leof/Documents/GitHub/IoT/IoT_I2HM_wyres/Riot_wyres/tests/driver_sx127x/bin/wyres-base/ztimer_core//convert.o
LOAD /Users/leof/Documents/GitHub/IoT/IoT_I2HM_wyres/Riot_wyres/tests/driver_sx127x/bin/wyres-base/ztimer_core//convert_frac.o
LOAD /Users/leof/Documents/GitHub/IoT/IoT_I2HM_wyres/Riot_wyres/tests/driver_sx127x/bin/wyres-base/ztimer_core//convert_shift.o
LOAD /Users/leof/Documents/GitHub/IoT/IoT_I2HM_wyres/Riot_wyres/tests/driver_sx127x/bin/wyres-base/ztimer_core//core.o
LOAD /Users/leof/Documents/GitHub/IoT/IoT_I2HM_wyres/Riot_wyres/tests/driver_sx127x/bin/wyres-base/ztimer_core//init.o
LOAD /Users/leof/Documents/GitHub/IoT/IoT_I2HM_wyres/Riot_wyres/tests/driver_sx127x/bin/wyres-base/ztimer_core//periodic.o
LOAD /Users/leof/Documents/GitHub/IoT/IoT_I2HM_wyres/Riot_wyres/tests/driver_sx127x/bin/wyres-base/ztimer_core//periph_timer.o
LOAD /Users/leof/Documents/GitHub/IoT/IoT_I2HM_wyres/Riot_wyres/tests/driver_sx127x/bin/wyres-base/ztimer_core//util.o
LOAD /usr/local/Cellar/gcc-arm-none-eabi-80/20181220/bin/../lib/gcc/arm-none-eabi/8.2.1/../../../../arm-none-eabi/lib/thumb/v7-m/nofp/libm.a
LOAD /usr/local/Cellar/gcc-arm-none-eabi-80/20181220/bin/../lib/gcc/arm-none-eabi/8.2.1/thumb/v7-m/nofp/libgcc.a
                0x0000000008000000                _rom_start_addr = 0x8000000
                0x0000000020000000                _ram_start_addr = 0x20000000
                0x0000000000040000                _rom_length = 0x40000
                0x0000000000008000                _ram_length = 0x8000
LOAD /usr/local/Cellar/gcc-arm-none-eabi-80/20181220/bin/../lib/gcc/arm-none-eabi/8.2.1/../../../../arm-none-eabi/lib/thumb/v7-m/nofp/libc_nano.a
START GROUP
LOAD /usr/local/Cellar/gcc-arm-none-eabi-80/20181220/bin/../lib/gcc/arm-none-eabi/8.2.1/thumb/v7-m/nofp/libgcc.a
LOAD /usr/local/Cellar/gcc-arm-none-eabi-80/20181220/bin/../lib/gcc/arm-none-eabi/8.2.1/../../../../arm-none-eabi/lib/thumb/v7-m/nofp/libc_nano.a
END GROUP
START GROUP
LOAD /usr/local/Cellar/gcc-arm-none-eabi-80/20181220/bin/../lib/gcc/arm-none-eabi/8.2.1/thumb/v7-m/nofp/libgcc.a
LOAD /usr/local/Cellar/gcc-arm-none-eabi-80/20181220/bin/../lib/gcc/arm-none-eabi/8.2.1/../../../../arm-none-eabi/lib/thumb/v7-m/nofp/libc_nano.a
END GROUP
                0x0000000000000000                ccmram_length = DEFINED (_ccmram_len)?_ccmram_len:0x0
                0x0000000000000000                sram4_addr = DEFINED (_sram4_length)?0x28000000:0x0
                0x0000000000000000                sram4_length = DEFINED (_sram4_length)?_sram4_length:0x0
                0x0000000000000000                fmc_ram_addr = DEFINED (_fmc_ram_addr)?_fmc_ram_addr:0x0
                0x0000000000000000                fmc_ram_len = DEFINED (_fmc_ram_len)?_fmc_ram_len:0x0

.heap2          0x0000000000000000        0x0
                0x0000000000000000                _sheap2 = ORIGIN (sram4)
                0x0000000000000000                _eheap2 = (ORIGIN (sram4) + LENGTH (sram4))

.heap4          0x0000000000000000        0x0
                0x0000000000000000                _sheap3 = ORIGIN (fmcram)
                0x0000000000000000                _eheap3 = (ORIGIN (fmcram) + LENGTH (fmcram))
                0x0000000000000000                _rom_offset = DEFINED (_rom_offset)?_rom_offset:0x0
                0x0000000000040000                _fw_rom_length = DEFINED (_fw_rom_length)?_fw_rom_length:(_rom_length - _rom_offset)
                0x0000000000000001                ASSERT ((_fw_rom_length <= (_rom_length - _rom_offset)), Specified firmware size does not fit in ROM)
                0x0000000000000000                _backup_ram_start_addr = DEFINED (_backup_ram_start_addr)?_backup_ram_start_addr:0x0
                0x0000000000000000                _backup_ram_len = DEFINED (_backup_ram_len)?_backup_ram_len:0x0

.text           0x0000000008000000     0x6d74
                0x0000000008000000                . = ALIGN (0x4)
                0x0000000008000000                _sfixed = .
                0x0000000008000000                _isr_vectors = DEFINED (_isr_vectors)?_isr_vectors:.
 *(SORT_BY_NAME(.vectors*))
 .vectors.0     0x0000000008000000       0x40 /Users/leof/Documents/GitHub/IoT/IoT_I2HM_wyres/Riot_wyres/tests/driver_sx127x/bin/wyres-base/cortexm_common//vectors_cortexm.o
                0x0000000008000000                cortex_vector_base
 .vectors.1     0x0000000008000040       0xe4 /Users/leof/Documents/GitHub/IoT/IoT_I2HM_wyres/Riot_wyres/tests/driver_sx127x/bin/wyres-base/stm32_vectors//STM32L151xC.o
                0x0000000008000040                vector_cpu
 *(.text .text.* .gnu.linkonce.t.*)
 .text.reset_cmd
                0x0000000008000124       0x2c /Users/leof/Documents/GitHub/IoT/IoT_I2HM_wyres/Riot_wyres/tests/driver_sx127x/bin/wyres-base/application_test-driver-sx127x//main.o
                0x0000000008000124                reset_cmd
 .text.lora_setup_cmd
                0x0000000008000150       0xdc /Users/leof/Documents/GitHub/IoT/IoT_I2HM_wyres/Riot_wyres/tests/driver_sx127x/bin/wyres-base/application_test-driver-sx127x//main.o
                0x0000000008000150                lora_setup_cmd
 .text.random_cmd
                0x000000000800022c       0x30 /Users/leof/Documents/GitHub/IoT/IoT_I2HM_wyres/Riot_wyres/tests/driver_sx127x/bin/wyres-base/application_test-driver-sx127x//main.o
                0x000000000800022c                random_cmd
 .text.rx_timeout_cmd
                0x000000000800025c       0x70 /Users/leof/Documents/GitHub/IoT/IoT_I2HM_wyres/Riot_wyres/tests/driver_sx127x/bin/wyres-base/application_test-driver-sx127x//main.o
                0x000000000800025c                rx_timeout_cmd
 .text.register_cmd
                0x00000000080002cc      0x1b0 /Users/leof/Documents/GitHub/IoT/IoT_I2HM_wyres/Riot_wyres/tests/driver_sx127x/bin/wyres-base/application_test-driver-sx127x//main.o
                0x00000000080002cc                register_cmd
 .text.send_cmd
                0x000000000800047c       0x64 /Users/leof/Documents/GitHub/IoT/IoT_I2HM_wyres/Riot_wyres/tests/driver_sx127x/bin/wyres-base/application_test-driver-sx127x//main.o
                0x000000000800047c                send_cmd
 .text.listen_cmd
                0x00000000080004e0       0x58 /Users/leof/Documents/GitHub/IoT/IoT_I2HM_wyres/Riot_wyres/tests/driver_sx127x/bin/wyres-base/application_test-driver-sx127x//main.o
                0x00000000080004e0                listen_cmd
 .text._recv_thread
                0x0000000008000538       0x38 /Users/leof/Documents/GitHub/IoT/IoT_I2HM_wyres/Riot_wyres/tests/driver_sx127x/bin/wyres-base/application_test-driver-sx127x//main.o
                0x0000000008000538                _recv_thread
 .text.init_sx1272_cmd
                0x0000000008000570       0xf8 /Users/leof/Documents/GitHub/IoT/IoT_I2HM_wyres/Riot_wyres/tests/driver_sx127x/bin/wyres-base/application_test-driver-sx127x//main.o
                0x0000000008000570                init_sx1272_cmd
 .text.payload_cmd
                0x0000000008000668       0x5c /Users/leof/Documents/GitHub/IoT/IoT_I2HM_wyres/Riot_wyres/tests/driver_sx127x/bin/wyres-base/application_test-driver-sx127x//main.o
                0x0000000008000668                payload_cmd
 .text.channel_cmd
                0x00000000080006c4       0x94 /Users/leof/Documents/GitHub/IoT/IoT_I2HM_wyres/Riot_wyres/tests/driver_sx127x/bin/wyres-base/application_test-driver-sx127x//main.o
                0x00000000080006c4                channel_cmd
 .text.syncword_cmd
                0x0000000008000758       0x9c /Users/leof/Documents/GitHub/IoT/IoT_I2HM_wyres/Riot_wyres/tests/driver_sx127x/bin/wyres-base/application_test-driver-sx127x//main.o
                0x0000000008000758                syncword_cmd
 .text._event_cb
                0x00000000080007f4       0xc0 /Users/leof/Documents/GitHub/IoT/IoT_I2HM_wyres/Riot_wyres/tests/driver_sx127x/bin/wyres-base/application_test-driver-sx127x//main.o
 .text._set_opt.constprop.6
                0x00000000080008b4       0x48 /Users/leof/Documents/GitHub/IoT/IoT_I2HM_wyres/Riot_wyres/tests/driver_sx127x/bin/wyres-base/application_test-driver-sx127x//main.o
 .text.implicit_cmd
                0x00000000080008fc       0x44 /Users/leof/Documents/GitHub/IoT/IoT_I2HM_wyres/Riot_wyres/tests/driver_sx127x/bin/wyres-base/application_test-driver-sx127x//main.o
                0x00000000080008fc                implicit_cmd
 .text.crc_cmd  0x0000000008000940       0x44 /Users/leof/Documents/GitHub/IoT/IoT_I2HM_wyres/Riot_wyres/tests/driver_sx127x/bin/wyres-base/application_test-driver-sx127x//main.o
                0x0000000008000940                crc_cmd
 .text.startup.main
                0x0000000008000984       0x20 /Users/leof/Documents/GitHub/IoT/IoT_I2HM_wyres/Riot_wyres/tests/driver_sx127x/bin/wyres-base/application_test-driver-sx127x//main.o
                0x0000000008000984                main
 .text.auto_init
                0x00000000080009a4       0x24 /Users/leof/Documents/GitHub/IoT/IoT_I2HM_wyres/Riot_wyres/tests/driver_sx127x/bin/wyres-base/auto_init//auto_init.o
                0x00000000080009a4                auto_init
 .text.board_init
                0x00000000080009c8       0x38 /Users/leof/Documents/GitHub/IoT/IoT_I2HM_wyres/Riot_wyres/tests/driver_sx127x/bin/wyres-base/board//board.o
                0x00000000080009c8                board_init
 .text._msg_receive
                0x0000000008000a00       0xd8 /Users/leof/Documents/GitHub/IoT/IoT_I2HM_wyres/Riot_wyres/tests/driver_sx127x/bin/wyres-base/core//msg.o
 .text.queue_msg
                0x0000000008000ad8       0x2a /Users/leof/Documents/GitHub/IoT/IoT_I2HM_wyres/Riot_wyres/tests/driver_sx127x/bin/wyres-base/core//msg.o
 *fill*         0x0000000008000b02        0x2 
 .text._msg_send_oneway
                0x0000000008000b04       0x44 /Users/leof/Documents/GitHub/IoT/IoT_I2HM_wyres/Riot_wyres/tests/driver_sx127x/bin/wyres-base/core//msg.o
 .text._msg_send
                0x0000000008000b48       0xa4 /Users/leof/Documents/GitHub/IoT/IoT_I2HM_wyres/Riot_wyres/tests/driver_sx127x/bin/wyres-base/core//msg.o
 .text.msg_send_to_self
                0x0000000008000bec       0x28 /Users/leof/Documents/GitHub/IoT/IoT_I2HM_wyres/Riot_wyres/tests/driver_sx127x/bin/wyres-base/core//msg.o
                0x0000000008000bec                msg_send_to_self
 .text.msg_send_int
                0x0000000008000c14        0x8 /Users/leof/Documents/GitHub/IoT/IoT_I2HM_wyres/Riot_wyres/tests/driver_sx127x/bin/wyres-base/core//msg.o
                0x0000000008000c14                msg_send_int
 .text.msg_send
                0x0000000008000c1c       0x2c /Users/leof/Documents/GitHub/IoT/IoT_I2HM_wyres/Riot_wyres/tests/driver_sx127x/bin/wyres-base/core//msg.o
                0x0000000008000c1c                msg_send
 .text.msg_receive
                0x0000000008000c48        0x6 /Users/leof/Documents/GitHub/IoT/IoT_I2HM_wyres/Riot_wyres/tests/driver_sx127x/bin/wyres-base/core//msg.o
                0x0000000008000c48                msg_receive
 *fill*         0x0000000008000c4e        0x2 
 .text.msg_init_queue
                0x0000000008000c50       0x18 /Users/leof/Documents/GitHub/IoT/IoT_I2HM_wyres/Riot_wyres/tests/driver_sx127x/bin/wyres-base/core//msg.o
                0x0000000008000c50                msg_init_queue
 .text.mutex_lock_internal
                0x0000000008000c68       0x68 /Users/leof/Documents/GitHub/IoT/IoT_I2HM_wyres/Riot_wyres/tests/driver_sx127x/bin/wyres-base/core//mutex.o
                0x0000000008000c68                mutex_lock_internal
 .text.mutex_unlock
                0x0000000008000cd0       0x44 /Users/leof/Documents/GitHub/IoT/IoT_I2HM_wyres/Riot_wyres/tests/driver_sx127x/bin/wyres-base/core//mutex.o
                0x0000000008000cd0                mutex_unlock
 .text.sched_run
                0x0000000008000d14       0x74 /Users/leof/Documents/GitHub/IoT/IoT_I2HM_wyres/Riot_wyres/tests/driver_sx127x/bin/wyres-base/core//sched.o
                0x0000000008000d14                sched_run
 .text.sched_set_status
                0x0000000008000d88       0x80 /Users/leof/Documents/GitHub/IoT/IoT_I2HM_wyres/Riot_wyres/tests/driver_sx127x/bin/wyres-base/core//sched.o
                0x0000000008000d88                sched_set_status
 .text.sched_switch
                0x0000000008000e08       0x3c /Users/leof/Documents/GitHub/IoT/IoT_I2HM_wyres/Riot_wyres/tests/driver_sx127x/bin/wyres-base/core//sched.o
                0x0000000008000e08                sched_switch
 .text.sched_task_exit
                0x0000000008000e44       0x40 /Users/leof/Documents/GitHub/IoT/IoT_I2HM_wyres/Riot_wyres/tests/driver_sx127x/bin/wyres-base/core//sched.o
                0x0000000008000e44                sched_task_exit
 .text.thread_add_to_list
                0x0000000008000e84       0x1e /Users/leof/Documents/GitHub/IoT/IoT_I2HM_wyres/Riot_wyres/tests/driver_sx127x/bin/wyres-base/core//thread.o
                0x0000000008000e84                thread_add_to_list
 *fill*         0x0000000008000ea2        0x2 
 .text.thread_create
                0x0000000008000ea4       0xbc /Users/leof/Documents/GitHub/IoT/IoT_I2HM_wyres/Riot_wyres/tests/driver_sx127x/bin/wyres-base/core//thread.o
                0x0000000008000ea4                thread_create
 .text.thread_state_to_string
                0x0000000008000f60       0x18 /Users/leof/Documents/GitHub/IoT/IoT_I2HM_wyres/Riot_wyres/tests/driver_sx127x/bin/wyres-base/core//thread.o
                0x0000000008000f60                thread_state_to_string
 .text.main_trampoline
                0x0000000008000f78       0x18 /Users/leof/Documents/GitHub/IoT/IoT_I2HM_wyres/Riot_wyres/tests/driver_sx127x/bin/wyres-base/core_lib//init.o
 .text.kernel_init
                0x0000000008000f90       0x34 /Users/leof/Documents/GitHub/IoT/IoT_I2HM_wyres/Riot_wyres/tests/driver_sx127x/bin/wyres-base/core_lib//init.o
                0x0000000008000f90                kernel_init
 .text.early_init
                0x0000000008000fc4        0xe /Users/leof/Documents/GitHub/IoT/IoT_I2HM_wyres/Riot_wyres/tests/driver_sx127x/bin/wyres-base/core_lib//init.o
                0x0000000008000fc4                early_init
 .text.panic_app
                0x0000000008000fd2        0x2 /Users/leof/Documents/GitHub/IoT/IoT_I2HM_wyres/Riot_wyres/tests/driver_sx127x/bin/wyres-base/core_lib//panic.o
                0x0000000008000fd2                panic_app
 .text.core_panic
                0x0000000008000fd4       0x3c /Users/leof/Documents/GitHub/IoT/IoT_I2HM_wyres/Riot_wyres/tests/driver_sx127x/bin/wyres-base/core_lib//panic.o
                0x0000000008000fd4                core_panic
 .text.cortexm_init
                0x0000000008001010       0x40 /Users/leof/Documents/GitHub/IoT/IoT_I2HM_wyres/Riot_wyres/tests/driver_sx127x/bin/wyres-base/cortexm_common//cortexm_init.o
                0x0000000008001010                cortexm_init
 .text.panic_arch
                0x0000000008001050        0x2 /Users/leof/Documents/GitHub/IoT/IoT_I2HM_wyres/Riot_wyres/tests/driver_sx127x/bin/wyres-base/cortexm_common//panic.o
                0x0000000008001050                panic_arch
 *fill*         0x0000000008001052        0x2 
 .text.thread_stack_init
                0x0000000008001054       0x64 /Users/leof/Documents/GitHub/IoT/IoT_I2HM_wyres/Riot_wyres/tests/driver_sx127x/bin/wyres-base/cortexm_common//thread_arch.o
                0x0000000008001054                thread_stack_init
 .text.cpu_switch_context_exit
                0x00000000080010b8       0x18 /Users/leof/Documents/GitHub/IoT/IoT_I2HM_wyres/Riot_wyres/tests/driver_sx127x/bin/wyres-base/cortexm_common//thread_arch.o
                0x00000000080010b8                cpu_switch_context_exit
 .text.isr_pendsv
                0x00000000080010d0       0x38 /Users/leof/Documents/GitHub/IoT/IoT_I2HM_wyres/Riot_wyres/tests/driver_sx127x/bin/wyres-base/cortexm_common//thread_arch.o
                0x00000000080010d0                isr_pendsv
 .text.isr_svc  0x0000000008001108       0x10 /Users/leof/Documents/GitHub/IoT/IoT_I2HM_wyres/Riot_wyres/tests/driver_sx127x/bin/wyres-base/cortexm_common//thread_arch.o
                0x0000000008001108                isr_svc
 .text.sched_arch_idle
                0x0000000008001118       0x10 /Users/leof/Documents/GitHub/IoT/IoT_I2HM_wyres/Riot_wyres/tests/driver_sx127x/bin/wyres-base/cortexm_common//thread_arch.o
                0x0000000008001118                sched_arch_idle
 .text.nmi_handler
                0x0000000008001128       0x10 /Users/leof/Documents/GitHub/IoT/IoT_I2HM_wyres/Riot_wyres/tests/driver_sx127x/bin/wyres-base/cortexm_common//vectors_cortexm.o
                0x0000000008001128                nmi_handler
 .text.hard_fault_default
                0x0000000008001138       0x10 /Users/leof/Documents/GitHub/IoT/IoT_I2HM_wyres/Riot_wyres/tests/driver_sx127x/bin/wyres-base/cortexm_common//vectors_cortexm.o
                0x0000000008001138                hard_fault_default
 .text.mem_manage_default
                0x0000000008001148       0x10 /Users/leof/Documents/GitHub/IoT/IoT_I2HM_wyres/Riot_wyres/tests/driver_sx127x/bin/wyres-base/cortexm_common//vectors_cortexm.o
                0x0000000008001148                mem_manage_default
 .text.bus_fault_default
                0x0000000008001158       0x10 /Users/leof/Documents/GitHub/IoT/IoT_I2HM_wyres/Riot_wyres/tests/driver_sx127x/bin/wyres-base/cortexm_common//vectors_cortexm.o
                0x0000000008001158                bus_fault_default
 .text.usage_fault_default
                0x0000000008001168       0x10 /Users/leof/Documents/GitHub/IoT/IoT_I2HM_wyres/Riot_wyres/tests/driver_sx127x/bin/wyres-base/cortexm_common//vectors_cortexm.o
                0x0000000008001168                usage_fault_default
 .text.debug_mon_default
                0x0000000008001178       0x10 /Users/leof/Documents/GitHub/IoT/IoT_I2HM_wyres/Riot_wyres/tests/driver_sx127x/bin/wyres-base/cortexm_common//vectors_cortexm.o
                0x0000000008001178                debug_mon_default
 .text.dummy_handler_default
                0x0000000008001188       0x10 /Users/leof/Documents/GitHub/IoT/IoT_I2HM_wyres/Riot_wyres/tests/driver_sx127x/bin/wyres-base/cortexm_common//vectors_cortexm.o
                0x0000000008001188                dummy_handler_default
                0x0000000008001188                isr_systick
 .text.pre_startup
                0x0000000008001198        0x2 /Users/leof/Documents/GitHub/IoT/IoT_I2HM_wyres/Riot_wyres/tests/driver_sx127x/bin/wyres-base/cortexm_common//vectors_cortexm.o
                0x0000000008001198                pre_startup
 .text.post_startup
                0x000000000800119a        0x2 /Users/leof/Documents/GitHub/IoT/IoT_I2HM_wyres/Riot_wyres/tests/driver_sx127x/bin/wyres-base/cortexm_common//vectors_cortexm.o
                0x000000000800119a                post_startup
 .text.reset_handler_default
                0x000000000800119c       0x58 /Users/leof/Documents/GitHub/IoT/IoT_I2HM_wyres/Riot_wyres/tests/driver_sx127x/bin/wyres-base/cortexm_common//vectors_cortexm.o
                0x000000000800119c                reset_handler_default
 .text.pm_reboot
                0x00000000080011f4       0x24 /Users/leof/Documents/GitHub/IoT/IoT_I2HM_wyres/Riot_wyres/tests/driver_sx127x/bin/wyres-base/cortexm_common_periph//pm.o
                0x00000000080011f4                pm_reboot
 .text.periph_apb_clk
                0x0000000008001218        0x8 /Users/leof/Documents/GitHub/IoT/IoT_I2HM_wyres/Riot_wyres/tests/driver_sx127x/bin/wyres-base/cpu//cpu_common.o
                0x0000000008001218                periph_apb_clk
 .text.periph_timer_clk
                0x0000000008001220       0x14 /Users/leof/Documents/GitHub/IoT/IoT_I2HM_wyres/Riot_wyres/tests/driver_sx127x/bin/wyres-base/cpu//cpu_common.o
                0x0000000008001220                periph_timer_clk
 .text.periph_clk_en
                0x0000000008001234       0x34 /Users/leof/Documents/GitHub/IoT/IoT_I2HM_wyres/Riot_wyres/tests/driver_sx127x/bin/wyres-base/cpu//cpu_common.o
                0x0000000008001234                periph_clk_en
 .text.periph_clk_dis
                0x0000000008001268       0x34 /Users/leof/Documents/GitHub/IoT/IoT_I2HM_wyres/Riot_wyres/tests/driver_sx127x/bin/wyres-base/cpu//cpu_common.o
                0x0000000008001268                periph_clk_dis
 .text.cpu_init
                0x000000000800129c       0x68 /Users/leof/Documents/GitHub/IoT/IoT_I2HM_wyres/Riot_wyres/tests/driver_sx127x/bin/wyres-base/cpu//cpu_init.o
                0x000000000800129c                cpu_init
 .text.fmt_hex_byte
                0x0000000008001304       0x46 /Users/leof/Documents/GitHub/IoT/IoT_I2HM_wyres/Riot_wyres/tests/driver_sx127x/bin/wyres-base/fmt//fmt.o
                0x0000000008001304                fmt_hex_byte
 .text.gcd32    0x000000000800134a       0x40 /Users/leof/Documents/GitHub/IoT/IoT_I2HM_wyres/Riot_wyres/tests/driver_sx127x/bin/wyres-base/frac//frac.o
                0x000000000800134a                gcd32
 .text.frac_init
                0x000000000800138a       0xa0 /Users/leof/Documents/GitHub/IoT/IoT_I2HM_wyres/Riot_wyres/tests/driver_sx127x/bin/wyres-base/frac//frac.o
                0x000000000800138a                frac_init
 .text.iolist_size
                0x000000000800142a       0x10 /Users/leof/Documents/GitHub/IoT/IoT_I2HM_wyres/Riot_wyres/tests/driver_sx127x/bin/wyres-base/iolist//iolist.o
                0x000000000800142a                iolist_size
 .text.isrpipe_write_one
                0x000000000800143a       0x16 /Users/leof/Documents/GitHub/IoT/IoT_I2HM_wyres/Riot_wyres/tests/driver_sx127x/bin/wyres-base/isrpipe//isrpipe.o
                0x000000000800143a                isrpipe_write_one
 .text.isrpipe_read
                0x0000000008001450       0x24 /Users/leof/Documents/GitHub/IoT/IoT_I2HM_wyres/Riot_wyres/tests/driver_sx127x/bin/wyres-base/isrpipe//isrpipe.o
                0x0000000008001450                isrpipe_read
 .text._init    0x0000000008001474        0x2 /Users/leof/Documents/GitHub/IoT/IoT_I2HM_wyres/Riot_wyres/tests/driver_sx127x/bin/wyres-base/newlib_syscalls_default//syscalls.o
                0x0000000008001474                _init
 .text._fini    0x0000000008001476        0x2 /Users/leof/Documents/GitHub/IoT/IoT_I2HM_wyres/Riot_wyres/tests/driver_sx127x/bin/wyres-base/newlib_syscalls_default//syscalls.o
                0x0000000008001476                _fini
 .text._sbrk_r  0x0000000008001478       0x40 /Users/leof/Documents/GitHub/IoT/IoT_I2HM_wyres/Riot_wyres/tests/driver_sx127x/bin/wyres-base/newlib_syscalls_default//syscalls.o
                0x0000000008001478                _sbrk_r
 .text._read_r  0x00000000080014b8        0x8 /Users/leof/Documents/GitHub/IoT/IoT_I2HM_wyres/Riot_wyres/tests/driver_sx127x/bin/wyres-base/newlib_syscalls_default//syscalls.o
                0x00000000080014b8                _read_r
 .text._write_r
                0x00000000080014c0        0x8 /Users/leof/Documents/GitHub/IoT/IoT_I2HM_wyres/Riot_wyres/tests/driver_sx127x/bin/wyres-base/newlib_syscalls_default//syscalls.o
                0x00000000080014c0                _write_r
 .text._close_r
                0x00000000080014c8        0xa /Users/leof/Documents/GitHub/IoT/IoT_I2HM_wyres/Riot_wyres/tests/driver_sx127x/bin/wyres-base/newlib_syscalls_default//syscalls.o
                0x00000000080014c8                _close_r
 .text._lseek_r
                0x00000000080014d2        0xa /Users/leof/Documents/GitHub/IoT/IoT_I2HM_wyres/Riot_wyres/tests/driver_sx127x/bin/wyres-base/newlib_syscalls_default//syscalls.o
                0x00000000080014d2                _lseek_r
 .text._fstat_r
                0x00000000080014dc        0xa /Users/leof/Documents/GitHub/IoT/IoT_I2HM_wyres/Riot_wyres/tests/driver_sx127x/bin/wyres-base/newlib_syscalls_default//syscalls.o
                0x00000000080014dc                _fstat_r
 .text._isatty_r
                0x00000000080014e6        0xe /Users/leof/Documents/GitHub/IoT/IoT_I2HM_wyres/Riot_wyres/tests/driver_sx127x/bin/wyres-base/newlib_syscalls_default//syscalls.o
                0x00000000080014e6                _isatty_r
 .text.gpio_init
                0x00000000080014f4       0x6e /Users/leof/Documents/GitHub/IoT/IoT_I2HM_wyres/Riot_wyres/tests/driver_sx127x/bin/wyres-base/periph//gpio_all.o
                0x00000000080014f4                gpio_init
 .text.gpio_init_af
                0x0000000008001562       0x58 /Users/leof/Documents/GitHub/IoT/IoT_I2HM_wyres/Riot_wyres/tests/driver_sx127x/bin/wyres-base/periph//gpio_all.o
                0x0000000008001562                gpio_init_af
 .text.gpio_read
                0x00000000080015ba       0x14 /Users/leof/Documents/GitHub/IoT/IoT_I2HM_wyres/Riot_wyres/tests/driver_sx127x/bin/wyres-base/periph//gpio_all.o
                0x00000000080015ba                gpio_read
 .text.gpio_set
                0x00000000080015ce       0x12 /Users/leof/Documents/GitHub/IoT/IoT_I2HM_wyres/Riot_wyres/tests/driver_sx127x/bin/wyres-base/periph//gpio_all.o
                0x00000000080015ce                gpio_set
 .text.gpio_clear
                0x00000000080015e0       0x14 /Users/leof/Documents/GitHub/IoT/IoT_I2HM_wyres/Riot_wyres/tests/driver_sx127x/bin/wyres-base/periph//gpio_all.o
                0x00000000080015e0                gpio_clear
 .text.gpio_write
                0x00000000080015f4        0xa /Users/leof/Documents/GitHub/IoT/IoT_I2HM_wyres/Riot_wyres/tests/driver_sx127x/bin/wyres-base/periph//gpio_all.o
                0x00000000080015f4                gpio_write
 *fill*         0x00000000080015fe        0x2 
 .text.gpio_init_int
                0x0000000008001600       0xc0 /Users/leof/Documents/GitHub/IoT/IoT_I2HM_wyres/Riot_wyres/tests/driver_sx127x/bin/wyres-base/periph//gpio_all.o
                0x0000000008001600                gpio_init_int
 .text.isr_exti
                0x00000000080016c0       0x58 /Users/leof/Documents/GitHub/IoT/IoT_I2HM_wyres/Riot_wyres/tests/driver_sx127x/bin/wyres-base/periph//gpio_all.o
                0x00000000080016c0                isr_exti
 .text.pm_set   0x0000000008001718       0x7c /Users/leof/Documents/GitHub/IoT/IoT_I2HM_wyres/Riot_wyres/tests/driver_sx127x/bin/wyres-base/periph//pm.o
                0x0000000008001718                pm_set
 .text.spi_init_pins
                0x0000000008001794       0x58 /Users/leof/Documents/GitHub/IoT/IoT_I2HM_wyres/Riot_wyres/tests/driver_sx127x/bin/wyres-base/periph//spi.o
                0x0000000008001794                spi_init_pins
 .text.spi_init
                0x00000000080017ec       0x48 /Users/leof/Documents/GitHub/IoT/IoT_I2HM_wyres/Riot_wyres/tests/driver_sx127x/bin/wyres-base/periph//spi.o
                0x00000000080017ec                spi_init
 .text.spi_init_cs
                0x0000000008001834       0x54 /Users/leof/Documents/GitHub/IoT/IoT_I2HM_wyres/Riot_wyres/tests/driver_sx127x/bin/wyres-base/periph//spi.o
                0x0000000008001834                spi_init_cs
 .text.spi_init_with_gpio_mode
                0x0000000008001888       0x78 /Users/leof/Documents/GitHub/IoT/IoT_I2HM_wyres/Riot_wyres/tests/driver_sx127x/bin/wyres-base/periph//spi.o
                0x0000000008001888                spi_init_with_gpio_mode
 .text.spi_acquire
                0x0000000008001900       0x98 /Users/leof/Documents/GitHub/IoT/IoT_I2HM_wyres/Riot_wyres/tests/driver_sx127x/bin/wyres-base/periph//spi.o
                0x0000000008001900                spi_acquire
 .text.spi_release
                0x0000000008001998       0x38 /Users/leof/Documents/GitHub/IoT/IoT_I2HM_wyres/Riot_wyres/tests/driver_sx127x/bin/wyres-base/periph//spi.o
                0x0000000008001998                spi_release
 .text.spi_transfer_bytes
                0x00000000080019d0       0xd8 /Users/leof/Documents/GitHub/IoT/IoT_I2HM_wyres/Riot_wyres/tests/driver_sx127x/bin/wyres-base/periph//spi.o
                0x00000000080019d0                spi_transfer_bytes
 .text.timer_set
                0x0000000008001aa8       0x64 /Users/leof/Documents/GitHub/IoT/IoT_I2HM_wyres/Riot_wyres/tests/driver_sx127x/bin/wyres-base/periph//timer.o
                0x0000000008001aa8                timer_set
 .text.timer_clear
                0x0000000008001b0c       0x3c /Users/leof/Documents/GitHub/IoT/IoT_I2HM_wyres/Riot_wyres/tests/driver_sx127x/bin/wyres-base/periph//timer.o
                0x0000000008001b0c                timer_clear
 .text.timer_read
                0x0000000008001b48       0x10 /Users/leof/Documents/GitHub/IoT/IoT_I2HM_wyres/Riot_wyres/tests/driver_sx127x/bin/wyres-base/periph//timer.o
                0x0000000008001b48                timer_read
 .text.timer_start
                0x0000000008001b58       0x20 /Users/leof/Documents/GitHub/IoT/IoT_I2HM_wyres/Riot_wyres/tests/driver_sx127x/bin/wyres-base/periph//timer.o
                0x0000000008001b58                timer_start
 .text.timer_init
                0x0000000008001b78       0x58 /Users/leof/Documents/GitHub/IoT/IoT_I2HM_wyres/Riot_wyres/tests/driver_sx127x/bin/wyres-base/periph//timer.o
                0x0000000008001b78                timer_init
 .text.isr_tim3
                0x0000000008001bd0       0x74 /Users/leof/Documents/GitHub/IoT/IoT_I2HM_wyres/Riot_wyres/tests/driver_sx127x/bin/wyres-base/periph//timer.o
                0x0000000008001bd0                isr_tim3
 .text.uart_enable_clock
                0x0000000008001c44       0x30 /Users/leof/Documents/GitHub/IoT/IoT_I2HM_wyres/Riot_wyres/tests/driver_sx127x/bin/wyres-base/periph//uart.o
 .text.uart_init
                0x0000000008001c74       0x7c /Users/leof/Documents/GitHub/IoT/IoT_I2HM_wyres/Riot_wyres/tests/driver_sx127x/bin/wyres-base/periph//uart.o
                0x0000000008001c74                uart_init
 .text.uart_write
                0x0000000008001cf0       0x2c /Users/leof/Documents/GitHub/IoT/IoT_I2HM_wyres/Riot_wyres/tests/driver_sx127x/bin/wyres-base/periph//uart.o
                0x0000000008001cf0                uart_write
 .text.isr_usart1
                0x0000000008001d1c       0x44 /Users/leof/Documents/GitHub/IoT/IoT_I2HM_wyres/Riot_wyres/tests/driver_sx127x/bin/wyres-base/periph//uart.o
                0x0000000008001d1c                isr_usart1
 .text.periph_init
                0x0000000008001d60        0x6 /Users/leof/Documents/GitHub/IoT/IoT_I2HM_wyres/Riot_wyres/tests/driver_sx127x/bin/wyres-base/periph_common//init.o
                0x0000000008001d60                periph_init
 .text.led_init
                0x0000000008001d66        0x2 /Users/leof/Documents/GitHub/IoT/IoT_I2HM_wyres/Riot_wyres/tests/driver_sx127x/bin/wyres-base/periph_common//init_leds.o
                0x0000000008001d66                led_init
 .text.spi_transfer_regs
                0x0000000008001d68       0x36 /Users/leof/Documents/GitHub/IoT/IoT_I2HM_wyres/Riot_wyres/tests/driver_sx127x/bin/wyres-base/periph_common//spi.o
                0x0000000008001d68                spi_transfer_regs
 *fill*         0x0000000008001d9e        0x2 
 .text.pm_set_lowest
                0x0000000008001da0       0x2c /Users/leof/Documents/GitHub/IoT/IoT_I2HM_wyres/Riot_wyres/tests/driver_sx127x/bin/wyres-base/pm_layered//pm.o
                0x0000000008001da0                pm_set_lowest
 .text.pm_block
                0x0000000008001dcc       0x18 /Users/leof/Documents/GitHub/IoT/IoT_I2HM_wyres/Riot_wyres/tests/driver_sx127x/bin/wyres-base/pm_layered//pm.o
                0x0000000008001dcc                pm_block
 .text.pm_unblock
                0x0000000008001de4       0x18 /Users/leof/Documents/GitHub/IoT/IoT_I2HM_wyres/Riot_wyres/tests/driver_sx127x/bin/wyres-base/pm_layered//pm.o
                0x0000000008001de4                pm_unblock
 .text.pm_get_blocker
                0x0000000008001dfc       0x1c /Users/leof/Documents/GitHub/IoT/IoT_I2HM_wyres/Riot_wyres/tests/driver_sx127x/bin/wyres-base/pm_layered//pm.o
                0x0000000008001dfc                pm_get_blocker
 .text.pm_off   0x0000000008001e18       0x10 /Users/leof/Documents/GitHub/IoT/IoT_I2HM_wyres/Riot_wyres/tests/driver_sx127x/bin/wyres-base/pm_layered//pm.o
                0x0000000008001e18                pm_off
 .text.ps       0x0000000008001e28       0x60 /Users/leof/Documents/GitHub/IoT/IoT_I2HM_wyres/Riot_wyres/tests/driver_sx127x/bin/wyres-base/ps//ps.o
                0x0000000008001e28                ps
 .text.print_prompt
                0x0000000008001e88       0x20 /Users/leof/Documents/GitHub/IoT/IoT_I2HM_wyres/Riot_wyres/tests/driver_sx127x/bin/wyres-base/shell//shell.o
 .text.readline.part.0
                0x0000000008001ea8       0xac /Users/leof/Documents/GitHub/IoT/IoT_I2HM_wyres/Riot_wyres/tests/driver_sx127x/bin/wyres-base/shell//shell.o
 .text.shell_run_once
                0x0000000008001f54      0x1f4 /Users/leof/Documents/GitHub/IoT/IoT_I2HM_wyres/Riot_wyres/tests/driver_sx127x/bin/wyres-base/shell//shell.o
                0x0000000008001f54                shell_run_once
 .text._print_usage
                0x0000000008002148       0x44 /Users/leof/Documents/GitHub/IoT/IoT_I2HM_wyres/Riot_wyres/tests/driver_sx127x/bin/wyres-base/shell_cmds//pm.o
 .text.parse_mode
                0x000000000800218c       0x20 /Users/leof/Documents/GitHub/IoT/IoT_I2HM_wyres/Riot_wyres/tests/driver_sx127x/bin/wyres-base/shell_cmds//pm.o
 .text._pm_handler
                0x00000000080021ac      0x18c /Users/leof/Documents/GitHub/IoT/IoT_I2HM_wyres/Riot_wyres/tests/driver_sx127x/bin/wyres-base/shell_cmds//pm.o
 .text._ps_handler
                0x0000000008002338        0xa /Users/leof/Documents/GitHub/IoT/IoT_I2HM_wyres/Riot_wyres/tests/driver_sx127x/bin/wyres-base/shell_cmds//ps.o
 .text._reboot_handler
                0x0000000008002342        0xa /Users/leof/Documents/GitHub/IoT/IoT_I2HM_wyres/Riot_wyres/tests/driver_sx127x/bin/wyres-base/shell_cmds//sys.o
 .text._version_handler
                0x000000000800234c       0x10 /Users/leof/Documents/GitHub/IoT/IoT_I2HM_wyres/Riot_wyres/tests/driver_sx127x/bin/wyres-base/shell_cmds//sys.o
 .text._isrpipe_write_one_wrapper
                0x000000000800235c        0x4 /Users/leof/Documents/GitHub/IoT/IoT_I2HM_wyres/Riot_wyres/tests/driver_sx127x/bin/wyres-base/stdio_uart//stdio_uart.o
 .text.stdio_init
                0x0000000008002360       0x18 /Users/leof/Documents/GitHub/IoT/IoT_I2HM_wyres/Riot_wyres/tests/driver_sx127x/bin/wyres-base/stdio_uart//stdio_uart.o
                0x0000000008002360                stdio_init
 .text.stdio_read
                0x0000000008002378       0x10 /Users/leof/Documents/GitHub/IoT/IoT_I2HM_wyres/Riot_wyres/tests/driver_sx127x/bin/wyres-base/stdio_uart//stdio_uart.o
                0x0000000008002378                stdio_read
 .text.stdio_write
                0x0000000008002388       0x12 /Users/leof/Documents/GitHub/IoT/IoT_I2HM_wyres/Riot_wyres/tests/driver_sx127x/bin/wyres-base/stdio_uart//stdio_uart.o
                0x0000000008002388                stdio_write
 *fill*         0x000000000800239a        0x2 
 .text.stmclk_enable_hsi
                0x000000000800239c       0x18 /Users/leof/Documents/GitHub/IoT/IoT_I2HM_wyres/Riot_wyres/tests/driver_sx127x/bin/wyres-base/stm32_clk//stmclk_common.o
                0x000000000800239c                stmclk_enable_hsi
 .text.stmclk_disable_hsi
                0x00000000080023b4       0x10 /Users/leof/Documents/GitHub/IoT/IoT_I2HM_wyres/Riot_wyres/tests/driver_sx127x/bin/wyres-base/stm32_clk//stmclk_common.o
                0x00000000080023b4                stmclk_disable_hsi
 .text.stmclk_init_sysclk
                0x00000000080023c4       0xac /Users/leof/Documents/GitHub/IoT/IoT_I2HM_wyres/Riot_wyres/tests/driver_sx127x/bin/wyres-base/stm32_clk//stmclk_l0l1.o
                0x00000000080023c4                stmclk_init_sysclk
 .text.dummy_handler
                0x0000000008002470        0x4 /Users/leof/Documents/GitHub/IoT/IoT_I2HM_wyres/Riot_wyres/tests/driver_sx127x/bin/wyres-base/stm32_vectors//STM32L151xC.o
                0x0000000008002470                isr_wwdg
                0x0000000008002470                isr_rtc_wkup
                0x0000000008002470                isr_comp_acq
                0x0000000008002470                isr_tim10
                0x0000000008002470                isr_dac
                0x0000000008002470                isr_dma1_channel4
                0x0000000008002470                isr_tim7
                0x0000000008002470                isr_tim5
                0x0000000008002470                isr_i2c1_ev
                0x0000000008002470                isr_usart2
                0x0000000008002470                isr_dma1_channel5
                0x0000000008002470                isr_tim4
                0x0000000008002470                isr_dma1_channel2
                0x0000000008002470                isr_dma1_channel7
                0x0000000008002470                isr_tim2
                0x0000000008002470                isr_dma2_channel4
                0x0000000008002470                isr_spi2
                0x0000000008002470                isr_dma1_channel1
                0x0000000008002470                dummy_handler
                0x0000000008002470                isr_usb_hp
                0x0000000008002470                isr_tim9
                0x0000000008002470                isr_comp
                0x0000000008002470                isr_spi1
                0x0000000008002470                isr_tim6
                0x0000000008002470                isr_usb_lp
                0x0000000008002470                isr_rcc
                0x0000000008002470                isr_flash
                0x0000000008002470                isr_dma2_channel5
                0x0000000008002470                isr_dma2_channel1
                0x0000000008002470                isr_adc1
                0x0000000008002470                isr_i2c2_er
                0x0000000008002470                isr_usb_fs_wkup
                0x0000000008002470                isr_dma1_channel6
                0x0000000008002470                isr_tim11
                0x0000000008002470                isr_spi3
                0x0000000008002470                isr_usart3
                0x0000000008002470                isr_i2c2_ev
                0x0000000008002470                isr_dma2_channel2
                0x0000000008002470                isr_dma2_channel3
                0x0000000008002470                isr_rtc_alarm
                0x0000000008002470                isr_dma1_channel3
                0x0000000008002470                isr_tamper_stamp
                0x0000000008002470                isr_i2c1_er
                0x0000000008002470                isr_pvd
 .text.netdev_trigger_event_isr
                0x0000000008002474        0xa /Users/leof/Documents/GitHub/IoT/IoT_I2HM_wyres/Riot_wyres/tests/driver_sx127x/bin/wyres-base/sx127x//sx127x.o
 .text.sx127x_on_dio2_isr
                0x000000000800247e       0x10 /Users/leof/Documents/GitHub/IoT/IoT_I2HM_wyres/Riot_wyres/tests/driver_sx127x/bin/wyres-base/sx127x//sx127x.o
 .text._on_tx_timeout
                0x000000000800248e        0x6 /Users/leof/Documents/GitHub/IoT/IoT_I2HM_wyres/Riot_wyres/tests/driver_sx127x/bin/wyres-base/sx127x//sx127x.o
 .text._on_rx_timeout
                0x0000000008002494        0x6 /Users/leof/Documents/GitHub/IoT/IoT_I2HM_wyres/Riot_wyres/tests/driver_sx127x/bin/wyres-base/sx127x//sx127x.o
 .text.sx127x_on_dio3_isr
                0x000000000800249a       0x10 /Users/leof/Documents/GitHub/IoT/IoT_I2HM_wyres/Riot_wyres/tests/driver_sx127x/bin/wyres-base/sx127x//sx127x.o
 .text.sx127x_on_dio0_isr
                0x00000000080024aa       0x10 /Users/leof/Documents/GitHub/IoT/IoT_I2HM_wyres/Riot_wyres/tests/driver_sx127x/bin/wyres-base/sx127x//sx127x.o
 .text.sx127x_on_dio1_isr
                0x00000000080024ba       0x10 /Users/leof/Documents/GitHub/IoT/IoT_I2HM_wyres/Riot_wyres/tests/driver_sx127x/bin/wyres-base/sx127x//sx127x.o
 *fill*         0x00000000080024ca        0x2 
 .text.sx127x_reset
                0x00000000080024cc       0x40 /Users/leof/Documents/GitHub/IoT/IoT_I2HM_wyres/Riot_wyres/tests/driver_sx127x/bin/wyres-base/sx127x//sx127x.o
                0x00000000080024cc                sx127x_reset
 .text.sx127x_init
                0x000000000800250c      0x100 /Users/leof/Documents/GitHub/IoT/IoT_I2HM_wyres/Riot_wyres/tests/driver_sx127x/bin/wyres-base/sx127x//sx127x.o
                0x000000000800250c                sx127x_init
 .text.sx127x_init_radio_settings
                0x000000000800260c       0x8c /Users/leof/Documents/GitHub/IoT/IoT_I2HM_wyres/Riot_wyres/tests/driver_sx127x/bin/wyres-base/sx127x//sx127x.o
                0x000000000800260c                sx127x_init_radio_settings
 .text.sx127x_random
                0x0000000008002698       0x58 /Users/leof/Documents/GitHub/IoT/IoT_I2HM_wyres/Riot_wyres/tests/driver_sx127x/bin/wyres-base/sx127x//sx127x.o
                0x0000000008002698                sx127x_random
 .text._low_datarate_optimize
                0x00000000080026f0       0x48 /Users/leof/Documents/GitHub/IoT/IoT_I2HM_wyres/Riot_wyres/tests/driver_sx127x/bin/wyres-base/sx127x//sx127x_getset.o
 .text.sx127x_get_state
                0x0000000008002738        0x4 /Users/leof/Documents/GitHub/IoT/IoT_I2HM_wyres/Riot_wyres/tests/driver_sx127x/bin/wyres-base/sx127x//sx127x_getset.o
                0x0000000008002738                sx127x_get_state
 .text.sx127x_set_state
                0x000000000800273c        0x4 /Users/leof/Documents/GitHub/IoT/IoT_I2HM_wyres/Riot_wyres/tests/driver_sx127x/bin/wyres-base/sx127x//sx127x_getset.o
                0x000000000800273c                sx127x_set_state
 .text.sx127x_get_syncword
                0x0000000008002740        0x6 /Users/leof/Documents/GitHub/IoT/IoT_I2HM_wyres/Riot_wyres/tests/driver_sx127x/bin/wyres-base/sx127x//sx127x_getset.o
                0x0000000008002740                sx127x_get_syncword
 .text.sx127x_set_syncword
                0x0000000008002746        0x8 /Users/leof/Documents/GitHub/IoT/IoT_I2HM_wyres/Riot_wyres/tests/driver_sx127x/bin/wyres-base/sx127x//sx127x_getset.o
                0x0000000008002746                sx127x_set_syncword
 *fill*         0x000000000800274e        0x2 
 .text.sx127x_get_channel
                0x0000000008002750       0x4c /Users/leof/Documents/GitHub/IoT/IoT_I2HM_wyres/Riot_wyres/tests/driver_sx127x/bin/wyres-base/sx127x//sx127x_getset.o
                0x0000000008002750                sx127x_get_channel
 *fill*         0x000000000800279c        0x4 
 .text.sx127x_set_channel
                0x00000000080027a0       0x4c /Users/leof/Documents/GitHub/IoT/IoT_I2HM_wyres/Riot_wyres/tests/driver_sx127x/bin/wyres-base/sx127x//sx127x_getset.o
                0x00000000080027a0                sx127x_set_channel
 *fill*         0x00000000080027ec        0x4 
 .text.sx127x_get_time_on_air
                0x00000000080027f0      0x13c /Users/leof/Documents/GitHub/IoT/IoT_I2HM_wyres/Riot_wyres/tests/driver_sx127x/bin/wyres-base/sx127x//sx127x_getset.o
                0x00000000080027f0                sx127x_get_time_on_air
 .text.sx127x_get_max_payload_len
                0x000000000800292c       0x16 /Users/leof/Documents/GitHub/IoT/IoT_I2HM_wyres/Riot_wyres/tests/driver_sx127x/bin/wyres-base/sx127x//sx127x_getset.o
                0x000000000800292c                sx127x_get_max_payload_len
 .text.sx127x_set_max_payload_len
                0x0000000008002942       0x16 /Users/leof/Documents/GitHub/IoT/IoT_I2HM_wyres/Riot_wyres/tests/driver_sx127x/bin/wyres-base/sx127x//sx127x_getset.o
                0x0000000008002942                sx127x_set_max_payload_len
 .text.sx127x_get_op_mode
                0x0000000008002958        0xe /Users/leof/Documents/GitHub/IoT/IoT_I2HM_wyres/Riot_wyres/tests/driver_sx127x/bin/wyres-base/sx127x//sx127x_getset.o
                0x0000000008002958                sx127x_get_op_mode
 .text.sx127x_set_op_mode
                0x0000000008002966       0x1e /Users/leof/Documents/GitHub/IoT/IoT_I2HM_wyres/Riot_wyres/tests/driver_sx127x/bin/wyres-base/sx127x//sx127x_getset.o
                0x0000000008002966                sx127x_set_op_mode
 .text.sx127x_set_modem
                0x0000000008002984       0x54 /Users/leof/Documents/GitHub/IoT/IoT_I2HM_wyres/Riot_wyres/tests/driver_sx127x/bin/wyres-base/sx127x//sx127x_getset.o
                0x0000000008002984                sx127x_set_modem
 .text.sx127x_set_sleep
                0x00000000080029d8       0x30 /Users/leof/Documents/GitHub/IoT/IoT_I2HM_wyres/Riot_wyres/tests/driver_sx127x/bin/wyres-base/sx127x//sx127x_getset.o
                0x00000000080029d8                sx127x_set_sleep
 .text.sx127x_set_standby
                0x0000000008002a08       0x30 /Users/leof/Documents/GitHub/IoT/IoT_I2HM_wyres/Riot_wyres/tests/driver_sx127x/bin/wyres-base/sx127x//sx127x_getset.o
                0x0000000008002a08                sx127x_set_standby
 .text.sx127x_set_rx
                0x0000000008002a38       0xc0 /Users/leof/Documents/GitHub/IoT/IoT_I2HM_wyres/Riot_wyres/tests/driver_sx127x/bin/wyres-base/sx127x//sx127x_getset.o
                0x0000000008002a38                sx127x_set_rx
 .text.sx127x_set_tx
                0x0000000008002af8       0x6c /Users/leof/Documents/GitHub/IoT/IoT_I2HM_wyres/Riot_wyres/tests/driver_sx127x/bin/wyres-base/sx127x//sx127x_getset.o
                0x0000000008002af8                sx127x_set_tx
 .text.sx127x_get_bandwidth
                0x0000000008002b64        0x4 /Users/leof/Documents/GitHub/IoT/IoT_I2HM_wyres/Riot_wyres/tests/driver_sx127x/bin/wyres-base/sx127x//sx127x_getset.o
                0x0000000008002b64                sx127x_get_bandwidth
 .text.sx127x_set_bandwidth
                0x0000000008002b68       0x6c /Users/leof/Documents/GitHub/IoT/IoT_I2HM_wyres/Riot_wyres/tests/driver_sx127x/bin/wyres-base/sx127x//sx127x_getset.o
                0x0000000008002b68                sx127x_set_bandwidth
 .text.sx127x_get_spreading_factor
                0x0000000008002bd4        0x4 /Users/leof/Documents/GitHub/IoT/IoT_I2HM_wyres/Riot_wyres/tests/driver_sx127x/bin/wyres-base/sx127x//sx127x_getset.o
                0x0000000008002bd4                sx127x_get_spreading_factor
 .text.sx127x_set_spreading_factor
                0x0000000008002bd8       0x60 /Users/leof/Documents/GitHub/IoT/IoT_I2HM_wyres/Riot_wyres/tests/driver_sx127x/bin/wyres-base/sx127x//sx127x_getset.o
                0x0000000008002bd8                sx127x_set_spreading_factor
 .text.sx127x_get_coding_rate
                0x0000000008002c38        0x4 /Users/leof/Documents/GitHub/IoT/IoT_I2HM_wyres/Riot_wyres/tests/driver_sx127x/bin/wyres-base/sx127x//sx127x_getset.o
                0x0000000008002c38                sx127x_get_coding_rate
 .text.sx127x_set_coding_rate
                0x0000000008002c3c       0x24 /Users/leof/Documents/GitHub/IoT/IoT_I2HM_wyres/Riot_wyres/tests/driver_sx127x/bin/wyres-base/sx127x//sx127x_getset.o
                0x0000000008002c3c                sx127x_set_coding_rate
 .text.sx127x_get_rx_single
                0x0000000008002c60        0xc /Users/leof/Documents/GitHub/IoT/IoT_I2HM_wyres/Riot_wyres/tests/driver_sx127x/bin/wyres-base/sx127x//sx127x_getset.o
                0x0000000008002c60                sx127x_get_rx_single
 .text.sx127x_set_rx_single
                0x0000000008002c6c       0x12 /Users/leof/Documents/GitHub/IoT/IoT_I2HM_wyres/Riot_wyres/tests/driver_sx127x/bin/wyres-base/sx127x//sx127x_getset.o
                0x0000000008002c6c                sx127x_set_rx_single
 .text.sx127x_get_crc
                0x0000000008002c7e       0x14 /Users/leof/Documents/GitHub/IoT/IoT_I2HM_wyres/Riot_wyres/tests/driver_sx127x/bin/wyres-base/sx127x//sx127x_getset.o
                0x0000000008002c7e                sx127x_get_crc
 .text.sx127x_set_crc
                0x0000000008002c92       0x34 /Users/leof/Documents/GitHub/IoT/IoT_I2HM_wyres/Riot_wyres/tests/driver_sx127x/bin/wyres-base/sx127x//sx127x_getset.o
                0x0000000008002c92                sx127x_set_crc
 .text.sx127x_get_hop_period
                0x0000000008002cc6        0x6 /Users/leof/Documents/GitHub/IoT/IoT_I2HM_wyres/Riot_wyres/tests/driver_sx127x/bin/wyres-base/sx127x//sx127x_getset.o
                0x0000000008002cc6                sx127x_get_hop_period
 .text.sx127x_set_hop_period
                0x0000000008002ccc       0x32 /Users/leof/Documents/GitHub/IoT/IoT_I2HM_wyres/Riot_wyres/tests/driver_sx127x/bin/wyres-base/sx127x//sx127x_getset.o
                0x0000000008002ccc                sx127x_set_hop_period
 .text.sx127x_get_fixed_header_len_mode
                0x0000000008002cfe        0x8 /Users/leof/Documents/GitHub/IoT/IoT_I2HM_wyres/Riot_wyres/tests/driver_sx127x/bin/wyres-base/sx127x//sx127x_getset.o
                0x0000000008002cfe                sx127x_get_fixed_header_len_mode
 .text.sx127x_set_fixed_header_len_mode
                0x0000000008002d06       0x34 /Users/leof/Documents/GitHub/IoT/IoT_I2HM_wyres/Riot_wyres/tests/driver_sx127x/bin/wyres-base/sx127x//sx127x_getset.o
                0x0000000008002d06                sx127x_set_fixed_header_len_mode
 .text.sx127x_set_payload_length
                0x0000000008002d3a        0x8 /Users/leof/Documents/GitHub/IoT/IoT_I2HM_wyres/Riot_wyres/tests/driver_sx127x/bin/wyres-base/sx127x//sx127x_getset.o
                0x0000000008002d3a                sx127x_set_payload_length
 .text.sx127x_get_tx_power
                0x0000000008002d42        0x4 /Users/leof/Documents/GitHub/IoT/IoT_I2HM_wyres/Riot_wyres/tests/driver_sx127x/bin/wyres-base/sx127x//sx127x_getset.o
                0x0000000008002d42                sx127x_get_tx_power
 .text.sx127x_set_tx_power
                0x0000000008002d46       0x8c /Users/leof/Documents/GitHub/IoT/IoT_I2HM_wyres/Riot_wyres/tests/driver_sx127x/bin/wyres-base/sx127x//sx127x_getset.o
                0x0000000008002d46                sx127x_set_tx_power
 .text.sx127x_set_preamble_length
                0x0000000008002dd2       0x1e /Users/leof/Documents/GitHub/IoT/IoT_I2HM_wyres/Riot_wyres/tests/driver_sx127x/bin/wyres-base/sx127x//sx127x_getset.o
                0x0000000008002dd2                sx127x_set_preamble_length
 .text.sx127x_set_rx_timeout
                0x0000000008002df0        0x4 /Users/leof/Documents/GitHub/IoT/IoT_I2HM_wyres/Riot_wyres/tests/driver_sx127x/bin/wyres-base/sx127x//sx127x_getset.o
                0x0000000008002df0                sx127x_set_rx_timeout
 .text.sx127x_set_tx_timeout
                0x0000000008002df4        0x4 /Users/leof/Documents/GitHub/IoT/IoT_I2HM_wyres/Riot_wyres/tests/driver_sx127x/bin/wyres-base/sx127x//sx127x_getset.o
                0x0000000008002df4                sx127x_set_tx_timeout
 .text.sx127x_set_symbol_timeout
                0x0000000008002df8       0x2c /Users/leof/Documents/GitHub/IoT/IoT_I2HM_wyres/Riot_wyres/tests/driver_sx127x/bin/wyres-base/sx127x//sx127x_getset.o
                0x0000000008002df8                sx127x_set_symbol_timeout
 .text.sx127x_get_iq_invert
                0x0000000008002e24        0x8 /Users/leof/Documents/GitHub/IoT/IoT_I2HM_wyres/Riot_wyres/tests/driver_sx127x/bin/wyres-base/sx127x//sx127x_getset.o
                0x0000000008002e24                sx127x_get_iq_invert
 .text.sx127x_set_iq_invert
                0x0000000008002e2c       0x44 /Users/leof/Documents/GitHub/IoT/IoT_I2HM_wyres/Riot_wyres/tests/driver_sx127x/bin/wyres-base/sx127x//sx127x_getset.o
                0x0000000008002e2c                sx127x_set_iq_invert
 .text.sx127x_set_freq_hop
                0x0000000008002e70       0x12 /Users/leof/Documents/GitHub/IoT/IoT_I2HM_wyres/Riot_wyres/tests/driver_sx127x/bin/wyres-base/sx127x//sx127x_getset.o
                0x0000000008002e70                sx127x_set_freq_hop
 *fill*         0x0000000008002e82        0x2 
 .text.sx127x_reg_write_burst
                0x0000000008002e84       0x4c /Users/leof/Documents/GitHub/IoT/IoT_I2HM_wyres/Riot_wyres/tests/driver_sx127x/bin/wyres-base/sx127x//sx127x_internal.o
                0x0000000008002e84                sx127x_reg_write_burst
 .text.sx127x_reg_write
                0x0000000008002ed0       0x16 /Users/leof/Documents/GitHub/IoT/IoT_I2HM_wyres/Riot_wyres/tests/driver_sx127x/bin/wyres-base/sx127x//sx127x_internal.o
                0x0000000008002ed0                sx127x_reg_write
 *fill*         0x0000000008002ee6        0x2 
 .text.sx127x_reg_read_burst
                0x0000000008002ee8       0x48 /Users/leof/Documents/GitHub/IoT/IoT_I2HM_wyres/Riot_wyres/tests/driver_sx127x/bin/wyres-base/sx127x//sx127x_internal.o
                0x0000000008002ee8                sx127x_reg_read_burst
 .text.sx127x_reg_read
                0x0000000008002f30       0x16 /Users/leof/Documents/GitHub/IoT/IoT_I2HM_wyres/Riot_wyres/tests/driver_sx127x/bin/wyres-base/sx127x//sx127x_internal.o
                0x0000000008002f30                sx127x_reg_read
 .text.sx127x_check_version
                0x0000000008002f46       0x12 /Users/leof/Documents/GitHub/IoT/IoT_I2HM_wyres/Riot_wyres/tests/driver_sx127x/bin/wyres-base/sx127x//sx127x_internal.o
                0x0000000008002f46                sx127x_check_version
 .text.sx127x_write_fifo
                0x0000000008002f58        0xa /Users/leof/Documents/GitHub/IoT/IoT_I2HM_wyres/Riot_wyres/tests/driver_sx127x/bin/wyres-base/sx127x//sx127x_internal.o
                0x0000000008002f58                sx127x_write_fifo
 .text.sx127x_read_fifo
                0x0000000008002f62        0xa /Users/leof/Documents/GitHub/IoT/IoT_I2HM_wyres/Riot_wyres/tests/driver_sx127x/bin/wyres-base/sx127x//sx127x_internal.o
                0x0000000008002f62                sx127x_read_fifo
 .text.sx127x_read_rssi
                0x0000000008002f6c       0x2a /Users/leof/Documents/GitHub/IoT/IoT_I2HM_wyres/Riot_wyres/tests/driver_sx127x/bin/wyres-base/sx127x//sx127x_internal.o
                0x0000000008002f6c                sx127x_read_rssi
 .text._set     0x0000000008002f96      0x196 /Users/leof/Documents/GitHub/IoT/IoT_I2HM_wyres/Riot_wyres/tests/driver_sx127x/bin/wyres-base/sx127x//sx127x_netdev.o
 .text._get     0x000000000800312c       0xfc /Users/leof/Documents/GitHub/IoT/IoT_I2HM_wyres/Riot_wyres/tests/driver_sx127x/bin/wyres-base/sx127x//sx127x_netdev.o
 .text._init    0x0000000008003228       0x40 /Users/leof/Documents/GitHub/IoT/IoT_I2HM_wyres/Riot_wyres/tests/driver_sx127x/bin/wyres-base/sx127x//sx127x_netdev.o
 .text._recv    0x0000000008003268      0x108 /Users/leof/Documents/GitHub/IoT/IoT_I2HM_wyres/Riot_wyres/tests/driver_sx127x/bin/wyres-base/sx127x//sx127x_netdev.o
 .text._send    0x0000000008003370       0x88 /Users/leof/Documents/GitHub/IoT/IoT_I2HM_wyres/Riot_wyres/tests/driver_sx127x/bin/wyres-base/sx127x//sx127x_netdev.o
 .text._on_dio0_irq
                0x00000000080033f8       0x4c /Users/leof/Documents/GitHub/IoT/IoT_I2HM_wyres/Riot_wyres/tests/driver_sx127x/bin/wyres-base/sx127x//sx127x_netdev.o
                0x00000000080033f8                _on_dio0_irq
 .text._on_dio1_irq
                0x0000000008003444       0x54 /Users/leof/Documents/GitHub/IoT/IoT_I2HM_wyres/Riot_wyres/tests/driver_sx127x/bin/wyres-base/sx127x//sx127x_netdev.o
                0x0000000008003444                _on_dio1_irq
 .text._on_dio2_irq
                0x0000000008003498       0x58 /Users/leof/Documents/GitHub/IoT/IoT_I2HM_wyres/Riot_wyres/tests/driver_sx127x/bin/wyres-base/sx127x//sx127x_netdev.o
                0x0000000008003498                _on_dio2_irq
 .text._on_dio3_irq
                0x00000000080034f0       0x6c /Users/leof/Documents/GitHub/IoT/IoT_I2HM_wyres/Riot_wyres/tests/driver_sx127x/bin/wyres-base/sx127x//sx127x_netdev.o
                0x00000000080034f0                _on_dio3_irq
 .text._isr     0x000000000800355c       0x3e /Users/leof/Documents/GitHub/IoT/IoT_I2HM_wyres/Riot_wyres/tests/driver_sx127x/bin/wyres-base/sx127x//sx127x_netdev.o
 .text._pop     0x000000000800359a       0x12 /Users/leof/Documents/GitHub/IoT/IoT_I2HM_wyres/Riot_wyres/tests/driver_sx127x/bin/wyres-base/tsrb//tsrb.o
 .text.tsrb_get
                0x00000000080035ac       0x3e /Users/leof/Documents/GitHub/IoT/IoT_I2HM_wyres/Riot_wyres/tests/driver_sx127x/bin/wyres-base/tsrb//tsrb.o
                0x00000000080035ac                tsrb_get
 .text.tsrb_add_one
                0x00000000080035ea       0x3c /Users/leof/Documents/GitHub/IoT/IoT_I2HM_wyres/Riot_wyres/tests/driver_sx127x/bin/wyres-base/tsrb//tsrb.o
                0x00000000080035ea                tsrb_add_one
 .text.ztimer_convert_cancel
                0x0000000008003626        0xa /Users/leof/Documents/GitHub/IoT/IoT_I2HM_wyres/Riot_wyres/tests/driver_sx127x/bin/wyres-base/ztimer_core//convert.o
                0x0000000008003626                ztimer_convert_cancel
 .text.ztimer_convert_frac_op_now
                0x0000000008003630       0x3e /Users/leof/Documents/GitHub/IoT/IoT_I2HM_wyres/Riot_wyres/tests/driver_sx127x/bin/wyres-base/ztimer_core//convert_frac.o
 .text.ztimer_convert_frac_op_set
                0x000000000800366e       0x34 /Users/leof/Documents/GitHub/IoT/IoT_I2HM_wyres/Riot_wyres/tests/driver_sx127x/bin/wyres-base/ztimer_core//convert_frac.o
 *fill*         0x00000000080036a2        0x2 
 .text.ztimer_convert_frac_init
                0x00000000080036a4       0x8c /Users/leof/Documents/GitHub/IoT/IoT_I2HM_wyres/Riot_wyres/tests/driver_sx127x/bin/wyres-base/ztimer_core//convert_frac.o
                0x00000000080036a4                ztimer_convert_frac_init
 .text._now_next
                0x0000000008003730       0x2a /Users/leof/Documents/GitHub/IoT/IoT_I2HM_wyres/Riot_wyres/tests/driver_sx127x/bin/wyres-base/ztimer_core//core.o
 .text._ztimer_update
                0x000000000800375a       0x28 /Users/leof/Documents/GitHub/IoT/IoT_I2HM_wyres/Riot_wyres/tests/driver_sx127x/bin/wyres-base/ztimer_core//core.o
 .text._del_entry_from_list
                0x0000000008003782       0x48 /Users/leof/Documents/GitHub/IoT/IoT_I2HM_wyres/Riot_wyres/tests/driver_sx127x/bin/wyres-base/ztimer_core//core.o
 .text._ztimer_now_extend
                0x00000000080037ca       0x32 /Users/leof/Documents/GitHub/IoT/IoT_I2HM_wyres/Riot_wyres/tests/driver_sx127x/bin/wyres-base/ztimer_core//core.o
                0x00000000080037ca                _ztimer_now_extend
 .text.ztimer_now
                0x00000000080037fc       0x10 /Users/leof/Documents/GitHub/IoT/IoT_I2HM_wyres/Riot_wyres/tests/driver_sx127x/bin/wyres-base/ztimer_core//core.o
 .text._ztimer_update_head_offset
                0x000000000800380c       0x32 /Users/leof/Documents/GitHub/IoT/IoT_I2HM_wyres/Riot_wyres/tests/driver_sx127x/bin/wyres-base/ztimer_core//core.o
 .text.ztimer_remove
                0x000000000800383e       0x38 /Users/leof/Documents/GitHub/IoT/IoT_I2HM_wyres/Riot_wyres/tests/driver_sx127x/bin/wyres-base/ztimer_core//core.o
                0x000000000800383e                ztimer_remove
 .text.ztimer_set
                0x0000000008003876       0xaa /Users/leof/Documents/GitHub/IoT/IoT_I2HM_wyres/Riot_wyres/tests/driver_sx127x/bin/wyres-base/ztimer_core//core.o
                0x0000000008003876                ztimer_set
 .text.ztimer_handler
                0x0000000008003920       0x94 /Users/leof/Documents/GitHub/IoT/IoT_I2HM_wyres/Riot_wyres/tests/driver_sx127x/bin/wyres-base/ztimer_core//core.o
                0x0000000008003920                ztimer_handler
 .text.ztimer_init
                0x00000000080039b4       0x38 /Users/leof/Documents/GitHub/IoT/IoT_I2HM_wyres/Riot_wyres/tests/driver_sx127x/bin/wyres-base/ztimer_core//init.o
                0x00000000080039b4                ztimer_init
 .text._ztimer_periph_timer_callback
                0x00000000080039ec        0x4 /Users/leof/Documents/GitHub/IoT/IoT_I2HM_wyres/Riot_wyres/tests/driver_sx127x/bin/wyres-base/ztimer_core//periph_timer.o
 .text._ztimer_periph_timer_cancel
                0x00000000080039f0        0x8 /Users/leof/Documents/GitHub/IoT/IoT_I2HM_wyres/Riot_wyres/tests/driver_sx127x/bin/wyres-base/ztimer_core//periph_timer.o
 .text._ztimer_periph_timer_now
                0x00000000080039f8        0x6 /Users/leof/Documents/GitHub/IoT/IoT_I2HM_wyres/Riot_wyres/tests/driver_sx127x/bin/wyres-base/ztimer_core//periph_timer.o
 .text._ztimer_periph_timer_set
                0x00000000080039fe       0x1e /Users/leof/Documents/GitHub/IoT/IoT_I2HM_wyres/Riot_wyres/tests/driver_sx127x/bin/wyres-base/ztimer_core//periph_timer.o
 .text.ztimer_periph_timer_init
                0x0000000008003a1c       0x38 /Users/leof/Documents/GitHub/IoT/IoT_I2HM_wyres/Riot_wyres/tests/driver_sx127x/bin/wyres-base/ztimer_core//periph_timer.o
                0x0000000008003a1c                ztimer_periph_timer_init
 .text._callback_unlock_mutex
                0x0000000008003a54        0x4 /Users/leof/Documents/GitHub/IoT/IoT_I2HM_wyres/Riot_wyres/tests/driver_sx127x/bin/wyres-base/ztimer_core//util.o
 .text.ztimer_sleep
                0x0000000008003a58       0x38 /Users/leof/Documents/GitHub/IoT/IoT_I2HM_wyres/Riot_wyres/tests/driver_sx127x/bin/wyres-base/ztimer_core//util.o
                0x0000000008003a58                ztimer_sleep
 .text.ceil     0x0000000008003a90      0x108 /usr/local/Cellar/gcc-arm-none-eabi-80/20181220/bin/../lib/gcc/arm-none-eabi/8.2.1/../../../../arm-none-eabi/lib/thumb/v7-m/nofp/libm.a(lib_a-s_ceil.o)
                0x0000000008003a90                ceil
 .text.floor    0x0000000008003b98      0x108 /usr/local/Cellar/gcc-arm-none-eabi-80/20181220/bin/../lib/gcc/arm-none-eabi/8.2.1/../../../../arm-none-eabi/lib/thumb/v7-m/nofp/libm.a(lib_a-s_floor.o)
                0x0000000008003b98                floor
 .text          0x0000000008003ca0      0x378 /usr/local/Cellar/gcc-arm-none-eabi-80/20181220/bin/../lib/gcc/arm-none-eabi/8.2.1/thumb/v7-m/nofp/libgcc.a(_arm_addsubdf3.o)
                0x0000000008003ca0                __aeabi_drsub
                0x0000000008003ca8                __subdf3
                0x0000000008003ca8                __aeabi_dsub
                0x0000000008003cac                __aeabi_dadd
                0x0000000008003cac                __adddf3
                0x0000000008003f24                __aeabi_ui2d
                0x0000000008003f24                __floatunsidf
                0x0000000008003f44                __floatsidf
                0x0000000008003f44                __aeabi_i2d
                0x0000000008003f68                __extendsfdf2
                0x0000000008003f68                __aeabi_f2d
                0x0000000008003fac                __aeabi_ul2d
                0x0000000008003fac                __floatundidf
                0x0000000008003fbc                __aeabi_l2d
                0x0000000008003fbc                __floatdidf
 .text          0x0000000008004018      0x424 /usr/local/Cellar/gcc-arm-none-eabi-80/20181220/bin/../lib/gcc/arm-none-eabi/8.2.1/thumb/v7-m/nofp/libgcc.a(_arm_muldivdf3.o)
                0x0000000008004018                __aeabi_dmul
                0x0000000008004018                __muldf3
                0x000000000800426c                __aeabi_ddiv
                0x000000000800426c                __divdf3
 .text          0x000000000800443c      0x110 /usr/local/Cellar/gcc-arm-none-eabi-80/20181220/bin/../lib/gcc/arm-none-eabi/8.2.1/thumb/v7-m/nofp/libgcc.a(_arm_cmpdf2.o)
                0x000000000800443c                __gedf2
                0x000000000800443c                __gtdf2
                0x0000000008004444                __ledf2
                0x0000000008004444                __ltdf2
                0x000000000800444c                __cmpdf2
                0x000000000800444c                __eqdf2
                0x000000000800444c                __nedf2
                0x00000000080044c8                __aeabi_cdrcmple
                0x00000000080044d8                __aeabi_cdcmple
                0x00000000080044d8                __aeabi_cdcmpeq
                0x00000000080044e8                __aeabi_dcmpeq
                0x00000000080044fc                __aeabi_dcmplt
                0x0000000008004510                __aeabi_dcmple
                0x0000000008004524                __aeabi_dcmpge
                0x0000000008004538                __aeabi_dcmpgt
 .text          0x000000000800454c       0x40 /usr/local/Cellar/gcc-arm-none-eabi-80/20181220/bin/../lib/gcc/arm-none-eabi/8.2.1/thumb/v7-m/nofp/libgcc.a(_arm_fixunsdfsi.o)
                0x000000000800454c                __fixunsdfsi
                0x000000000800454c                __aeabi_d2uiz
 .text          0x000000000800458c       0x30 /usr/local/Cellar/gcc-arm-none-eabi-80/20181220/bin/../lib/gcc/arm-none-eabi/8.2.1/thumb/v7-m/nofp/libgcc.a(_aeabi_uldivmod.o)
                0x000000000800458c                __aeabi_uldivmod
 .text          0x00000000080045bc      0x2d0 /usr/local/Cellar/gcc-arm-none-eabi-80/20181220/bin/../lib/gcc/arm-none-eabi/8.2.1/thumb/v7-m/nofp/libgcc.a(_udivmoddi4.o)
                0x00000000080045bc                __udivmoddi4
 .text          0x000000000800488c        0x4 /usr/local/Cellar/gcc-arm-none-eabi-80/20181220/bin/../lib/gcc/arm-none-eabi/8.2.1/thumb/v7-m/nofp/libgcc.a(_dvmd_tls.o)
                0x000000000800488c                __aeabi_ldiv0
                0x000000000800488c                __aeabi_idiv0
 .text.atoi     0x0000000008004890        0x8 /usr/local/Cellar/gcc-arm-none-eabi-80/20181220/bin/../lib/gcc/arm-none-eabi/8.2.1/../../../../arm-none-eabi/lib/thumb/v7-m/nofp/libc_nano.a(lib_a-atoi.o)
                0x0000000008004890                atoi
 .text.__sflush_r
                0x0000000008004898      0x10c /usr/local/Cellar/gcc-arm-none-eabi-80/20181220/bin/../lib/gcc/arm-none-eabi/8.2.1/../../../../arm-none-eabi/lib/thumb/v7-m/nofp/libc_nano.a(lib_a-fflush.o)
                0x0000000008004898                __sflush_r
 .text._fflush_r
                0x00000000080049a4       0x78 /usr/local/Cellar/gcc-arm-none-eabi-80/20181220/bin/../lib/gcc/arm-none-eabi/8.2.1/../../../../arm-none-eabi/lib/thumb/v7-m/nofp/libc_nano.a(lib_a-fflush.o)
                0x00000000080049a4                _fflush_r
 .text.fflush   0x0000000008004a1c       0x24 /usr/local/Cellar/gcc-arm-none-eabi-80/20181220/bin/../lib/gcc/arm-none-eabi/8.2.1/../../../../arm-none-eabi/lib/thumb/v7-m/nofp/libc_nano.a(lib_a-fflush.o)
                0x0000000008004a1c                fflush
 .text.std      0x0000000008004a40       0x48 /usr/local/Cellar/gcc-arm-none-eabi-80/20181220/bin/../lib/gcc/arm-none-eabi/8.2.1/../../../../arm-none-eabi/lib/thumb/v7-m/nofp/libc_nano.a(lib_a-findfp.o)
 .text._cleanup_r
                0x0000000008004a88        0xc /usr/local/Cellar/gcc-arm-none-eabi-80/20181220/bin/../lib/gcc/arm-none-eabi/8.2.1/../../../../arm-none-eabi/lib/thumb/v7-m/nofp/libc_nano.a(lib_a-findfp.o)
                0x0000000008004a88                _cleanup_r
 .text.__sfmoreglue
                0x0000000008004a94       0x2c /usr/local/Cellar/gcc-arm-none-eabi-80/20181220/bin/../lib/gcc/arm-none-eabi/8.2.1/../../../../arm-none-eabi/lib/thumb/v7-m/nofp/libc_nano.a(lib_a-findfp.o)
                0x0000000008004a94                __sfmoreglue
 .text.__sfp_lock_acquire
                0x0000000008004ac0        0xc /usr/local/Cellar/gcc-arm-none-eabi-80/20181220/bin/../lib/gcc/arm-none-eabi/8.2.1/../../../../arm-none-eabi/lib/thumb/v7-m/nofp/libc_nano.a(lib_a-findfp.o)
                0x0000000008004ac0                __sfp_lock_acquire
 .text.__sfp_lock_release
                0x0000000008004acc        0xc /usr/local/Cellar/gcc-arm-none-eabi-80/20181220/bin/../lib/gcc/arm-none-eabi/8.2.1/../../../../arm-none-eabi/lib/thumb/v7-m/nofp/libc_nano.a(lib_a-findfp.o)
                0x0000000008004acc                __sfp_lock_release
 .text.__sinit_lock_acquire
                0x0000000008004ad8        0xc /usr/local/Cellar/gcc-arm-none-eabi-80/20181220/bin/../lib/gcc/arm-none-eabi/8.2.1/../../../../arm-none-eabi/lib/thumb/v7-m/nofp/libc_nano.a(lib_a-findfp.o)
                0x0000000008004ad8                __sinit_lock_acquire
 .text.__sinit_lock_release
                0x0000000008004ae4        0xc /usr/local/Cellar/gcc-arm-none-eabi-80/20181220/bin/../lib/gcc/arm-none-eabi/8.2.1/../../../../arm-none-eabi/lib/thumb/v7-m/nofp/libc_nano.a(lib_a-findfp.o)
                0x0000000008004ae4                __sinit_lock_release
 .text.__sinit  0x0000000008004af0       0x70 /usr/local/Cellar/gcc-arm-none-eabi-80/20181220/bin/../lib/gcc/arm-none-eabi/8.2.1/../../../../arm-none-eabi/lib/thumb/v7-m/nofp/libc_nano.a(lib_a-findfp.o)
                0x0000000008004af0                __sinit
 .text.__sfp    0x0000000008004b60       0x8c /usr/local/Cellar/gcc-arm-none-eabi-80/20181220/bin/../lib/gcc/arm-none-eabi/8.2.1/../../../../arm-none-eabi/lib/thumb/v7-m/nofp/libc_nano.a(lib_a-findfp.o)
                0x0000000008004b60                __sfp
 .text._fwalk   0x0000000008004bec       0x38 /usr/local/Cellar/gcc-arm-none-eabi-80/20181220/bin/../lib/gcc/arm-none-eabi/8.2.1/../../../../arm-none-eabi/lib/thumb/v7-m/nofp/libc_nano.a(lib_a-fwalk.o)
                0x0000000008004bec                _fwalk
 .text._fwalk_reent
                0x0000000008004c24       0x3c /usr/local/Cellar/gcc-arm-none-eabi-80/20181220/bin/../lib/gcc/arm-none-eabi/8.2.1/../../../../arm-none-eabi/lib/thumb/v7-m/nofp/libc_nano.a(lib_a-fwalk.o)
                0x0000000008004c24                _fwalk_reent
 .text.getchar  0x0000000008004c60       0x24 /usr/local/Cellar/gcc-arm-none-eabi-80/20181220/bin/../lib/gcc/arm-none-eabi/8.2.1/../../../../arm-none-eabi/lib/thumb/v7-m/nofp/libc_nano.a(lib_a-getchar.o)
                0x0000000008004c60                getchar
 .text.__libc_init_array
                0x0000000008004c84       0x48 /usr/local/Cellar/gcc-arm-none-eabi-80/20181220/bin/../lib/gcc/arm-none-eabi/8.2.1/../../../../arm-none-eabi/lib/thumb/v7-m/nofp/libc_nano.a(lib_a-init.o)
                0x0000000008004c84                __libc_init_array
 .text.__retarget_lock_init_recursive
                0x0000000008004ccc        0x2 /usr/local/Cellar/gcc-arm-none-eabi-80/20181220/bin/../lib/gcc/arm-none-eabi/8.2.1/../../../../arm-none-eabi/lib/thumb/v7-m/nofp/libc_nano.a(lib_a-lock.o)
                0x0000000008004ccc                __retarget_lock_init_recursive
 .text.__retarget_lock_acquire_recursive
                0x0000000008004cce        0x2 /usr/local/Cellar/gcc-arm-none-eabi-80/20181220/bin/../lib/gcc/arm-none-eabi/8.2.1/../../../../arm-none-eabi/lib/thumb/v7-m/nofp/libc_nano.a(lib_a-lock.o)
                0x0000000008004cce                __retarget_lock_acquire_recursive
 .text.__retarget_lock_release_recursive
                0x0000000008004cd0        0x2 /usr/local/Cellar/gcc-arm-none-eabi-80/20181220/bin/../lib/gcc/arm-none-eabi/8.2.1/../../../../arm-none-eabi/lib/thumb/v7-m/nofp/libc_nano.a(lib_a-lock.o)
                0x0000000008004cd0                __retarget_lock_release_recursive
 .text.memset   0x0000000008004cd2       0x10 /usr/local/Cellar/gcc-arm-none-eabi-80/20181220/bin/../lib/gcc/arm-none-eabi/8.2.1/../../../../arm-none-eabi/lib/thumb/v7-m/nofp/libc_nano.a(lib_a-memset.o)
                0x0000000008004cd2                memset
 *fill*         0x0000000008004ce2        0x2 
 .text._free_r  0x0000000008004ce4       0x98 /usr/local/Cellar/gcc-arm-none-eabi-80/20181220/bin/../lib/gcc/arm-none-eabi/8.2.1/../../../../arm-none-eabi/lib/thumb/v7-m/nofp/libc_nano.a(lib_a-nano-freer.o)
                0x0000000008004ce4                _free_r
 .text._malloc_r
                0x0000000008004d7c       0xb4 /usr/local/Cellar/gcc-arm-none-eabi-80/20181220/bin/../lib/gcc/arm-none-eabi/8.2.1/../../../../arm-none-eabi/lib/thumb/v7-m/nofp/libc_nano.a(lib_a-nano-mallocr.o)
                0x0000000008004d7c                _malloc_r
 .text.printf   0x0000000008004e30       0x30 /usr/local/Cellar/gcc-arm-none-eabi-80/20181220/bin/../lib/gcc/arm-none-eabi/8.2.1/../../../../arm-none-eabi/lib/thumb/v7-m/nofp/libc_nano.a(lib_a-printf.o)
                0x0000000008004e30                printf
                0x0000000008004e30                iprintf
 .text.putchar  0x0000000008004e60       0x28 /usr/local/Cellar/gcc-arm-none-eabi-80/20181220/bin/../lib/gcc/arm-none-eabi/8.2.1/../../../../arm-none-eabi/lib/thumb/v7-m/nofp/libc_nano.a(lib_a-putchar.o)
                0x0000000008004e60                putchar
 .text._puts_r  0x0000000008004e88       0xdc /usr/local/Cellar/gcc-arm-none-eabi-80/20181220/bin/../lib/gcc/arm-none-eabi/8.2.1/../../../../arm-none-eabi/lib/thumb/v7-m/nofp/libc_nano.a(lib_a-puts.o)
                0x0000000008004e88                _puts_r
 .text.puts     0x0000000008004f64       0x10 /usr/local/Cellar/gcc-arm-none-eabi-80/20181220/bin/../lib/gcc/arm-none-eabi/8.2.1/../../../../arm-none-eabi/lib/thumb/v7-m/nofp/libc_nano.a(lib_a-puts.o)
                0x0000000008004f64                puts
 .text.__sread  0x0000000008004f74       0x22 /usr/local/Cellar/gcc-arm-none-eabi-80/20181220/bin/../lib/gcc/arm-none-eabi/8.2.1/../../../../arm-none-eabi/lib/thumb/v7-m/nofp/libc_nano.a(lib_a-stdio.o)
                0x0000000008004f74                __sread
 .text.__swrite
                0x0000000008004f96       0x38 /usr/local/Cellar/gcc-arm-none-eabi-80/20181220/bin/../lib/gcc/arm-none-eabi/8.2.1/../../../../arm-none-eabi/lib/thumb/v7-m/nofp/libc_nano.a(lib_a-stdio.o)
                0x0000000008004f96                __swrite
 .text.__sseek  0x0000000008004fce       0x24 /usr/local/Cellar/gcc-arm-none-eabi-80/20181220/bin/../lib/gcc/arm-none-eabi/8.2.1/../../../../arm-none-eabi/lib/thumb/v7-m/nofp/libc_nano.a(lib_a-stdio.o)
                0x0000000008004fce                __sseek
 .text.__sclose
                0x0000000008004ff2        0x8 /usr/local/Cellar/gcc-arm-none-eabi-80/20181220/bin/../lib/gcc/arm-none-eabi/8.2.1/../../../../arm-none-eabi/lib/thumb/v7-m/nofp/libc_nano.a(lib_a-stdio.o)
                0x0000000008004ff2                __sclose
 .text          0x0000000008004ffa       0x14 /usr/local/Cellar/gcc-arm-none-eabi-80/20181220/bin/../lib/gcc/arm-none-eabi/8.2.1/../../../../arm-none-eabi/lib/thumb/v7-m/nofp/libc_nano.a(lib_a-strcmp.o)
                0x0000000008004ffa                strcmp
 .text          0x000000000800500e       0x10 /usr/local/Cellar/gcc-arm-none-eabi-80/20181220/bin/../lib/gcc/arm-none-eabi/8.2.1/../../../../arm-none-eabi/lib/thumb/v7-m/nofp/libc_nano.a(lib_a-strlen.o)
                0x000000000800500e                strlen
 .text.strstr   0x000000000800501e       0x2e /usr/local/Cellar/gcc-arm-none-eabi-80/20181220/bin/../lib/gcc/arm-none-eabi/8.2.1/../../../../arm-none-eabi/lib/thumb/v7-m/nofp/libc_nano.a(lib_a-strstr.o)
                0x000000000800501e                strstr
 .text._strtol_l.isra.0
                0x000000000800504c       0xf0 /usr/local/Cellar/gcc-arm-none-eabi-80/20181220/bin/../lib/gcc/arm-none-eabi/8.2.1/../../../../arm-none-eabi/lib/thumb/v7-m/nofp/libc_nano.a(lib_a-strtol.o)
 .text.strtol   0x000000000800513c       0x14 /usr/local/Cellar/gcc-arm-none-eabi-80/20181220/bin/../lib/gcc/arm-none-eabi/8.2.1/../../../../arm-none-eabi/lib/thumb/v7-m/nofp/libc_nano.a(lib_a-strtol.o)
                0x000000000800513c                strtol
 .text.__swbuf_r
                0x0000000008005150       0xa4 /usr/local/Cellar/gcc-arm-none-eabi-80/20181220/bin/../lib/gcc/arm-none-eabi/8.2.1/../../../../arm-none-eabi/lib/thumb/v7-m/nofp/libc_nano.a(lib_a-wbuf.o)
                0x0000000008005150                __swbuf_r
 .text.__swsetup_r
                0x00000000080051f4       0xdc /usr/local/Cellar/gcc-arm-none-eabi-80/20181220/bin/../lib/gcc/arm-none-eabi/8.2.1/../../../../arm-none-eabi/lib/thumb/v7-m/nofp/libc_nano.a(lib_a-wsetup.o)
                0x00000000080051f4                __swsetup_r
 .text._getc_r  0x00000000080052d0       0x80 /usr/local/Cellar/gcc-arm-none-eabi-80/20181220/bin/../lib/gcc/arm-none-eabi/8.2.1/../../../../arm-none-eabi/lib/thumb/v7-m/nofp/libc_nano.a(lib_a-getc.o)
                0x00000000080052d0                _getc_r
 .text.__swhatbuf_r
                0x0000000008005350       0x48 /usr/local/Cellar/gcc-arm-none-eabi-80/20181220/bin/../lib/gcc/arm-none-eabi/8.2.1/../../../../arm-none-eabi/lib/thumb/v7-m/nofp/libc_nano.a(lib_a-makebuf.o)
                0x0000000008005350                __swhatbuf_r
 .text.__smakebuf_r
                0x0000000008005398       0x80 /usr/local/Cellar/gcc-arm-none-eabi-80/20181220/bin/../lib/gcc/arm-none-eabi/8.2.1/../../../../arm-none-eabi/lib/thumb/v7-m/nofp/libc_nano.a(lib_a-makebuf.o)
                0x0000000008005398                __smakebuf_r
 .text.__malloc_lock
                0x0000000008005418        0xc /usr/local/Cellar/gcc-arm-none-eabi-80/20181220/bin/../lib/gcc/arm-none-eabi/8.2.1/../../../../arm-none-eabi/lib/thumb/v7-m/nofp/libc_nano.a(lib_a-mlock.o)
                0x0000000008005418                __malloc_lock
 .text.__malloc_unlock
                0x0000000008005424        0xc /usr/local/Cellar/gcc-arm-none-eabi-80/20181220/bin/../lib/gcc/arm-none-eabi/8.2.1/../../../../arm-none-eabi/lib/thumb/v7-m/nofp/libc_nano.a(lib_a-mlock.o)
                0x0000000008005424                __malloc_unlock
 .text.__sfputc_r
                0x0000000008005430       0x2a /usr/local/Cellar/gcc-arm-none-eabi-80/20181220/bin/../lib/gcc/arm-none-eabi/8.2.1/../../../../arm-none-eabi/lib/thumb/v7-m/nofp/libc_nano.a(lib_a-nano-vfprintf.o)
 .text.__sfputs_r
                0x000000000800545a       0x24 /usr/local/Cellar/gcc-arm-none-eabi-80/20181220/bin/../lib/gcc/arm-none-eabi/8.2.1/../../../../arm-none-eabi/lib/thumb/v7-m/nofp/libc_nano.a(lib_a-nano-vfprintf.o)
                0x000000000800545a                __sfputs_r
 *fill*         0x000000000800547e        0x2 
 .text._vfprintf_r
                0x0000000008005480      0x250 /usr/local/Cellar/gcc-arm-none-eabi-80/20181220/bin/../lib/gcc/arm-none-eabi/8.2.1/../../../../arm-none-eabi/lib/thumb/v7-m/nofp/libc_nano.a(lib_a-nano-vfprintf.o)
                0x0000000008005480                _vfiprintf_r
                0x0000000008005480                _vfprintf_r
 .text._printf_common
                0x00000000080056d0       0xec /usr/local/Cellar/gcc-arm-none-eabi-80/20181220/bin/../lib/gcc/arm-none-eabi/8.2.1/../../../../arm-none-eabi/lib/thumb/v7-m/nofp/libc_nano.a(lib_a-nano-vfprintf_i.o)
                0x00000000080056d0                _printf_common
 .text._printf_i
                0x00000000080057bc      0x22c /usr/local/Cellar/gcc-arm-none-eabi-80/20181220/bin/../lib/gcc/arm-none-eabi/8.2.1/../../../../arm-none-eabi/lib/thumb/v7-m/nofp/libc_nano.a(lib_a-nano-vfprintf_i.o)
                0x00000000080057bc                _printf_i
 .text._putc_r  0x00000000080059e8       0x90 /usr/local/Cellar/gcc-arm-none-eabi-80/20181220/bin/../lib/gcc/arm-none-eabi/8.2.1/../../../../arm-none-eabi/lib/thumb/v7-m/nofp/libc_nano.a(lib_a-putc.o)
                0x00000000080059e8                _putc_r
 .text.__srget_r
                0x0000000008005a78       0x58 /usr/local/Cellar/gcc-arm-none-eabi-80/20181220/bin/../lib/gcc/arm-none-eabi/8.2.1/../../../../arm-none-eabi/lib/thumb/v7-m/nofp/libc_nano.a(lib_a-rget.o)
                0x0000000008005a78                __srget_r
 .text.memchr   0x0000000008005ad0       0x1c /usr/local/Cellar/gcc-arm-none-eabi-80/20181220/bin/../lib/gcc/arm-none-eabi/8.2.1/../../../../arm-none-eabi/lib/thumb/v7-m/nofp/libc_nano.a(lib_a-memchr-stub.o)
                0x0000000008005ad0                memchr
 .text.lflush   0x0000000008005aec       0x12 /usr/local/Cellar/gcc-arm-none-eabi-80/20181220/bin/../lib/gcc/arm-none-eabi/8.2.1/../../../../arm-none-eabi/lib/thumb/v7-m/nofp/libc_nano.a(lib_a-refill.o)
 *fill*         0x0000000008005afe        0x2 
 .text.__srefill_r
                0x0000000008005b00      0x118 /usr/local/Cellar/gcc-arm-none-eabi-80/20181220/bin/../lib/gcc/arm-none-eabi/8.2.1/../../../../arm-none-eabi/lib/thumb/v7-m/nofp/libc_nano.a(lib_a-refill.o)
                0x0000000008005b00                __srefill_r
 *(.glue_7t)
 .glue_7t       0x0000000008005c18        0x0 linker stubs
 *(.glue_7)
 .glue_7        0x0000000008005c18        0x0 linker stubs
 *(.rodata .rodata* .gnu.linkonce.r.*)
 .rodata._event_cb.str1.1
                0x0000000008005c18       0xb3 /Users/leof/Documents/GitHub/IoT/IoT_I2HM_wyres/Riot_wyres/tests/driver_sx127x/bin/wyres-base/application_test-driver-sx127x//main.o
 .rodata._recv_thread.str1.1
                0x0000000008005ccb       0x14 /Users/leof/Documents/GitHub/IoT/IoT_I2HM_wyres/Riot_wyres/tests/driver_sx127x/bin/wyres-base/application_test-driver-sx127x//main.o
 .rodata._set_opt.constprop.6.str1.1
                0x0000000008005cdf       0x21 /Users/leof/Documents/GitHub/IoT/IoT_I2HM_wyres/Riot_wyres/tests/driver_sx127x/bin/wyres-base/application_test-driver-sx127x//main.o
 .rodata.channel_cmd.str1.1
                0x0000000008005d00       0x3a /Users/leof/Documents/GitHub/IoT/IoT_I2HM_wyres/Riot_wyres/tests/driver_sx127x/bin/wyres-base/application_test-driver-sx127x//main.o
 .rodata.crc_cmd.str1.1
                0x0000000008005d3a        0xa /Users/leof/Documents/GitHub/IoT/IoT_I2HM_wyres/Riot_wyres/tests/driver_sx127x/bin/wyres-base/application_test-driver-sx127x//main.o
 .rodata.implicit_cmd.str1.1
                0x0000000008005d44       0x15 /Users/leof/Documents/GitHub/IoT/IoT_I2HM_wyres/Riot_wyres/tests/driver_sx127x/bin/wyres-base/application_test-driver-sx127x//main.o
                                         0x25 (size before relaxing)
 .rodata.init_sx1272_cmd.str1.1
                0x0000000008005d59       0x68 /Users/leof/Documents/GitHub/IoT/IoT_I2HM_wyres/Riot_wyres/tests/driver_sx127x/bin/wyres-base/application_test-driver-sx127x//main.o
                                         0x6a (size before relaxing)
 .rodata.listen_cmd.str1.1
                0x0000000008005dc1       0x10 /Users/leof/Documents/GitHub/IoT/IoT_I2HM_wyres/Riot_wyres/tests/driver_sx127x/bin/wyres-base/application_test-driver-sx127x//main.o
 .rodata.lora_setup_cmd.str1.1
                0x0000000008005dd1      0x193 /Users/leof/Documents/GitHub/IoT/IoT_I2HM_wyres/Riot_wyres/tests/driver_sx127x/bin/wyres-base/application_test-driver-sx127x//main.o
 .rodata.main.str1.1
                0x0000000008005f64       0x33 /Users/leof/Documents/GitHub/IoT/IoT_I2HM_wyres/Riot_wyres/tests/driver_sx127x/bin/wyres-base/application_test-driver-sx127x//main.o
 .rodata.payload_cmd.str1.1
                0x0000000008005f97       0x40 /Users/leof/Documents/GitHub/IoT/IoT_I2HM_wyres/Riot_wyres/tests/driver_sx127x/bin/wyres-base/application_test-driver-sx127x//main.o
 .rodata.random_cmd.str1.1
                0x0000000008005fd7       0x20 /Users/leof/Documents/GitHub/IoT/IoT_I2HM_wyres/Riot_wyres/tests/driver_sx127x/bin/wyres-base/application_test-driver-sx127x//main.o
 .rodata.register_cmd.str1.1
                0x0000000008005ff7      0x152 /Users/leof/Documents/GitHub/IoT/IoT_I2HM_wyres/Riot_wyres/tests/driver_sx127x/bin/wyres-base/application_test-driver-sx127x//main.o
                                        0x159 (size before relaxing)
 .rodata.reset_cmd.str1.1
                0x0000000008006149       0x14 /Users/leof/Documents/GitHub/IoT/IoT_I2HM_wyres/Riot_wyres/tests/driver_sx127x/bin/wyres-base/application_test-driver-sx127x//main.o
 .rodata.rx_timeout_cmd.str1.1
                0x000000000800615d       0x68 /Users/leof/Documents/GitHub/IoT/IoT_I2HM_wyres/Riot_wyres/tests/driver_sx127x/bin/wyres-base/application_test-driver-sx127x//main.o
                                         0x6c (size before relaxing)
 .rodata.send_cmd.str1.1
                0x00000000080061c5       0x60 /Users/leof/Documents/GitHub/IoT/IoT_I2HM_wyres/Riot_wyres/tests/driver_sx127x/bin/wyres-base/application_test-driver-sx127x//main.o
 *fill*         0x0000000008006225        0x3 
 .rodata.shell_commands
                0x0000000008006228       0xa8 /Users/leof/Documents/GitHub/IoT/IoT_I2HM_wyres/Riot_wyres/tests/driver_sx127x/bin/wyres-base/application_test-driver-sx127x//main.o
 .rodata.str1.1
                0x00000000080062d0      0x1a8 /Users/leof/Documents/GitHub/IoT/IoT_I2HM_wyres/Riot_wyres/tests/driver_sx127x/bin/wyres-base/application_test-driver-sx127x//main.o
                                        0x1b6 (size before relaxing)
 .rodata.syncword_cmd.str1.1
                0x0000000008006478       0x61 /Users/leof/Documents/GitHub/IoT/IoT_I2HM_wyres/Riot_wyres/tests/driver_sx127x/bin/wyres-base/application_test-driver-sx127x//main.o
 *fill*         0x00000000080064d9        0x3 
 .rodata.state_names
                0x00000000080064dc       0x34 /Users/leof/Documents/GitHub/IoT/IoT_I2HM_wyres/Riot_wyres/tests/driver_sx127x/bin/wyres-base/core//thread.o
 .rodata.str1.1
                0x0000000008006510       0x6a /Users/leof/Documents/GitHub/IoT/IoT_I2HM_wyres/Riot_wyres/tests/driver_sx127x/bin/wyres-base/core//thread.o
 .rodata.thread_state_to_string.str1.1
                0x000000000800657a        0x8 /Users/leof/Documents/GitHub/IoT/IoT_I2HM_wyres/Riot_wyres/tests/driver_sx127x/bin/wyres-base/core//thread.o
 .rodata.kernel_init.str1.1
                0x0000000008006582        0x5 /Users/leof/Documents/GitHub/IoT/IoT_I2HM_wyres/Riot_wyres/tests/driver_sx127x/bin/wyres-base/core_lib//init.o
 .rodata.main_trampoline.str1.1
                0x0000000008006587       0x3a /Users/leof/Documents/GitHub/IoT/IoT_I2HM_wyres/Riot_wyres/tests/driver_sx127x/bin/wyres-base/core_lib//init.o
 .rodata.core_panic.str1.1
                0x00000000080065c1       0x2e /Users/leof/Documents/GitHub/IoT/IoT_I2HM_wyres/Riot_wyres/tests/driver_sx127x/bin/wyres-base/core_lib//panic.o
 .rodata.bus_fault_default.str1.1
                0x00000000080065ef       0x12 /Users/leof/Documents/GitHub/IoT/IoT_I2HM_wyres/Riot_wyres/tests/driver_sx127x/bin/wyres-base/cortexm_common//vectors_cortexm.o
 .rodata.debug_mon_default.str1.1
                0x0000000008006601       0x12 /Users/leof/Documents/GitHub/IoT/IoT_I2HM_wyres/Riot_wyres/tests/driver_sx127x/bin/wyres-base/cortexm_common//vectors_cortexm.o
 .rodata.dummy_handler_default.str1.1
                0x0000000008006613        0xe /Users/leof/Documents/GitHub/IoT/IoT_I2HM_wyres/Riot_wyres/tests/driver_sx127x/bin/wyres-base/cortexm_common//vectors_cortexm.o
 .rodata.hard_fault_default.str1.1
                0x0000000008006621       0x13 /Users/leof/Documents/GitHub/IoT/IoT_I2HM_wyres/Riot_wyres/tests/driver_sx127x/bin/wyres-base/cortexm_common//vectors_cortexm.o