Archive member included to satisfy reference by file (symbol)

/usr/local/Cellar/gcc-arm-none-eabi-80/20181220/bin/../lib/gcc/arm-none-eabi/8.2.1/../../../../arm-none-eabi/lib/thumb/v7-m/nofp/libm.a(lib_a-s_ceil.o)
                              /Users/leof/Documents/GitHub/IoT/IoT_I2HM_wyres/Riot_wyres/tests/cayenne-lpp/bin/wyres-base/semtech_loramac_mac_region//RegionCommon.o (ceil)
/usr/local/Cellar/gcc-arm-none-eabi-80/20181220/bin/../lib/gcc/arm-none-eabi/8.2.1/../../../../arm-none-eabi/lib/thumb/v7-m/nofp/libm.a(lib_a-s_cos.o)
                              /Users/leof/Documents/GitHub/IoT/IoT_I2HM_wyres/Riot_wyres/tests/cayenne-lpp/bin/wyres-base/application_test-driver-sx127x-WYRES//main.o (cos)
/usr/local/Cellar/gcc-arm-none-eabi-80/20181220/bin/../lib/gcc/arm-none-eabi/8.2.1/../../../../arm-none-eabi/lib/thumb/v7-m/nofp/libm.a(lib_a-s_floor.o)
                              /Users/leof/Documents/GitHub/IoT/IoT_I2HM_wyres/Riot_wyres/tests/cayenne-lpp/bin/wyres-base/semtech_loramac_mac_region//RegionCommon.o (floor)
/usr/local/Cellar/gcc-arm-none-eabi-80/20181220/bin/../lib/gcc/arm-none-eabi/8.2.1/../../../../arm-none-eabi/lib/thumb/v7-m/nofp/libm.a(lib_a-s_sin.o)
                              /Users/leof/Documents/GitHub/IoT/IoT_I2HM_wyres/Riot_wyres/tests/cayenne-lpp/bin/wyres-base/application_test-driver-sx127x-WYRES//main.o (sin)
/usr/local/Cellar/gcc-arm-none-eabi-80/20181220/bin/../lib/gcc/arm-none-eabi/8.2.1/../../../../arm-none-eabi/lib/thumb/v7-m/nofp/libm.a(lib_a-e_rem_pio2.o)
                              /usr/local/Cellar/gcc-arm-none-eabi-80/20181220/bin/../lib/gcc/arm-none-eabi/8.2.1/../../../../arm-none-eabi/lib/thumb/v7-m/nofp/libm.a(lib_a-s_cos.o) (__ieee754_rem_pio2)
/usr/local/Cellar/gcc-arm-none-eabi-80/20181220/bin/../lib/gcc/arm-none-eabi/8.2.1/../../../../arm-none-eabi/lib/thumb/v7-m/nofp/libm.a(lib_a-k_cos.o)
                              /usr/local/Cellar/gcc-arm-none-eabi-80/20181220/bin/../lib/gcc/arm-none-eabi/8.2.1/../../../../arm-none-eabi/lib/thumb/v7-m/nofp/libm.a(lib_a-s_cos.o) (__kernel_cos)
/usr/local/Cellar/gcc-arm-none-eabi-80/20181220/bin/../lib/gcc/arm-none-eabi/8.2.1/../../../../arm-none-eabi/lib/thumb/v7-m/nofp/libm.a(lib_a-k_rem_pio2.o)
                              /usr/local/Cellar/gcc-arm-none-eabi-80/20181220/bin/../lib/gcc/arm-none-eabi/8.2.1/../../../../arm-none-eabi/lib/thumb/v7-m/nofp/libm.a(lib_a-e_rem_pio2.o) (__kernel_rem_pio2)
/usr/local/Cellar/gcc-arm-none-eabi-80/20181220/bin/../lib/gcc/arm-none-eabi/8.2.1/../../../../arm-none-eabi/lib/thumb/v7-m/nofp/libm.a(lib_a-k_sin.o)
                              /usr/local/Cellar/gcc-arm-none-eabi-80/20181220/bin/../lib/gcc/arm-none-eabi/8.2.1/../../../../arm-none-eabi/lib/thumb/v7-m/nofp/libm.a(lib_a-s_cos.o) (__kernel_sin)
/usr/local/Cellar/gcc-arm-none-eabi-80/20181220/bin/../lib/gcc/arm-none-eabi/8.2.1/../../../../arm-none-eabi/lib/thumb/v7-m/nofp/libm.a(lib_a-s_fabs.o)
                              /usr/local/Cellar/gcc-arm-none-eabi-80/20181220/bin/../lib/gcc/arm-none-eabi/8.2.1/../../../../arm-none-eabi/lib/thumb/v7-m/nofp/libm.a(lib_a-e_rem_pio2.o) (fabs)
/usr/local/Cellar/gcc-arm-none-eabi-80/20181220/bin/../lib/gcc/arm-none-eabi/8.2.1/../../../../arm-none-eabi/lib/thumb/v7-m/nofp/libm.a(lib_a-s_scalbn.o)
                              /usr/local/Cellar/gcc-arm-none-eabi-80/20181220/bin/../lib/gcc/arm-none-eabi/8.2.1/../../../../arm-none-eabi/lib/thumb/v7-m/nofp/libm.a(lib_a-k_rem_pio2.o) (scalbn)
/usr/local/Cellar/gcc-arm-none-eabi-80/20181220/bin/../lib/gcc/arm-none-eabi/8.2.1/thumb/v7-m/nofp/libgcc.a(_arm_addsubdf3.o)
                              /Users/leof/Documents/GitHub/IoT/IoT_I2HM_wyres/Riot_wyres/tests/cayenne-lpp/bin/wyres-base/application_test-driver-sx127x-WYRES//main.o (__aeabi_dsub)
/usr/local/Cellar/gcc-arm-none-eabi-80/20181220/bin/../lib/gcc/arm-none-eabi/8.2.1/thumb/v7-m/nofp/libgcc.a(_arm_muldivdf3.o)
                              /Users/leof/Documents/GitHub/IoT/IoT_I2HM_wyres/Riot_wyres/tests/cayenne-lpp/bin/wyres-base/application_test-driver-sx127x-WYRES//main.o (__aeabi_dmul)
/usr/local/Cellar/gcc-arm-none-eabi-80/20181220/bin/../lib/gcc/arm-none-eabi/8.2.1/thumb/v7-m/nofp/libgcc.a(_arm_cmpdf2.o)
                              /usr/local/Cellar/gcc-arm-none-eabi-80/20181220/bin/../lib/gcc/arm-none-eabi/8.2.1/../../../../arm-none-eabi/lib/thumb/v7-m/nofp/libm.a(lib_a-e_rem_pio2.o) (__aeabi_dcmpeq)
/usr/local/Cellar/gcc-arm-none-eabi-80/20181220/bin/../lib/gcc/arm-none-eabi/8.2.1/thumb/v7-m/nofp/libgcc.a(_arm_fixdfsi.o)
                              /Users/leof/Documents/GitHub/IoT/IoT_I2HM_wyres/Riot_wyres/tests/cayenne-lpp/bin/wyres-base/semtech_loramac_mac_region//RegionCommon.o (__aeabi_d2iz)
/usr/local/Cellar/gcc-arm-none-eabi-80/20181220/bin/../lib/gcc/arm-none-eabi/8.2.1/thumb/v7-m/nofp/libgcc.a(_arm_fixunsdfsi.o)
[...]
Memory Configuration

Name             Origin             Length             Attributes
ccmram           0x0000000010000000 0x0000000000000000
sram4            0x0000000000000000 0x0000000000000000
fmcram           0x0000000000000000 0x0000000000000000
rom              0x0000000008000000 0x0000000000040000 xr
ram              0x0000000020000000 0x0000000000008000 w !xr
bkup_ram         0x0000000000000000 0x0000000000000000 w !xr
*default*        0x0000000000000000 0xffffffffffffffff

Linker script and memory map

LOAD /Users/leof/Documents/GitHub/IoT/IoT_I2HM_wyres/Riot_wyres/tests/cayenne-lpp/bin/wyres-base/application_test-driver-sx127x-WYRES//main.o
LOAD /Users/leof/Documents/GitHub/IoT/IoT_I2HM_wyres/Riot_wyres/tests/cayenne-lpp/bin/wyres-base/auto_init//auto_init.o
LOAD /Users/leof/Documents/GitHub/IoT/IoT_I2HM_wyres/Riot_wyres/tests/cayenne-lpp/bin/wyres-base/auto_init_loramac//auto_init_loramac.o
LOAD /Users/leof/Documents/GitHub/IoT/IoT_I2HM_wyres/Riot_wyres/tests/cayenne-lpp/bin/wyres-base/board//board.o
LOAD /Users/leof/Documents/GitHub/IoT/IoT_I2HM_wyres/Riot_wyres/tests/cayenne-lpp/bin/wyres-base/board_common_init//board_common.o
LOAD /Users/leof/Documents/GitHub/IoT/IoT_I2HM_wyres/Riot_wyres/tests/cayenne-lpp/bin/wyres-base/cayenne-lpp//cayenne_lpp.o
LOAD /Users/leof/Documents/GitHub/IoT/IoT_I2HM_wyres/Riot_wyres/tests/cayenne-lpp/bin/wyres-base/core//cond.o
LOAD /Users/leof/Documents/GitHub/IoT/IoT_I2HM_wyres/Riot_wyres/tests/cayenne-lpp/bin/wyres-base/core//msg.o
LOAD /Users/leof/Documents/GitHub/IoT/IoT_I2HM_wyres/Riot_wyres/tests/cayenne-lpp/bin/wyres-base/core//mutex.o
LOAD /Users/leof/Documents/GitHub/IoT/IoT_I2HM_wyres/Riot_wyres/tests/cayenne-lpp/bin/wyres-base/core//sched.o
LOAD /Users/leof/Documents/GitHub/IoT/IoT_I2HM_wyres/Riot_wyres/tests/cayenne-lpp/bin/wyres-base/core//thread.o
LOAD /Users/leof/Documents/GitHub/IoT/IoT_I2HM_wyres/Riot_wyres/tests/cayenne-lpp/bin/wyres-base/core_lib//assert.o
LOAD /Users/leof/Documents/GitHub/IoT/IoT_I2HM_wyres/Riot_wyres/tests/cayenne-lpp/bin/wyres-base/core_lib//atomic_c11.o
LOAD /Users/leof/Documents/GitHub/IoT/IoT_I2HM_wyres/Riot_wyres/tests/cayenne-lpp/bin/wyres-base/core_lib//atomic_sync.o
LOAD /Users/leof/Documents/GitHub/IoT/IoT_I2HM_wyres/Riot_wyres/tests/cayenne-lpp/bin/wyres-base/core_lib//bitarithm.o
LOAD /Users/leof/Documents/GitHub/IoT/IoT_I2HM_wyres/Riot_wyres/tests/cayenne-lpp/bin/wyres-base/core_lib//clist.o
LOAD /Users/leof/Documents/GitHub/IoT/IoT_I2HM_wyres/Riot_wyres/tests/cayenne-lpp/bin/wyres-base/core_lib//init.o
LOAD /Users/leof/Documents/GitHub/IoT/IoT_I2HM_wyres/Riot_wyres/tests/cayenne-lpp/bin/wyres-base/core_lib//panic.o
LOAD /Users/leof/Documents/GitHub/IoT/IoT_I2HM_wyres/Riot_wyres/tests/cayenne-lpp/bin/wyres-base/core_lib//priority_queue.o
LOAD /Users/leof/Documents/GitHub/IoT/IoT_I2HM_wyres/Riot_wyres/tests/cayenne-lpp/bin/wyres-base/core_lib//ringbuffer.o
LOAD /Users/leof/Documents/GitHub/IoT/IoT_I2HM_wyres/Riot_wyres/tests/cayenne-lpp/bin/wyres-base/core_lib//rmutex.o
LOAD /Users/leof/Documents/GitHub/IoT/IoT_I2HM_wyres/Riot_wyres/tests/cayenne-lpp/bin/wyres-base/cortexm_common//cortexm_init.o
LOAD /Users/leof/Documents/GitHub/IoT/IoT_I2HM_wyres/Riot_wyres/tests/cayenne-lpp/bin/wyres-base/cortexm_common//mpu.o
LOAD /Users/leof/Documents/GitHub/IoT/IoT_I2HM_wyres/Riot_wyres/tests/cayenne-lpp/bin/wyres-base/cortexm_common//panic.o
LOAD /Users/leof/Documents/GitHub/IoT/IoT_I2HM_wyres/Riot_wyres/tests/cayenne-lpp/bin/wyres-base/cortexm_common//thread_arch.o
LOAD /Users/leof/Documents/GitHub/IoT/IoT_I2HM_wyres/Riot_wyres/tests/cayenne-lpp/bin/wyres-base/cortexm_common//vectors_cortexm.o
LOAD /Users/leof/Documents/GitHub/IoT/IoT_I2HM_wyres/Riot_wyres/tests/cayenne-lpp/bin/wyres-base/cortexm_common_periph//pm.o
LOAD /Users/leof/Documents/GitHub/IoT/IoT_I2HM_wyres/Riot_wyres/tests/cayenne-lpp/bin/wyres-base/cpu//cpu_common.o
LOAD /Users/leof/Documents/GitHub/IoT/IoT_I2HM_wyres/Riot_wyres/tests/cayenne-lpp/bin/wyres-base/cpu//cpu_init.o
LOAD /Users/leof/Documents/GitHub/IoT/IoT_I2HM_wyres/Riot_wyres/tests/cayenne-lpp/bin/wyres-base/crypto//aes.o
LOAD /Users/leof/Documents/GitHub/IoT/IoT_I2HM_wyres/Riot_wyres/tests/cayenne-lpp/bin/wyres-base/crypto//chacha.o
LOAD /Users/leof/Documents/GitHub/IoT/IoT_I2HM_wyres/Riot_wyres/tests/cayenne-lpp/bin/wyres-base/crypto//chacha20poly1305.o
LOAD /Users/leof/Documents/GitHub/IoT/IoT_I2HM_wyres/Riot_wyres/tests/cayenne-lpp/bin/wyres-base/crypto//chacha_prng.o
LOAD /Users/leof/Documents/GitHub/IoT/IoT_I2HM_wyres/Riot_wyres/tests/cayenne-lpp/bin/wyres-base/crypto//ciphers.o
LOAD /Users/leof/Documents/GitHub/IoT/IoT_I2HM_wyres/Riot_wyres/tests/cayenne-lpp/bin/wyres-base/crypto//helper.o
LOAD /Users/leof/Documents/GitHub/IoT/IoT_I2HM_wyres/Riot_wyres/tests/cayenne-lpp/bin/wyres-base/crypto//poly1305.o
LOAD /Users/leof/Documents/GitHub/IoT/IoT_I2HM_wyres/Riot_wyres/tests/cayenne-lpp/bin/wyres-base/div//div.o
LOAD /Users/leof/Documents/GitHub/IoT/IoT_I2HM_wyres/Riot_wyres/tests/cayenne-lpp/bin/wyres-base/fmt//fmt.o
LOAD /Users/leof/Documents/GitHub/IoT/IoT_I2HM_wyres/Riot_wyres/tests/cayenne-lpp/bin/wyres-base/frac//frac.o
LOAD /Users/leof/Documents/GitHub/IoT/IoT_I2HM_wyres/Riot_wyres/tests/cayenne-lpp/bin/wyres-base/hashes//aes128_cmac.o
LOAD /Users/leof/Documents/GitHub/IoT/IoT_I2HM_wyres/Riot_wyres/tests/cayenne-lpp/bin/wyres-base/hashes//hashes.o
LOAD /Users/leof/Documents/GitHub/IoT/IoT_I2HM_wyres/Riot_wyres/tests/cayenne-lpp/bin/wyres-base/hashes//md5.o
LOAD /Users/leof/Documents/GitHub/IoT/IoT_I2HM_wyres/Riot_wyres/tests/cayenne-lpp/bin/wyres-base/hashes//pbkdf2.o
LOAD /Users/leof/Documents/GitHub/IoT/IoT_I2HM_wyres/Riot_wyres/tests/cayenne-lpp/bin/wyres-base/hashes//sha1.o
LOAD /Users/leof/Documents/GitHub/IoT/IoT_I2HM_wyres/Riot_wyres/tests/cayenne-lpp/bin/wyres-base/hashes//sha224.o
LOAD /Users/leof/Documents/GitHub/IoT/IoT_I2HM_wyres/Riot_wyres/tests/cayenne-lpp/bin/wyres-base/hashes//sha256.o
LOAD /Users/leof/Documents/GitHub/IoT/IoT_I2HM_wyres/Riot_wyres/tests/cayenne-lpp/bin/wyres-base/hashes//sha2xx_common.o
LOAD /Users/leof/Documents/GitHub/IoT/IoT_I2HM_wyres/Riot_wyres/tests/cayenne-lpp/bin/wyres-base/hashes//sha3.o
LOAD /Users/leof/Documents/GitHub/IoT/IoT_I2HM_wyres/Riot_wyres/tests/cayenne-lpp/bin/wyres-base/hashes//sha512.o
LOAD /Users/leof/Documents/GitHub/IoT/IoT_I2HM_wyres/Riot_wyres/tests/cayenne-lpp/bin/wyres-base/hashes//sha512_common.o
LOAD /Users/leof/Documents/GitHub/IoT/IoT_I2HM_wyres/Riot_wyres/tests/cayenne-lpp/bin/wyres-base/iolist//iolist.o
LOAD /Users/leof/Documents/GitHub/IoT/IoT_I2HM_wyres/Riot_wyres/tests/cayenne-lpp/bin/wyres-base/libc//string.o
LOAD /Users/leof/Documents/GitHub/IoT/IoT_I2HM_wyres/Riot_wyres/tests/cayenne-lpp/bin/wyres-base/luid//luid.o
LOAD /Users/leof/Documents/GitHub/IoT/IoT_I2HM_wyres/Riot_wyres/tests/cayenne-lpp/bin/wyres-base/malloc_thread_safe//malloc_wrappers.o
LOAD /Users/leof/Documents/GitHub/IoT/IoT_I2HM_wyres/Riot_wyres/tests/cayenne-lpp/bin/wyres-base/newlib_syscalls_default//syscalls.o
LOAD /Users/leof/Documents/GitHub/IoT/IoT_I2HM_wyres/Riot_wyres/tests/cayenne-lpp/bin/wyres-base/periph//eeprom.o
LOAD /Users/leof/Documents/GitHub/IoT/IoT_I2HM_wyres/Riot_wyres/tests/cayenne-lpp/bin/wyres-base/periph//flash_common.o
LOAD /Users/leof/Documents/GitHub/IoT/IoT_I2HM_wyres/Riot_wyres/tests/cayenne-lpp/bin/wyres-base/periph//gpio_all.o
LOAD /Users/leof/Documents/GitHub/IoT/IoT_I2HM_wyres/Riot_wyres/tests/cayenne-lpp/bin/wyres-base/periph//pm.o
LOAD /Users/leof/Documents/GitHub/IoT/IoT_I2HM_wyres/Riot_wyres/tests/cayenne-lpp/bin/wyres-base/periph//spi.o
LOAD /Users/leof/Documents/GitHub/IoT/IoT_I2HM_wyres/Riot_wyres/tests/cayenne-lpp/bin/wyres-base/periph//timer.o
LOAD /Users/leof/Documents/GitHub/IoT/IoT_I2HM_wyres/Riot_wyres/tests/cayenne-lpp/bin/wyres-base/periph//uart.o
LOAD /Users/leof/Documents/GitHub/IoT/IoT_I2HM_wyres/Riot_wyres/tests/cayenne-lpp/bin/wyres-base/periph_common//cpuid.o
LOAD /Users/leof/Documents/GitHub/IoT/IoT_I2HM_wyres/Riot_wyres/tests/cayenne-lpp/bin/wyres-base/periph_common//eeprom.o
LOAD /Users/leof/Documents/GitHub/IoT/IoT_I2HM_wyres/Riot_wyres/tests/cayenne-lpp/bin/wyres-base/periph_common//gpio.o
LOAD /Users/leof/Documents/GitHub/IoT/IoT_I2HM_wyres/Riot_wyres/tests/cayenne-lpp/bin/wyres-base/periph_common//init.o
LOAD /Users/leof/Documents/GitHub/IoT/IoT_I2HM_wyres/Riot_wyres/tests/cayenne-lpp/bin/wyres-base/periph_common//init_leds.o
LOAD /Users/leof/Documents/GitHub/IoT/IoT_I2HM_wyres/Riot_wyres/tests/cayenne-lpp/bin/wyres-base/periph_common//pm.o
LOAD /Users/leof/Documents/GitHub/IoT/IoT_I2HM_wyres/Riot_wyres/tests/cayenne-lpp/bin/wyres-base/periph_common//spi.o
LOAD /Users/leof/Documents/GitHub/IoT/IoT_I2HM_wyres/Riot_wyres/tests/cayenne-lpp/bin/wyres-base/periph_common//timer.o
LOAD /Users/leof/Documents/GitHub/IoT/IoT_I2HM_wyres/Riot_wyres/tests/cayenne-lpp/bin/wyres-base/pm_layered//pm.o
LOAD /Users/leof/Documents/GitHub/IoT/IoT_I2HM_wyres/Riot_wyres/tests/cayenne-lpp/bin/wyres-base/random//musl_lcg.o
LOAD /Users/leof/Documents/GitHub/IoT/IoT_I2HM_wyres/Riot_wyres/tests/cayenne-lpp/bin/wyres-base/random//random.o
LOAD /Users/leof/Documents/GitHub/IoT/IoT_I2HM_wyres/Riot_wyres/tests/cayenne-lpp/bin/wyres-base/semtech_loramac_arch//utilities.o
LOAD /Users/leof/Documents/GitHub/IoT/IoT_I2HM_wyres/Riot_wyres/tests/cayenne-lpp/bin/wyres-base/semtech_loramac_contrib//semtech_loramac.o
LOAD /Users/leof/Documents/GitHub/IoT/IoT_I2HM_wyres/Riot_wyres/tests/cayenne-lpp/bin/wyres-base/semtech_loramac_contrib//semtech_loramac_getset.o
LOAD /Users/leof/Documents/GitHub/IoT/IoT_I2HM_wyres/Riot_wyres/tests/cayenne-lpp/bin/wyres-base/semtech_loramac_contrib//semtech_loramac_radio.o
LOAD /Users/leof/Documents/GitHub/IoT/IoT_I2HM_wyres/Riot_wyres/tests/cayenne-lpp/bin/wyres-base/semtech_loramac_contrib//semtech_loramac_timer.o
LOAD /Users/leof/Documents/GitHub/IoT/IoT_I2HM_wyres/Riot_wyres/tests/cayenne-lpp/bin/wyres-base/semtech_loramac_crypto//cmac.o
LOAD /Users/leof/Documents/GitHub/IoT/IoT_I2HM_wyres/Riot_wyres/tests/cayenne-lpp/bin/wyres-base/semtech_loramac_mac//LoRaMac.o
LOAD /Users/leof/Documents/GitHub/IoT/IoT_I2HM_wyres/Riot_wyres/tests/cayenne-lpp/bin/wyres-base/semtech_loramac_mac//LoRaMacCrypto.o
LOAD /Users/leof/Documents/GitHub/IoT/IoT_I2HM_wyres/Riot_wyres/tests/cayenne-lpp/bin/wyres-base/semtech_loramac_mac_region//Region.o
LOAD /Users/leof/Documents/GitHub/IoT/IoT_I2HM_wyres/Riot_wyres/tests/cayenne-lpp/bin/wyres-base/semtech_loramac_mac_region//RegionAS923.o
LOAD /Users/leof/Documents/GitHub/IoT/IoT_I2HM_wyres/Riot_wyres/tests/cayenne-lpp/bin/wyres-base/semtech_loramac_mac_region//RegionAU915.o
LOAD /Users/leof/Documents/GitHub/IoT/IoT_I2HM_wyres/Riot_wyres/tests/cayenne-lpp/bin/wyres-base/semtech_loramac_mac_region//RegionCN470.o
LOAD /Users/leof/Documents/GitHub/IoT/IoT_I2HM_wyres/Riot_wyres/tests/cayenne-lpp/bin/wyres-base/semtech_loramac_mac_region//RegionCN779.o
LOAD /Users/leof/Documents/GitHub/IoT/IoT_I2HM_wyres/Riot_wyres/tests/cayenne-lpp/bin/wyres-base/semtech_loramac_mac_region//RegionCommon.o
LOAD /Users/leof/Documents/GitHub/IoT/IoT_I2HM_wyres/Riot_wyres/tests/cayenne-lpp/bin/wyres-base/semtech_loramac_mac_region//RegionEU433.o
LOAD /Users/leof/Documents/GitHub/IoT/IoT_I2HM_wyres/Riot_wyres/tests/cayenne-lpp/bin/wyres-base/semtech_loramac_mac_region//RegionEU868.o
LOAD /Users/leof/Documents/GitHub/IoT/IoT_I2HM_wyres/Riot_wyres/tests/cayenne-lpp/bin/wyres-base/semtech_loramac_mac_region//RegionIN865.o
LOAD /Users/leof/Documents/GitHub/IoT/IoT_I2HM_wyres/Riot_wyres/tests/cayenne-lpp/bin/wyres-base/semtech_loramac_mac_region//RegionKR920.o
LOAD /Users/leof/Documents/GitHub/IoT/IoT_I2HM_wyres/Riot_wyres/tests/cayenne-lpp/bin/wyres-base/semtech_loramac_mac_region//RegionRU864.o
LOAD /Users/leof/Documents/GitHub/IoT/IoT_I2HM_wyres/Riot_wyres/tests/cayenne-lpp/bin/wyres-base/semtech_loramac_mac_region//RegionUS915-Hybrid.o
LOAD /Users/leof/Documents/GitHub/IoT/IoT_I2HM_wyres/Riot_wyres/tests/cayenne-lpp/bin/wyres-base/semtech_loramac_mac_region//RegionUS915.o
LOAD /Users/leof/Documents/GitHub/IoT/IoT_I2HM_wyres/Riot_wyres/tests/cayenne-lpp/bin/wyres-base/stdio_uart//stdio_uart.o
LOAD /Users/leof/Documents/GitHub/IoT/IoT_I2HM_wyres/Riot_wyres/tests/cayenne-lpp/bin/wyres-base/stm32_clk//stmclk_common.o
LOAD /Users/leof/Documents/GitHub/IoT/IoT_I2HM_wyres/Riot_wyres/tests/cayenne-lpp/bin/wyres-base/stm32_clk//stmclk_l0l1.o
LOAD /Users/leof/Documents/GitHub/IoT/IoT_I2HM_wyres/Riot_wyres/tests/cayenne-lpp/bin/wyres-base/stm32_vectors//STM32L151xC.o
LOAD /Users/leof/Documents/GitHub/IoT/IoT_I2HM_wyres/Riot_wyres/tests/cayenne-lpp/bin/wyres-base/sx127x//sx127x.o
LOAD /Users/leof/Documents/GitHub/IoT/IoT_I2HM_wyres/Riot_wyres/tests/cayenne-lpp/bin/wyres-base/sx127x//sx127x_getset.o
LOAD /Users/leof/Documents/GitHub/IoT/IoT_I2HM_wyres/Riot_wyres/tests/cayenne-lpp/bin/wyres-base/sx127x//sx127x_internal.o
LOAD /Users/leof/Documents/GitHub/IoT/IoT_I2HM_wyres/Riot_wyres/tests/cayenne-lpp/bin/wyres-base/sx127x//sx127x_netdev.o
LOAD /Users/leof/Documents/GitHub/IoT/IoT_I2HM_wyres/Riot_wyres/tests/cayenne-lpp/bin/wyres-base/ztimer_core//convert.o
LOAD /Users/leof/Documents/GitHub/IoT/IoT_I2HM_wyres/Riot_wyres/tests/cayenne-lpp/bin/wyres-base/ztimer_core//convert_frac.o
LOAD /Users/leof/Documents/GitHub/IoT/IoT_I2HM_wyres/Riot_wyres/tests/cayenne-lpp/bin/wyres-base/ztimer_core//convert_shift.o
LOAD /Users/leof/Documents/GitHub/IoT/IoT_I2HM_wyres/Riot_wyres/tests/cayenne-lpp/bin/wyres-base/ztimer_core//core.o
LOAD /Users/leof/Documents/GitHub/IoT/IoT_I2HM_wyres/Riot_wyres/tests/cayenne-lpp/bin/wyres-base/ztimer_core//init.o
LOAD /Users/leof/Documents/GitHub/IoT/IoT_I2HM_wyres/Riot_wyres/tests/cayenne-lpp/bin/wyres-base/ztimer_core//periodic.o
LOAD /Users/leof/Documents/GitHub/IoT/IoT_I2HM_wyres/Riot_wyres/tests/cayenne-lpp/bin/wyres-base/ztimer_core//periph_timer.o
LOAD /Users/leof/Documents/GitHub/IoT/IoT_I2HM_wyres/Riot_wyres/tests/cayenne-lpp/bin/wyres-base/ztimer_core//util.o
LOAD /usr/local/Cellar/gcc-arm-none-eabi-80/20181220/bin/../lib/gcc/arm-none-eabi/8.2.1/../../../../arm-none-eabi/lib/thumb/v7-m/nofp/libm.a
LOAD /usr/local/Cellar/gcc-arm-none-eabi-80/20181220/bin/../lib/gcc/arm-none-eabi/8.2.1/thumb/v7-m/nofp/libgcc.a
                0x0000000008000000                _rom_start_addr = 0x8000000
                0x0000000020000000                _ram_start_addr = 0x20000000
                0x0000000000040000                _rom_length = 0x40000
                0x0000000000008000                _ram_length = 0x8000
LOAD /usr/local/Cellar/gcc-arm-none-eabi-80/20181220/bin/../lib/gcc/arm-none-eabi/8.2.1/../../../../arm-none-eabi/lib/thumb/v7-m/nofp/libc_nano.a
START GROUP
LOAD /usr/local/Cellar/gcc-arm-none-eabi-80/20181220/bin/../lib/gcc/arm-none-eabi/8.2.1/thumb/v7-m/nofp/libgcc.a
LOAD /usr/local/Cellar/gcc-arm-none-eabi-80/20181220/bin/../lib/gcc/arm-none-eabi/8.2.1/../../../../arm-none-eabi/lib/thumb/v7-m/nofp/libc_nano.a
END GROUP
START GROUP
LOAD /usr/local/Cellar/gcc-arm-none-eabi-80/20181220/bin/../lib/gcc/arm-none-eabi/8.2.1/thumb/v7-m/nofp/libgcc.a
LOAD /usr/local/Cellar/gcc-arm-none-eabi-80/20181220/bin/../lib/gcc/arm-none-eabi/8.2.1/../../../../arm-none-eabi/lib/thumb/v7-m/nofp/libc_nano.a
END GROUP
                0x0000000000000000                ccmram_length = DEFINED (_ccmram_len)?_ccmram_len:0x0
                0x0000000000000000                sram4_addr = DEFINED (_sram4_length)?0x28000000:0x0
                0x0000000000000000                sram4_length = DEFINED (_sram4_length)?_sram4_length:0x0
                0x0000000000000000                fmc_ram_addr = DEFINED (_fmc_ram_addr)?_fmc_ram_addr:0x0
                0x0000000000000000                fmc_ram_len = DEFINED (_fmc_ram_len)?_fmc_ram_len:0x0

.heap2          0x0000000000000000        0x0
                0x0000000000000000                _sheap2 = ORIGIN (sram4)
                0x0000000000000000                _eheap2 = (ORIGIN (sram4) + LENGTH (sram4))

.heap4          0x0000000000000000        0x0
                0x0000000000000000                _sheap3 = ORIGIN (fmcram)
                0x0000000000000000                _eheap3 = (ORIGIN (fmcram) + LENGTH (fmcram))
                0x0000000000000000                _rom_offset = DEFINED (_rom_offset)?_rom_offset:0x0
                0x0000000000040000                _fw_rom_length = DEFINED (_fw_rom_length)?_fw_rom_length:(_rom_length - _rom_offset)
                0x0000000000000001                ASSERT ((_fw_rom_length <= (_rom_length - _rom_offset)), Specified firmware size does not fit in ROM)
                0x0000000000000000                _backup_ram_start_addr = DEFINED (_backup_ram_start_addr)?_backup_ram_start_addr:0x0
                0x0000000000000000                _backup_ram_len = DEFINED (_backup_ram_len)?_backup_ram_len:0x0

.text           0x0000000008000000     0xe14c
                0x0000000008000000                . = ALIGN (0x4)
                0x0000000008000000                _sfixed = .
                0x0000000008000000                _isr_vectors = DEFINED (_isr_vectors)?_isr_vectors:.
 *(SORT_BY_NAME(.vectors*))
 .vectors.0     0x0000000008000000       0x40 /Users/leof/Documents/GitHub/IoT/IoT_I2HM_wyres/Riot_wyres/tests/cayenne-lpp/bin/wyres-base/cortexm_common//vectors_cortexm.o
                0x0000000008000000                cortex_vector_base
 .vectors.1     0x0000000008000040       0xe4 /Users/leof/Documents/GitHub/IoT/IoT_I2HM_wyres/Riot_wyres/tests/cayenne-lpp/bin/wyres-base/stm32_vectors//STM32L151xC.o
                0x0000000008000040                vector_cpu
 *(.text .text.* .gnu.linkonce.t.*)
 *fill*         0x0000000008000124        0x4 
 .text.startup.main
                0x0000000008000128      0x3d4 /Users/leof/Documents/GitHub/IoT/IoT_I2HM_wyres/Riot_wyres/tests/cayenne-lpp/bin/wyres-base/application_test-driver-sx127x-WYRES//main.o
                0x0000000008000128                main
 .text.auto_init
                0x00000000080004fc       0x24 /Users/leof/Documents/GitHub/IoT/IoT_I2HM_wyres/Riot_wyres/tests/cayenne-lpp/bin/wyres-base/auto_init//auto_init.o
                0x00000000080004fc                auto_init
 .text.auto_init_loramac
                0x0000000008000520       0x30 /Users/leof/Documents/GitHub/IoT/IoT_I2HM_wyres/Riot_wyres/tests/cayenne-lpp/bin/wyres-base/auto_init_loramac//auto_init_loramac.o
                0x0000000008000520                auto_init_loramac
 .text.board_init
                0x0000000008000550       0x38 /Users/leof/Documents/GitHub/IoT/IoT_I2HM_wyres/Riot_wyres/tests/cayenne-lpp/bin/wyres-base/board//board.o
                0x0000000008000550                board_init
 .text.cayenne_lpp_reset
                0x0000000008000588       0x12 /Users/leof/Documents/GitHub/IoT/IoT_I2HM_wyres/Riot_wyres/tests/cayenne-lpp/bin/wyres-base/cayenne-lpp//cayenne_lpp.o
                0x0000000008000588                cayenne_lpp_reset
 *fill*         0x000000000800059a        0x2 
 .text.cayenne_lpp_add_analog_input
                0x000000000800059c       0x44 /Users/leof/Documents/GitHub/IoT/IoT_I2HM_wyres/Riot_wyres/tests/cayenne-lpp/bin/wyres-base/cayenne-lpp//cayenne_lpp.o
                0x000000000800059c                cayenne_lpp_add_analog_input
 .text.cayenne_lpp_add_luminosity
                0x00000000080005e0       0x2e /Users/leof/Documents/GitHub/IoT/IoT_I2HM_wyres/Riot_wyres/tests/cayenne-lpp/bin/wyres-base/cayenne-lpp//cayenne_lpp.o
                0x00000000080005e0                cayenne_lpp_add_luminosity
 *fill*         0x000000000800060e        0x2 
 .text.cayenne_lpp_add_temperature
                0x0000000008000610       0x44 /Users/leof/Documents/GitHub/IoT/IoT_I2HM_wyres/Riot_wyres/tests/cayenne-lpp/bin/wyres-base/cayenne-lpp//cayenne_lpp.o
                0x0000000008000610                cayenne_lpp_add_temperature
 .text.cayenne_lpp_add_relative_humidity
                0x0000000008000654       0x34 /Users/leof/Documents/GitHub/IoT/IoT_I2HM_wyres/Riot_wyres/tests/cayenne-lpp/bin/wyres-base/cayenne-lpp//cayenne_lpp.o
                0x0000000008000654                cayenne_lpp_add_relative_humidity
 .text.cayenne_lpp_add_barometric_pressure
                0x0000000008000688       0x44 /Users/leof/Documents/GitHub/IoT/IoT_I2HM_wyres/Riot_wyres/tests/cayenne-lpp/bin/wyres-base/cayenne-lpp//cayenne_lpp.o
                0x0000000008000688                cayenne_lpp_add_barometric_pressure
 .text.cayenne_lpp_add_gps
                0x00000000080006cc       0xac /Users/leof/Documents/GitHub/IoT/IoT_I2HM_wyres/Riot_wyres/tests/cayenne-lpp/bin/wyres-base/cayenne-lpp//cayenne_lpp.o
                0x00000000080006cc                cayenne_lpp_add_gps
 .text._msg_receive
                0x0000000008000778       0xe4 /Users/leof/Documents/GitHub/IoT/IoT_I2HM_wyres/Riot_wyres/tests/cayenne-lpp/bin/wyres-base/core//msg.o
 .text.queue_msg
                0x000000000800085c       0x2a /Users/leof/Documents/GitHub/IoT/IoT_I2HM_wyres/Riot_wyres/tests/cayenne-lpp/bin/wyres-base/core//msg.o
 *fill*         0x0000000008000886        0x2 
 .text._msg_send_oneway
                0x0000000008000888       0x44 /Users/leof/Documents/GitHub/IoT/IoT_I2HM_wyres/Riot_wyres/tests/cayenne-lpp/bin/wyres-base/core//msg.o
 .text._msg_send
                0x00000000080008cc       0xa4 /Users/leof/Documents/GitHub/IoT/IoT_I2HM_wyres/Riot_wyres/tests/cayenne-lpp/bin/wyres-base/core//msg.o
 .text.msg_send_to_self
                0x0000000008000970       0x28 /Users/leof/Documents/GitHub/IoT/IoT_I2HM_wyres/Riot_wyres/tests/cayenne-lpp/bin/wyres-base/core//msg.o
                0x0000000008000970                msg_send_to_self
 .text.msg_send_int
                0x0000000008000998        0x8 /Users/leof/Documents/GitHub/IoT/IoT_I2HM_wyres/Riot_wyres/tests/cayenne-lpp/bin/wyres-base/core//msg.o
                0x0000000008000998                msg_send_int
 .text.msg_send
                0x00000000080009a0       0x2c /Users/leof/Documents/GitHub/IoT/IoT_I2HM_wyres/Riot_wyres/tests/cayenne-lpp/bin/wyres-base/core//msg.o
                0x00000000080009a0                msg_send
 .text.msg_send_receive
                0x00000000080009cc       0x4c /Users/leof/Documents/GitHub/IoT/IoT_I2HM_wyres/Riot_wyres/tests/cayenne-lpp/bin/wyres-base/core//msg.o
                0x00000000080009cc                msg_send_receive
 .text.msg_reply
                0x0000000008000a18       0x4c /Users/leof/Documents/GitHub/IoT/IoT_I2HM_wyres/Riot_wyres/tests/cayenne-lpp/bin/wyres-base/core//msg.o
                0x0000000008000a18                msg_reply
 .text.msg_receive
                0x0000000008000a64        0x6 /Users/leof/Documents/GitHub/IoT/IoT_I2HM_wyres/Riot_wyres/tests/cayenne-lpp/bin/wyres-base/core//msg.o
                0x0000000008000a64                msg_receive
 *fill*         0x0000000008000a6a        0x2 
 .text.msg_init_queue
                0x0000000008000a6c       0x20 /Users/leof/Documents/GitHub/IoT/IoT_I2HM_wyres/Riot_wyres/tests/cayenne-lpp/bin/wyres-base/core//msg.o
                0x0000000008000a6c                msg_init_queue
 .text.mutex_lock_internal
                0x0000000008000a8c       0x70 /Users/leof/Documents/GitHub/IoT/IoT_I2HM_wyres/Riot_wyres/tests/cayenne-lpp/bin/wyres-base/core//mutex.o
                0x0000000008000a8c                mutex_lock_internal
 .text.mutex_unlock
                0x0000000008000afc       0x44 /Users/leof/Documents/GitHub/IoT/IoT_I2HM_wyres/Riot_wyres/tests/cayenne-lpp/bin/wyres-base/core//mutex.o
                0x0000000008000afc                mutex_unlock
 .text._unschedule
                0x0000000008000b40       0x30 /Users/leof/Documents/GitHub/IoT/IoT_I2HM_wyres/Riot_wyres/tests/cayenne-lpp/bin/wyres-base/core//sched.o
 .text.sched_run
                0x0000000008000b70       0x7c /Users/leof/Documents/GitHub/IoT/IoT_I2HM_wyres/Riot_wyres/tests/cayenne-lpp/bin/wyres-base/core//sched.o
                0x0000000008000b70                sched_run
 .text.sched_set_status
                0x0000000008000bec       0x80 /Users/leof/Documents/GitHub/IoT/IoT_I2HM_wyres/Riot_wyres/tests/cayenne-lpp/bin/wyres-base/core//sched.o
                0x0000000008000bec                sched_set_status
 .text.sched_switch
                0x0000000008000c6c       0x3c /Users/leof/Documents/GitHub/IoT/IoT_I2HM_wyres/Riot_wyres/tests/cayenne-lpp/bin/wyres-base/core//sched.o
                0x0000000008000c6c                sched_switch
 .text.sched_task_exit
                0x0000000008000ca8       0x40 /Users/leof/Documents/GitHub/IoT/IoT_I2HM_wyres/Riot_wyres/tests/cayenne-lpp/bin/wyres-base/core//sched.o
                0x0000000008000ca8                sched_task_exit
 .text.thread_getname
                0x0000000008000ce8       0x1c /Users/leof/Documents/GitHub/IoT/IoT_I2HM_wyres/Riot_wyres/tests/cayenne-lpp/bin/wyres-base/core//thread.o
                0x0000000008000ce8                thread_getname
 .text.thread_add_to_list
                0x0000000008000d04       0x28 /Users/leof/Documents/GitHub/IoT/IoT_I2HM_wyres/Riot_wyres/tests/cayenne-lpp/bin/wyres-base/core//thread.o
                0x0000000008000d04                thread_add_to_list
 .text.thread_create
                0x0000000008000d2c       0xe8 /Users/leof/Documents/GitHub/IoT/IoT_I2HM_wyres/Riot_wyres/tests/cayenne-lpp/bin/wyres-base/core//thread.o
                0x0000000008000d2c                thread_create
 .text._assert_panic
                0x0000000008000e14       0x1c /Users/leof/Documents/GitHub/IoT/IoT_I2HM_wyres/Riot_wyres/tests/cayenne-lpp/bin/wyres-base/core_lib//assert.o
                0x0000000008000e14                _assert_panic
 .text.main_trampoline
                0x0000000008000e30       0x18 /Users/leof/Documents/GitHub/IoT/IoT_I2HM_wyres/Riot_wyres/tests/cayenne-lpp/bin/wyres-base/core_lib//init.o
 .text.kernel_init
                0x0000000008000e48       0x34 /Users/leof/Documents/GitHub/IoT/IoT_I2HM_wyres/Riot_wyres/tests/cayenne-lpp/bin/wyres-base/core_lib//init.o
                0x0000000008000e48                kernel_init
 .text.early_init
                0x0000000008000e7c        0xe /Users/leof/Documents/GitHub/IoT/IoT_I2HM_wyres/Riot_wyres/tests/cayenne-lpp/bin/wyres-base/core_lib//init.o
                0x0000000008000e7c                early_init
 .text.panic_app
                0x0000000008000e8a        0x2 /Users/leof/Documents/GitHub/IoT/IoT_I2HM_wyres/Riot_wyres/tests/cayenne-lpp/bin/wyres-base/core_lib//panic.o
                0x0000000008000e8a                panic_app
 .text.core_panic
                0x0000000008000e8c       0x3c /Users/leof/Documents/GitHub/IoT/IoT_I2HM_wyres/Riot_wyres/tests/cayenne-lpp/bin/wyres-base/core_lib//panic.o
                0x0000000008000e8c                core_panic
 .text.cortexm_init
                0x0000000008000ec8       0x40 /Users/leof/Documents/GitHub/IoT/IoT_I2HM_wyres/Riot_wyres/tests/cayenne-lpp/bin/wyres-base/cortexm_common//cortexm_init.o
                0x0000000008000ec8                cortexm_init
 .text.mpu_enable
                0x0000000008000f08       0x20 /Users/leof/Documents/GitHub/IoT/IoT_I2HM_wyres/Riot_wyres/tests/cayenne-lpp/bin/wyres-base/cortexm_common//mpu.o
                0x0000000008000f08                mpu_enable
 .text.mpu_configure
                0x0000000008000f28       0x18 /Users/leof/Documents/GitHub/IoT/IoT_I2HM_wyres/Riot_wyres/tests/cayenne-lpp/bin/wyres-base/cortexm_common//mpu.o
                0x0000000008000f28                mpu_configure
 .text.panic_arch
                0x0000000008000f40       0x1c /Users/leof/Documents/GitHub/IoT/IoT_I2HM_wyres/Riot_wyres/tests/cayenne-lpp/bin/wyres-base/cortexm_common//panic.o
                0x0000000008000f40                panic_arch
 .text.thread_stack_init
                0x0000000008000f5c       0x64 /Users/leof/Documents/GitHub/IoT/IoT_I2HM_wyres/Riot_wyres/tests/cayenne-lpp/bin/wyres-base/cortexm_common//thread_arch.o
                0x0000000008000f5c                thread_stack_init
 .text.cpu_switch_context_exit
                0x0000000008000fc0       0x18 /Users/leof/Documents/GitHub/IoT/IoT_I2HM_wyres/Riot_wyres/tests/cayenne-lpp/bin/wyres-base/cortexm_common//thread_arch.o
                0x0000000008000fc0                cpu_switch_context_exit
 .text.isr_pendsv
                0x0000000008000fd8       0x38 /Users/leof/Documents/GitHub/IoT/IoT_I2HM_wyres/Riot_wyres/tests/cayenne-lpp/bin/wyres-base/cortexm_common//thread_arch.o
                0x0000000008000fd8                isr_pendsv
 .text.isr_svc  0x0000000008001010       0x10 /Users/leof/Documents/GitHub/IoT/IoT_I2HM_wyres/Riot_wyres/tests/cayenne-lpp/bin/wyres-base/cortexm_common//thread_arch.o
                0x0000000008001010                isr_svc
 .text.sched_arch_idle
                0x0000000008001020       0x10 /Users/leof/Documents/GitHub/IoT/IoT_I2HM_wyres/Riot_wyres/tests/cayenne-lpp/bin/wyres-base/cortexm_common//thread_arch.o
                0x0000000008001020                sched_arch_idle
 .text.hard_fault_default
                0x0000000008001030       0x44 /Users/leof/Documents/GitHub/IoT/IoT_I2HM_wyres/Riot_wyres/tests/cayenne-lpp/bin/wyres-base/cortexm_common//vectors_cortexm.o
                0x0000000008001030                hard_fault_default
 .text.nmi_handler
                0x0000000008001074       0x10 /Users/leof/Documents/GitHub/IoT/IoT_I2HM_wyres/Riot_wyres/tests/cayenne-lpp/bin/wyres-base/cortexm_common//vectors_cortexm.o
                0x0000000008001074                nmi_handler
 .text.mem_manage_default
                0x0000000008001084       0x10 /Users/leof/Documents/GitHub/IoT/IoT_I2HM_wyres/Riot_wyres/tests/cayenne-lpp/bin/wyres-base/cortexm_common//vectors_cortexm.o
                0x0000000008001084                mem_manage_default
 .text.bus_fault_default
                0x0000000008001094       0x10 /Users/leof/Documents/GitHub/IoT/IoT_I2HM_wyres/Riot_wyres/tests/cayenne-lpp/bin/wyres-base/cortexm_common//vectors_cortexm.o
                0x0000000008001094                bus_fault_default
 .text.usage_fault_default
                0x00000000080010a4       0x10 /Users/leof/Documents/GitHub/IoT/IoT_I2HM_wyres/Riot_wyres/tests/cayenne-lpp/bin/wyres-base/cortexm_common//vectors_cortexm.o
                0x00000000080010a4                usage_fault_default
 .text.debug_mon_default
                0x00000000080010b4       0x10 /Users/leof/Documents/GitHub/IoT/IoT_I2HM_wyres/Riot_wyres/tests/cayenne-lpp/bin/wyres-base/cortexm_common//vectors_cortexm.o
                0x00000000080010b4                debug_mon_default
 .text.dummy_handler_default
                0x00000000080010c4       0x10 /Users/leof/Documents/GitHub/IoT/IoT_I2HM_wyres/Riot_wyres/tests/cayenne-lpp/bin/wyres-base/cortexm_common//vectors_cortexm.o
                0x00000000080010c4                dummy_handler_default
                0x00000000080010c4                isr_systick
 .text.pre_startup
                0x00000000080010d4        0x2 /Users/leof/Documents/GitHub/IoT/IoT_I2HM_wyres/Riot_wyres/tests/cayenne-lpp/bin/wyres-base/cortexm_common//vectors_cortexm.o
                0x00000000080010d4                pre_startup
 .text.post_startup
                0x00000000080010d6        0x2 /Users/leof/Documents/GitHub/IoT/IoT_I2HM_wyres/Riot_wyres/tests/cayenne-lpp/bin/wyres-base/cortexm_common//vectors_cortexm.o
                0x00000000080010d6                post_startup
 .text.reset_handler_default
                0x00000000080010d8       0x8c /Users/leof/Documents/GitHub/IoT/IoT_I2HM_wyres/Riot_wyres/tests/cayenne-lpp/bin/wyres-base/cortexm_common//vectors_cortexm.o
                0x00000000080010d8                reset_handler_default
 .text.hard_fault_handler
                0x0000000008001164      0x1b8 /Users/leof/Documents/GitHub/IoT/IoT_I2HM_wyres/Riot_wyres/tests/cayenne-lpp/bin/wyres-base/cortexm_common//vectors_cortexm.o
                0x0000000008001164                hard_fault_handler
 .text.periph_apb_clk
                0x000000000800131c        0x8 /Users/leof/Documents/GitHub/IoT/IoT_I2HM_wyres/Riot_wyres/tests/cayenne-lpp/bin/wyres-base/cpu//cpu_common.o
                0x000000000800131c                periph_apb_clk
 .text.periph_timer_clk
                0x0000000008001324       0x14 /Users/leof/Documents/GitHub/IoT/IoT_I2HM_wyres/Riot_wyres/tests/cayenne-lpp/bin/wyres-base/cpu//cpu_common.o
                0x0000000008001324                periph_timer_clk
 .text.periph_clk_en
                0x0000000008001338       0x34 /Users/leof/Documents/GitHub/IoT/IoT_I2HM_wyres/Riot_wyres/tests/cayenne-lpp/bin/wyres-base/cpu//cpu_common.o
                0x0000000008001338                periph_clk_en
 .text.periph_clk_dis
                0x000000000800136c       0x34 /Users/leof/Documents/GitHub/IoT/IoT_I2HM_wyres/Riot_wyres/tests/cayenne-lpp/bin/wyres-base/cpu//cpu_common.o
                0x000000000800136c                periph_clk_dis
 .text.cpu_init
                0x00000000080013a0       0x68 /Users/leof/Documents/GitHub/IoT/IoT_I2HM_wyres/Riot_wyres/tests/cayenne-lpp/bin/wyres-base/cpu//cpu_init.o
                0x00000000080013a0                cpu_init
 .text.aes_init
                0x0000000008001408       0x22 /Users/leof/Documents/GitHub/IoT/IoT_I2HM_wyres/Riot_wyres/tests/cayenne-lpp/bin/wyres-base/crypto//aes.o
                0x0000000008001408                aes_init
 *fill*         0x000000000800142a        0x2 
 .text.aes_set_encrypt_key.constprop.2
                0x000000000800142c       0xf8 /Users/leof/Documents/GitHub/IoT/IoT_I2HM_wyres/Riot_wyres/tests/cayenne-lpp/bin/wyres-base/crypto//aes.o
 .text.aes_encrypt
                0x0000000008001524      0x358 /Users/leof/Documents/GitHub/IoT/IoT_I2HM_wyres/Riot_wyres/tests/cayenne-lpp/bin/wyres-base/crypto//aes.o
                0x0000000008001524                aes_encrypt
 .text.gcd32    0x000000000800187c       0x40 /Users/leof/Documents/GitHub/IoT/IoT_I2HM_wyres/Riot_wyres/tests/cayenne-lpp/bin/wyres-base/frac//frac.o
                0x000000000800187c                gcd32
 .text.frac_init
                0x00000000080018bc       0xaa /Users/leof/Documents/GitHub/IoT/IoT_I2HM_wyres/Riot_wyres/tests/cayenne-lpp/bin/wyres-base/frac//frac.o
                0x00000000080018bc                frac_init
 .text.iolist_size
                0x0000000008001966       0x10 /Users/leof/Documents/GitHub/IoT/IoT_I2HM_wyres/Riot_wyres/tests/cayenne-lpp/bin/wyres-base/iolist//iolist.o
                0x0000000008001966                iolist_size
 .text.luid_base
                0x0000000008001976       0x62 /Users/leof/Documents/GitHub/IoT/IoT_I2HM_wyres/Riot_wyres/tests/cayenne-lpp/bin/wyres-base/luid//luid.o
                0x0000000008001976                luid_base
 .text.luid_get
                0x00000000080019d8       0x1c /Users/leof/Documents/GitHub/IoT/IoT_I2HM_wyres/Riot_wyres/tests/cayenne-lpp/bin/wyres-base/luid//luid.o
                0x00000000080019d8                luid_get
 .text.__wrap_malloc
                0x00000000080019f4       0x30 /Users/leof/Documents/GitHub/IoT/IoT_I2HM_wyres/Riot_wyres/tests/cayenne-lpp/bin/wyres-base/malloc_thread_safe//malloc_wrappers.o
                0x00000000080019f4                __wrap_malloc
 .text._init    0x0000000008001a24        0x2 /Users/leof/Documents/GitHub/IoT/IoT_I2HM_wyres/Riot_wyres/tests/cayenne-lpp/bin/wyres-base/newlib_syscalls_default//syscalls.o
                0x0000000008001a24                _init
 .text._fini    0x0000000008001a26        0x2 /Users/leof/Documents/GitHub/IoT/IoT_I2HM_wyres/Riot_wyres/tests/cayenne-lpp/bin/wyres-base/newlib_syscalls_default//syscalls.o
                0x0000000008001a26                _fini
 .text._sbrk_r  0x0000000008001a28       0x40 /Users/leof/Documents/GitHub/IoT/IoT_I2HM_wyres/Riot_wyres/tests/cayenne-lpp/bin/wyres-base/newlib_syscalls_default//syscalls.o
                0x0000000008001a28                _sbrk_r
 .text._read_r  0x0000000008001a68        0x8 /Users/leof/Documents/GitHub/IoT/IoT_I2HM_wyres/Riot_wyres/tests/cayenne-lpp/bin/wyres-base/newlib_syscalls_default//syscalls.o
                0x0000000008001a68                _read_r
 .text._write_r
                0x0000000008001a70        0x8 /Users/leof/Documents/GitHub/IoT/IoT_I2HM_wyres/Riot_wyres/tests/cayenne-lpp/bin/wyres-base/newlib_syscalls_default//syscalls.o
                0x0000000008001a70                _write_r
 .text._close_r
                0x0000000008001a78        0xa /Users/leof/Documents/GitHub/IoT/IoT_I2HM_wyres/Riot_wyres/tests/cayenne-lpp/bin/wyres-base/newlib_syscalls_default//syscalls.o
                0x0000000008001a78                _close_r
 .text._lseek_r
                0x0000000008001a82        0xa /Users/leof/Documents/GitHub/IoT/IoT_I2HM_wyres/Riot_wyres/tests/cayenne-lpp/bin/wyres-base/newlib_syscalls_default//syscalls.o
                0x0000000008001a82                _lseek_r
 .text._fstat_r
                0x0000000008001a8c        0xa /Users/leof/Documents/GitHub/IoT/IoT_I2HM_wyres/Riot_wyres/tests/cayenne-lpp/bin/wyres-base/newlib_syscalls_default//syscalls.o
                0x0000000008001a8c                _fstat_r
 .text._isatty_r
                0x0000000008001a96        0xe /Users/leof/Documents/GitHub/IoT/IoT_I2HM_wyres/Riot_wyres/tests/cayenne-lpp/bin/wyres-base/newlib_syscalls_default//syscalls.o
                0x0000000008001a96                _isatty_r
 .text.eeprom_read
                0x0000000008001aa4       0x32 /Users/leof/Documents/GitHub/IoT/IoT_I2HM_wyres/Riot_wyres/tests/cayenne-lpp/bin/wyres-base/periph//eeprom.o
                0x0000000008001aa4                eeprom_read
 .text.eeprom_write
                0x0000000008001ad6       0x40 /Users/leof/Documents/GitHub/IoT/IoT_I2HM_wyres/Riot_wyres/tests/cayenne-lpp/bin/wyres-base/periph//eeprom.o
                0x0000000008001ad6                eeprom_write
 *fill*         0x0000000008001b16        0x2 
 .text._unlock  0x0000000008001b18       0x20 /Users/leof/Documents/GitHub/IoT/IoT_I2HM_wyres/Riot_wyres/tests/cayenne-lpp/bin/wyres-base/periph//flash_common.o
                0x0000000008001b18                _unlock
 .text._lock    0x0000000008001b38       0x18 /Users/leof/Documents/GitHub/IoT/IoT_I2HM_wyres/Riot_wyres/tests/cayenne-lpp/bin/wyres-base/periph//flash_common.o
                0x0000000008001b38                _lock
 .text._wait_for_pending_operations
                0x0000000008001b50       0x18 /Users/leof/Documents/GitHub/IoT/IoT_I2HM_wyres/Riot_wyres/tests/cayenne-lpp/bin/wyres-base/periph//flash_common.o
                0x0000000008001b50                _wait_for_pending_operations
 .text.gpio_init
                0x0000000008001b68       0x6e /Users/leof/Documents/GitHub/IoT/IoT_I2HM_wyres/Riot_wyres/tests/cayenne-lpp/bin/wyres-base/periph//gpio_all.o
                0x0000000008001b68                gpio_init
 .text.gpio_init_af
                0x0000000008001bd6       0x58 /Users/leof/Documents/GitHub/IoT/IoT_I2HM_wyres/Riot_wyres/tests/cayenne-lpp/bin/wyres-base/periph//gpio_all.o
                0x0000000008001bd6                gpio_init_af
 .text.gpio_read
                0x0000000008001c2e       0x14 /Users/leof/Documents/GitHub/IoT/IoT_I2HM_wyres/Riot_wyres/tests/cayenne-lpp/bin/wyres-base/periph//gpio_all.o
                0x0000000008001c2e                gpio_read
 .text.gpio_set
                0x0000000008001c42       0x12 /Users/leof/Documents/GitHub/IoT/IoT_I2HM_wyres/Riot_wyres/tests/cayenne-lpp/bin/wyres-base/periph//gpio_all.o
                0x0000000008001c42                gpio_set
 .text.gpio_clear
                0x0000000008001c54       0x14 /Users/leof/Documents/GitHub/IoT/IoT_I2HM_wyres/Riot_wyres/tests/cayenne-lpp/bin/wyres-base/periph//gpio_all.o
                0x0000000008001c54                gpio_clear
 .text.gpio_write
                0x0000000008001c68        0xa /Users/leof/Documents/GitHub/IoT/IoT_I2HM_wyres/Riot_wyres/tests/cayenne-lpp/bin/wyres-base/periph//gpio_all.o
                0x0000000008001c68                gpio_write
 *fill*         0x0000000008001c72        0x2 
 .text.gpio_init_int
                0x0000000008001c74       0xc0 /Users/leof/Documents/GitHub/IoT/IoT_I2HM_wyres/Riot_wyres/tests/cayenne-lpp/bin/wyres-base/periph//gpio_all.o
                0x0000000008001c74                gpio_init_int
 .text.isr_exti
                0x0000000008001d34       0x58 /Users/leof/Documents/GitHub/IoT/IoT_I2HM_wyres/Riot_wyres/tests/cayenne-lpp/bin/wyres-base/periph//gpio_all.o
                0x0000000008001d34                isr_exti
 .text.pm_set   0x0000000008001d8c       0x7c /Users/leof/Documents/GitHub/IoT/IoT_I2HM_wyres/Riot_wyres/tests/cayenne-lpp/bin/wyres-base/periph//pm.o
                0x0000000008001d8c                pm_set
 .text.spi_init_pins
                0x0000000008001e08       0x58 /Users/leof/Documents/GitHub/IoT/IoT_I2HM_wyres/Riot_wyres/tests/cayenne-lpp/bin/wyres-base/periph//spi.o
                0x0000000008001e08                spi_init_pins
 .text.spi_init
                0x0000000008001e60       0x3c /Users/leof/Documents/GitHub/IoT/IoT_I2HM_wyres/Riot_wyres/tests/cayenne-lpp/bin/wyres-base/periph//spi.o
                0x0000000008001e60                spi_init
 .text.spi_init_cs
                0x0000000008001e9c       0x54 /Users/leof/Documents/GitHub/IoT/IoT_I2HM_wyres/Riot_wyres/tests/cayenne-lpp/bin/wyres-base/periph//spi.o
                0x0000000008001e9c                spi_init_cs
 .text.spi_init_with_gpio_mode
                0x0000000008001ef0       0x50 /Users/leof/Documents/GitHub/IoT/IoT_I2HM_wyres/Riot_wyres/tests/cayenne-lpp/bin/wyres-base/periph//spi.o
                0x0000000008001ef0                spi_init_with_gpio_mode
 .text.spi_acquire
                0x0000000008001f40       0x88 /Users/leof/Documents/GitHub/IoT/IoT_I2HM_wyres/Riot_wyres/tests/cayenne-lpp/bin/wyres-base/periph//spi.o
                0x0000000008001f40                spi_acquire
 .text.spi_release
                0x0000000008001fc8       0x38 /Users/leof/Documents/GitHub/IoT/IoT_I2HM_wyres/Riot_wyres/tests/cayenne-lpp/bin/wyres-base/periph//spi.o
                0x0000000008001fc8                spi_release
 .text.spi_transfer_bytes
                0x0000000008002000       0xe0 /Users/leof/Documents/GitHub/IoT/IoT_I2HM_wyres/Riot_wyres/tests/cayenne-lpp/bin/wyres-base/periph//spi.o
                0x0000000008002000                spi_transfer_bytes
 .text.timer_set
                0x00000000080020e0       0x64 /Users/leof/Documents/GitHub/IoT/IoT_I2HM_wyres/Riot_wyres/tests/cayenne-lpp/bin/wyres-base/periph//timer.o
                0x00000000080020e0                timer_set
 .text.timer_clear
                0x0000000008002144       0x3c /Users/leof/Documents/GitHub/IoT/IoT_I2HM_wyres/Riot_wyres/tests/cayenne-lpp/bin/wyres-base/periph//timer.o
                0x0000000008002144                timer_clear
 .text.timer_read
                0x0000000008002180       0x10 /Users/leof/Documents/GitHub/IoT/IoT_I2HM_wyres/Riot_wyres/tests/cayenne-lpp/bin/wyres-base/periph//timer.o
                0x0000000008002180                timer_read
 .text.timer_start
                0x0000000008002190       0x20 /Users/leof/Documents/GitHub/IoT/IoT_I2HM_wyres/Riot_wyres/tests/cayenne-lpp/bin/wyres-base/periph//timer.o
                0x0000000008002190                timer_start
 .text.timer_init
                0x00000000080021b0       0x58 /Users/leof/Documents/GitHub/IoT/IoT_I2HM_wyres/Riot_wyres/tests/cayenne-lpp/bin/wyres-base/periph//timer.o
                0x00000000080021b0                timer_init
 .text.isr_tim3
                0x0000000008002208       0x74 /Users/leof/Documents/GitHub/IoT/IoT_I2HM_wyres/Riot_wyres/tests/cayenne-lpp/bin/wyres-base/periph//timer.o
                0x0000000008002208                isr_tim3
 .text.uart_enable_clock
                0x000000000800227c       0x30 /Users/leof/Documents/GitHub/IoT/IoT_I2HM_wyres/Riot_wyres/tests/cayenne-lpp/bin/wyres-base/periph//uart.o
 .text.uart_init
                0x00000000080022ac       0x78 /Users/leof/Documents/GitHub/IoT/IoT_I2HM_wyres/Riot_wyres/tests/cayenne-lpp/bin/wyres-base/periph//uart.o
                0x00000000080022ac                uart_init
 .text.uart_write
                0x0000000008002324       0x30 /Users/leof/Documents/GitHub/IoT/IoT_I2HM_wyres/Riot_wyres/tests/cayenne-lpp/bin/wyres-base/periph//uart.o
                0x0000000008002324                uart_write
 .text.isr_usart1
                0x0000000008002354       0x44 /Users/leof/Documents/GitHub/IoT/IoT_I2HM_wyres/Riot_wyres/tests/cayenne-lpp/bin/wyres-base/periph//uart.o
                0x0000000008002354                isr_usart1
 .text.cpuid_get
                0x0000000008002398       0x14 /Users/leof/Documents/GitHub/IoT/IoT_I2HM_wyres/Riot_wyres/tests/cayenne-lpp/bin/wyres-base/periph_common//cpuid.o
                0x0000000008002398                cpuid_get
 .text.eeprom_read_byte
                0x00000000080023ac       0x16 /Users/leof/Documents/GitHub/IoT/IoT_I2HM_wyres/Riot_wyres/tests/cayenne-lpp/bin/wyres-base/periph_common//eeprom.o
                0x00000000080023ac                eeprom_read_byte
 .text.periph_init
                0x00000000080023c2        0x6 /Users/leof/Documents/GitHub/IoT/IoT_I2HM_wyres/Riot_wyres/tests/cayenne-lpp/bin/wyres-base/periph_common//init.o
                0x00000000080023c2                periph_init
 .text.led_init
                0x00000000080023c8        0x2 /Users/leof/Documents/GitHub/IoT/IoT_I2HM_wyres/Riot_wyres/tests/cayenne-lpp/bin/wyres-base/periph_common//init_leds.o
                0x00000000080023c8                led_init
 .text.spi_transfer_regs
                0x00000000080023ca       0x36 /Users/leof/Documents/GitHub/IoT/IoT_I2HM_wyres/Riot_wyres/tests/cayenne-lpp/bin/wyres-base/periph_common//spi.o
                0x00000000080023ca                spi_transfer_regs
 .text.pm_set_lowest
                0x0000000008002400       0x2c /Users/leof/Documents/GitHub/IoT/IoT_I2HM_wyres/Riot_wyres/tests/cayenne-lpp/bin/wyres-base/pm_layered//pm.o
                0x0000000008002400                pm_set_lowest
 .text.pm_block
                0x000000000800242c       0x24 /Users/leof/Documents/GitHub/IoT/IoT_I2HM_wyres/Riot_wyres/tests/cayenne-lpp/bin/wyres-base/pm_layered//pm.o
                0x000000000800242c                pm_block
 .text.pm_unblock
                0x0000000008002450       0x20 /Users/leof/Documents/GitHub/IoT/IoT_I2HM_wyres/Riot_wyres/tests/cayenne-lpp/bin/wyres-base/pm_layered//pm.o
                0x0000000008002450                pm_unblock
 .text.pm_off   0x0000000008002470       0x10 /Users/leof/Documents/GitHub/IoT/IoT_I2HM_wyres/Riot_wyres/tests/cayenne-lpp/bin/wyres-base/pm_layered//pm.o
                0x0000000008002470                pm_off
 .text.random_init
                0x0000000008002480       0x10 /Users/leof/Documents/GitHub/IoT/IoT_I2HM_wyres/Riot_wyres/tests/cayenne-lpp/bin/wyres-base/random//musl_lcg.o
                0x0000000008002480                random_init
 .text.random_uint32
                0x0000000008002490       0x30 /Users/leof/Documents/GitHub/IoT/IoT_I2HM_wyres/Riot_wyres/tests/cayenne-lpp/bin/wyres-base/random//musl_lcg.o
                0x0000000008002490                random_uint32
 .text.auto_init_random
                0x00000000080024c0       0x18 /Users/leof/Documents/GitHub/IoT/IoT_I2HM_wyres/Riot_wyres/tests/cayenne-lpp/bin/wyres-base/random//random.o
                0x00000000080024c0                auto_init_random
 .text.random_uint32_range
                0x00000000080024d8       0x3e /Users/leof/Documents/GitHub/IoT/IoT_I2HM_wyres/Riot_wyres/tests/cayenne-lpp/bin/wyres-base/random//random.o
                0x00000000080024d8                random_uint32_range
 .text.srand1   0x0000000008002516        0x2 /Users/leof/Documents/GitHub/IoT/IoT_I2HM_wyres/Riot_wyres/tests/cayenne-lpp/bin/wyres-base/semtech_loramac_arch//utilities.o
                0x0000000008002516                srand1
 .text.randr    0x0000000008002518       0x16 /Users/leof/Documents/GitHub/IoT/IoT_I2HM_wyres/Riot_wyres/tests/cayenne-lpp/bin/wyres-base/semtech_loramac_arch//utilities.o
                0x0000000008002518                randr
 .text.memcpy1  0x000000000800252e        0x4 /Users/leof/Documents/GitHub/IoT/IoT_I2HM_wyres/Riot_wyres/tests/cayenne-lpp/bin/wyres-base/semtech_loramac_arch//utilities.o
                0x000000000800252e                memcpy1
 .text.memcpyr  0x0000000008002532       0x14 /Users/leof/Documents/GitHub/IoT/IoT_I2HM_wyres/Riot_wyres/tests/cayenne-lpp/bin/wyres-base/semtech_loramac_arch//utilities.o
                0x0000000008002532                memcpyr
 .text.memset1  0x0000000008002546        0x4 /Users/leof/Documents/GitHub/IoT/IoT_I2HM_wyres/Riot_wyres/tests/cayenne-lpp/bin/wyres-base/semtech_loramac_arch//utilities.o
                0x0000000008002546                memset1
 .text._write_uint32
                0x000000000800254a       0x16 /Users/leof/Documents/GitHub/IoT/IoT_I2HM_wyres/Riot_wyres/tests/cayenne-lpp/bin/wyres-base/semtech_loramac_contrib//semtech_loramac.o
 .text._read_uint32
                0x0000000008002560       0x1c /Users/leof/Documents/GitHub/IoT/IoT_I2HM_wyres/Riot_wyres/tests/cayenne-lpp/bin/wyres-base/semtech_loramac_contrib//semtech_loramac.o
 .text.mlme_indication
                0x000000000800257c       0x24 /Users/leof/Documents/GitHub/IoT/IoT_I2HM_wyres/Riot_wyres/tests/cayenne-lpp/bin/wyres-base/semtech_loramac_contrib//semtech_loramac.o
 .text.mlme_confirm
                0x00000000080025a0       0x24 /Users/leof/Documents/GitHub/IoT/IoT_I2HM_wyres/Riot_wyres/tests/cayenne-lpp/bin/wyres-base/semtech_loramac_contrib//semtech_loramac.o
 .text.mcps_indication
                0x00000000080025c4       0x24 /Users/leof/Documents/GitHub/IoT/IoT_I2HM_wyres/Riot_wyres/tests/cayenne-lpp/bin/wyres-base/semtech_loramac_contrib//semtech_loramac.o
 .text.mcps_confirm
                0x00000000080025e8       0x24 /Users/leof/Documents/GitHub/IoT/IoT_I2HM_wyres/Riot_wyres/tests/cayenne-lpp/bin/wyres-base/semtech_loramac_contrib//semtech_loramac.o
 .text._semtech_loramac_event_cb
                0x000000000800260c       0xbc /Users/leof/Documents/GitHub/IoT/IoT_I2HM_wyres/Riot_wyres/tests/cayenne-lpp/bin/wyres-base/semtech_loramac_contrib//semtech_loramac.o
 .text._send    0x00000000080026c8       0x98 /Users/leof/Documents/GitHub/IoT/IoT_I2HM_wyres/Riot_wyres/tests/cayenne-lpp/bin/wyres-base/semtech_loramac_contrib//semtech_loramac.o
 .text._save_uplink_counter
                0x0000000008002760       0x2e /Users/leof/Documents/GitHub/IoT/IoT_I2HM_wyres/Riot_wyres/tests/cayenne-lpp/bin/wyres-base/semtech_loramac_contrib//semtech_loramac.o
 *fill*         0x000000000800278e        0x2 
 .text._semtech_loramac_event_loop
                0x0000000008002790       0xf8 /Users/leof/Documents/GitHub/IoT/IoT_I2HM_wyres/Riot_wyres/tests/cayenne-lpp/bin/wyres-base/semtech_loramac_contrib//semtech_loramac.o
                0x0000000008002790                _semtech_loramac_event_loop
 .text._join    0x0000000008002888       0xd4 /Users/leof/Documents/GitHub/IoT/IoT_I2HM_wyres/Riot_wyres/tests/cayenne-lpp/bin/wyres-base/semtech_loramac_contrib//semtech_loramac.o
 .text._init_loramac
                0x000000000800295c      0x18c /Users/leof/Documents/GitHub/IoT/IoT_I2HM_wyres/Riot_wyres/tests/cayenne-lpp/bin/wyres-base/semtech_loramac_contrib//semtech_loramac.o
                0x000000000800295c                _init_loramac
 .text.semtech_loramac_init
                0x0000000008002ae8       0x64 /Users/leof/Documents/GitHub/IoT/IoT_I2HM_wyres/Riot_wyres/tests/cayenne-lpp/bin/wyres-base/semtech_loramac_contrib//semtech_loramac.o
                0x0000000008002ae8                semtech_loramac_init
 .text.semtech_loramac_is_mac_joined
                0x0000000008002b4c       0x2a /Users/leof/Documents/GitHub/IoT/IoT_I2HM_wyres/Riot_wyres/tests/cayenne-lpp/bin/wyres-base/semtech_loramac_contrib//semtech_loramac.o
                0x0000000008002b4c                semtech_loramac_is_mac_joined
 *fill*         0x0000000008002b76        0x2 
 .text.semtech_loramac_join
                0x0000000008002b78       0x58 /Users/leof/Documents/GitHub/IoT/IoT_I2HM_wyres/Riot_wyres/tests/cayenne-lpp/bin/wyres-base/semtech_loramac_contrib//semtech_loramac.o
                0x0000000008002b78                semtech_loramac_join
 .text.semtech_loramac_send
                0x0000000008002bd0       0x5c /Users/leof/Documents/GitHub/IoT/IoT_I2HM_wyres/Riot_wyres/tests/cayenne-lpp/bin/wyres-base/semtech_loramac_contrib//semtech_loramac.o
                0x0000000008002bd0                semtech_loramac_send
 .text.mutex_lock
                0x0000000008002c2c        0x6 /Users/leof/Documents/GitHub/IoT/IoT_I2HM_wyres/Riot_wyres/tests/cayenne-lpp/bin/wyres-base/semtech_loramac_contrib//semtech_loramac_getset.o
 .text._semtech_loramac_set_rx2_params.isra.0
                0x0000000008002c32       0x30 /Users/leof/Documents/GitHub/IoT/IoT_I2HM_wyres/Riot_wyres/tests/cayenne-lpp/bin/wyres-base/semtech_loramac_contrib//semtech_loramac_getset.o
 .text.semtech_loramac_set_deveui
                0x0000000008002c62        0xe /Users/leof/Documents/GitHub/IoT/IoT_I2HM_wyres/Riot_wyres/tests/cayenne-lpp/bin/wyres-base/semtech_loramac_contrib//semtech_loramac_getset.o
                0x0000000008002c62                semtech_loramac_set_deveui
 .text.semtech_loramac_set_appeui
                0x0000000008002c70        0xe /Users/leof/Documents/GitHub/IoT/IoT_I2HM_wyres/Riot_wyres/tests/cayenne-lpp/bin/wyres-base/semtech_loramac_contrib//semtech_loramac_getset.o
                0x0000000008002c70                semtech_loramac_set_appeui
 .text.semtech_loramac_set_appkey
                0x0000000008002c7e       0x14 /Users/leof/Documents/GitHub/IoT/IoT_I2HM_wyres/Riot_wyres/tests/cayenne-lpp/bin/wyres-base/semtech_loramac_contrib//semtech_loramac_getset.o
                0x0000000008002c7e                semtech_loramac_set_appkey
 .text.semtech_loramac_set_appskey
                0x0000000008002c92       0x26 /Users/leof/Documents/GitHub/IoT/IoT_I2HM_wyres/Riot_wyres/tests/cayenne-lpp/bin/wyres-base/semtech_loramac_contrib//semtech_loramac_getset.o
                0x0000000008002c92                semtech_loramac_set_appskey
 .text.semtech_loramac_set_nwkskey
                0x0000000008002cb8       0x26 /Users/leof/Documents/GitHub/IoT/IoT_I2HM_wyres/Riot_wyres/tests/cayenne-lpp/bin/wyres-base/semtech_loramac_contrib//semtech_loramac_getset.o
                0x0000000008002cb8                semtech_loramac_set_nwkskey
 .text.semtech_loramac_set_devaddr
                0x0000000008002cde       0x2a /Users/leof/Documents/GitHub/IoT/IoT_I2HM_wyres/Riot_wyres/tests/cayenne-lpp/bin/wyres-base/semtech_loramac_contrib//semtech_loramac_getset.o
                0x0000000008002cde                semtech_loramac_set_devaddr
 .text.semtech_loramac_set_class
                0x0000000008002d08       0x28 /Users/leof/Documents/GitHub/IoT/IoT_I2HM_wyres/Riot_wyres/tests/cayenne-lpp/bin/wyres-base/semtech_loramac_contrib//semtech_loramac_getset.o
                0x0000000008002d08                semtech_loramac_set_class
 .text.semtech_loramac_set_dr
                0x0000000008002d30       0x28 /Users/leof/Documents/GitHub/IoT/IoT_I2HM_wyres/Riot_wyres/tests/cayenne-lpp/bin/wyres-base/semtech_loramac_contrib//semtech_loramac_getset.o
                0x0000000008002d30                semtech_loramac_set_dr
 .text.semtech_loramac_get_dr
                0x0000000008002d58       0x28 /Users/leof/Documents/GitHub/IoT/IoT_I2HM_wyres/Riot_wyres/tests/cayenne-lpp/bin/wyres-base/semtech_loramac_contrib//semtech_loramac_getset.o
                0x0000000008002d58                semtech_loramac_get_dr
 .text.semtech_loramac_set_adr
                0x0000000008002d80       0x28 /Users/leof/Documents/GitHub/IoT/IoT_I2HM_wyres/Riot_wyres/tests/cayenne-lpp/bin/wyres-base/semtech_loramac_contrib//semtech_loramac_getset.o
                0x0000000008002d80                semtech_loramac_set_adr
 .text.semtech_loramac_set_public_network
                0x0000000008002da8       0x28 /Users/leof/Documents/GitHub/IoT/IoT_I2HM_wyres/Riot_wyres/tests/cayenne-lpp/bin/wyres-base/semtech_loramac_contrib//semtech_loramac_getset.o
                0x0000000008002da8                semtech_loramac_set_public_network
 .text.semtech_loramac_set_netid
                0x0000000008002dd0       0x26 /Users/leof/Documents/GitHub/IoT/IoT_I2HM_wyres/Riot_wyres/tests/cayenne-lpp/bin/wyres-base/semtech_loramac_contrib//semtech_loramac_getset.o
                0x0000000008002dd0                semtech_loramac_set_netid
 .text.semtech_loramac_set_tx_port
                0x0000000008002df6        0x4 /Users/leof/Documents/GitHub/IoT/IoT_I2HM_wyres/Riot_wyres/tests/cayenne-lpp/bin/wyres-base/semtech_loramac_contrib//semtech_loramac_getset.o
                0x0000000008002df6                semtech_loramac_set_tx_port
 .text.semtech_loramac_set_tx_mode
                0x0000000008002dfa        0x4 /Users/leof/Documents/GitHub/IoT/IoT_I2HM_wyres/Riot_wyres/tests/cayenne-lpp/bin/wyres-base/semtech_loramac_contrib//semtech_loramac_getset.o
                0x0000000008002dfa                semtech_loramac_set_tx_mode
 .text.semtech_loramac_get_tx_mode
                0x0000000008002dfe        0x4 /Users/leof/Documents/GitHub/IoT/IoT_I2HM_wyres/Riot_wyres/tests/cayenne-lpp/bin/wyres-base/semtech_loramac_contrib//semtech_loramac_getset.o
                0x0000000008002dfe                semtech_loramac_get_tx_mode
 .text.semtech_loramac_set_system_max_rx_error
                0x0000000008002e02       0x26 /Users/leof/Documents/GitHub/IoT/IoT_I2HM_wyres/Riot_wyres/tests/cayenne-lpp/bin/wyres-base/semtech_loramac_contrib//semtech_loramac_getset.o
                0x0000000008002e02                semtech_loramac_set_system_max_rx_error
 .text.semtech_loramac_set_min_rx_symbols
                0x0000000008002e28       0x28 /Users/leof/Documents/GitHub/IoT/IoT_I2HM_wyres/Riot_wyres/tests/cayenne-lpp/bin/wyres-base/semtech_loramac_contrib//semtech_loramac_getset.o
                0x0000000008002e28                semtech_loramac_set_min_rx_symbols
 .text.semtech_loramac_set_rx2_freq
                0x0000000008002e50       0x2e /Users/leof/Documents/GitHub/IoT/IoT_I2HM_wyres/Riot_wyres/tests/cayenne-lpp/bin/wyres-base/semtech_loramac_contrib//semtech_loramac_getset.o
                0x0000000008002e50                semtech_loramac_set_rx2_freq
 .text.semtech_loramac_set_rx2_dr
                0x0000000008002e7e       0x2c /Users/leof/Documents/GitHub/IoT/IoT_I2HM_wyres/Riot_wyres/tests/cayenne-lpp/bin/wyres-base/semtech_loramac_contrib//semtech_loramac_getset.o
                0x0000000008002e7e                semtech_loramac_set_rx2_dr
 .text.semtech_loramac_set_uplink_counter
                0x0000000008002eaa       0x26 /Users/leof/Documents/GitHub/IoT/IoT_I2HM_wyres/Riot_wyres/tests/cayenne-lpp/bin/wyres-base/semtech_loramac_contrib//semtech_loramac_getset.o
                0x0000000008002eaa                semtech_loramac_set_uplink_counter
 .text.SX127XGetStatus
                0x0000000008002ed0       0x38 /Users/leof/Documents/GitHub/IoT/IoT_I2HM_wyres/Riot_wyres/tests/cayenne-lpp/bin/wyres-base/semtech_loramac_contrib//semtech_loramac_radio.o
                0x0000000008002ed0                SX127XGetStatus
 .text.SX127XSetModem
                0x0000000008002f08       0x24 /Users/leof/Documents/GitHub/IoT/IoT_I2HM_wyres/Riot_wyres/tests/cayenne-lpp/bin/wyres-base/semtech_loramac_contrib//semtech_loramac_radio.o
                0x0000000008002f08                SX127XSetModem
 .text.SX127XSetChannel
                0x0000000008002f2c       0x20 /Users/leof/Documents/GitHub/IoT/IoT_I2HM_wyres/Riot_wyres/tests/cayenne-lpp/bin/wyres-base/semtech_loramac_contrib//semtech_loramac_radio.o
                0x0000000008002f2c                SX127XSetChannel
 .text.SX127XRandom
                0x0000000008002f4c       0x20 /Users/leof/Documents/GitHub/IoT/IoT_I2HM_wyres/Riot_wyres/tests/cayenne-lpp/bin/wyres-base/semtech_loramac_contrib//semtech_loramac_radio.o
                0x0000000008002f4c                SX127XRandom
 .text.SX127XSetRxConfig
                0x0000000008002f6c      0x108 /Users/leof/Documents/GitHub/IoT/IoT_I2HM_wyres/Riot_wyres/tests/cayenne-lpp/bin/wyres-base/semtech_loramac_contrib//semtech_loramac_radio.o
                0x0000000008002f6c                SX127XSetRxConfig
 .text.SX127XSetTxConfig
                0x0000000008003074       0xe8 /Users/leof/Documents/GitHub/IoT/IoT_I2HM_wyres/Riot_wyres/tests/cayenne-lpp/bin/wyres-base/semtech_loramac_contrib//semtech_loramac_radio.o
                0x0000000008003074                SX127XSetTxConfig
 .text.SX127XSend
                0x000000000800315c       0x20 /Users/leof/Documents/GitHub/IoT/IoT_I2HM_wyres/Riot_wyres/tests/cayenne-lpp/bin/wyres-base/semtech_loramac_contrib//semtech_loramac_radio.o
                0x000000000800315c                SX127XSend
 .text.SX127XSleep
                0x000000000800317c       0x20 /Users/leof/Documents/GitHub/IoT/IoT_I2HM_wyres/Riot_wyres/tests/cayenne-lpp/bin/wyres-base/semtech_loramac_contrib//semtech_loramac_radio.o
                0x000000000800317c                SX127XSleep
 .text.SX127XStandby
                0x000000000800319c       0x24 /Users/leof/Documents/GitHub/IoT/IoT_I2HM_wyres/Riot_wyres/tests/cayenne-lpp/bin/wyres-base/semtech_loramac_contrib//semtech_loramac_radio.o
                0x000000000800319c                SX127XStandby
 .text.SX127XRx
                0x00000000080031c0       0x38 /Users/leof/Documents/GitHub/IoT/IoT_I2HM_wyres/Riot_wyres/tests/cayenne-lpp/bin/wyres-base/semtech_loramac_contrib//semtech_loramac_radio.o
                0x00000000080031c0                SX127XRx
 .text.SX127XStartCad
                0x00000000080031f8        0x2 /Users/leof/Documents/GitHub/IoT/IoT_I2HM_wyres/Riot_wyres/tests/cayenne-lpp/bin/wyres-base/semtech_loramac_contrib//semtech_loramac_radio.o
                0x00000000080031f8                SX127XStartCad
 *fill*         0x00000000080031fa        0x2 
 .text.SX127XRssi
                0x00000000080031fc       0x20 /Users/leof/Documents/GitHub/IoT/IoT_I2HM_wyres/Riot_wyres/tests/cayenne-lpp/bin/wyres-base/semtech_loramac_contrib//semtech_loramac_radio.o
                0x00000000080031fc                SX127XRssi
 .text.SX127XWrite
                0x000000000800321c        0x2 /Users/leof/Documents/GitHub/IoT/IoT_I2HM_wyres/Riot_wyres/tests/cayenne-lpp/bin/wyres-base/semtech_loramac_contrib//semtech_loramac_radio.o
                0x000000000800321c                SX127XWrite
 .text.SX127XRead
                0x000000000800321e        0x4 /Users/leof/Documents/GitHub/IoT/IoT_I2HM_wyres/Riot_wyres/tests/cayenne-lpp/bin/wyres-base/semtech_loramac_contrib//semtech_loramac_radio.o
                0x000000000800321e                SX127XRead
 .text.SX127XWriteBuffer
                0x0000000008003222        0x2 /Users/leof/Documents/GitHub/IoT/IoT_I2HM_wyres/Riot_wyres/tests/cayenne-lpp/bin/wyres-base/semtech_loramac_contrib//semtech_loramac_radio.o
                0x0000000008003222                SX127XWriteBuffer
 .text.SX127XSetMaxPayloadLength
                0x0000000008003224       0x20 /Users/leof/Documents/GitHub/IoT/IoT_I2HM_wyres/Riot_wyres/tests/cayenne-lpp/bin/wyres-base/semtech_loramac_contrib//semtech_loramac_radio.o
                0x0000000008003224                SX127XSetMaxPayloadLength
 .text.SX127XCheckRfFrequency
                0x0000000008003244        0x4 /Users/leof/Documents/GitHub/IoT/IoT_I2HM_wyres/Riot_wyres/tests/cayenne-lpp/bin/wyres-base/semtech_loramac_contrib//semtech_loramac_radio.o
                0x0000000008003244                SX127XCheckRfFrequency
 .text.SX127XSetTxContinuousWave
                0x0000000008003248        0x2 /Users/leof/Documents/GitHub/IoT/IoT_I2HM_wyres/Riot_wyres/tests/cayenne-lpp/bin/wyres-base/semtech_loramac_contrib//semtech_loramac_radio.o
                0x0000000008003248                SX127XSetTxContinuousWave
 *fill*         0x000000000800324a        0x2 
 .text.SX127XSetPublicNetwork
                0x000000000800324c       0x28 /Users/leof/Documents/GitHub/IoT/IoT_I2HM_wyres/Riot_wyres/tests/cayenne-lpp/bin/wyres-base/semtech_loramac_contrib//semtech_loramac_radio.o
                0x000000000800324c                SX127XSetPublicNetwork
 .text.SX127XGetWakeupTime
                0x0000000008003274        0x4 /Users/leof/Documents/GitHub/IoT/IoT_I2HM_wyres/Riot_wyres/tests/cayenne-lpp/bin/wyres-base/semtech_loramac_contrib//semtech_loramac_radio.o
                0x0000000008003274                SX127XGetWakeupTime
 .text.SX127XRxBoosted
                0x0000000008003278        0x2 /Users/leof/Documents/GitHub/IoT/IoT_I2HM_wyres/Riot_wyres/tests/cayenne-lpp/bin/wyres-base/semtech_loramac_contrib//semtech_loramac_radio.o
                0x0000000008003278                SX127XRxBoosted
 .text.SX127XSetRxDutyCycle
                0x000000000800327a        0x2 /Users/leof/Documents/GitHub/IoT/IoT_I2HM_wyres/Riot_wyres/tests/cayenne-lpp/bin/wyres-base/semtech_loramac_contrib//semtech_loramac_radio.o
                0x000000000800327a                SX127XSetRxDutyCycle
 .text.SX127XInit
                0x000000000800327c       0x1c /Users/leof/Documents/GitHub/IoT/IoT_I2HM_wyres/Riot_wyres/tests/cayenne-lpp/bin/wyres-base/semtech_loramac_contrib//semtech_loramac_radio.o
                0x000000000800327c                SX127XInit
 .text.SX127XIsChannelFree
                0x0000000008003298       0x50 /Users/leof/Documents/GitHub/IoT/IoT_I2HM_wyres/Riot_wyres/tests/cayenne-lpp/bin/wyres-base/semtech_loramac_contrib//semtech_loramac_radio.o
                0x0000000008003298                SX127XIsChannelFree
 .text.SX127XTimeOnAir
                0x00000000080032e8       0xc4 /Users/leof/Documents/GitHub/IoT/IoT_I2HM_wyres/Riot_wyres/tests/cayenne-lpp/bin/wyres-base/semtech_loramac_contrib//semtech_loramac_radio.o
                0x00000000080032e8                SX127XTimeOnAir
 .text.SX127XReadBuffer
                0x00000000080033ac        0x2 /Users/leof/Documents/GitHub/IoT/IoT_I2HM_wyres/Riot_wyres/tests/cayenne-lpp/bin/wyres-base/semtech_loramac_contrib//semtech_loramac_radio.o
                0x00000000080033ac                SX127XReadBuffer
 .text.SX127XIrqProcess
                0x00000000080033ae        0x2 /Users/leof/Documents/GitHub/IoT/IoT_I2HM_wyres/Riot_wyres/tests/cayenne-lpp/bin/wyres-base/semtech_loramac_contrib//semtech_loramac_radio.o
                0x00000000080033ae                SX127XIrqProcess
 .text.ztimer_now
                0x00000000080033b0       0x10 /Users/leof/Documents/GitHub/IoT/IoT_I2HM_wyres/Riot_wyres/tests/cayenne-lpp/bin/wyres-base/semtech_loramac_contrib//semtech_loramac_timer.o
 .text.TimerInit
                0x00000000080033c0       0x18 /Users/leof/Documents/GitHub/IoT/IoT_I2HM_wyres/Riot_wyres/tests/cayenne-lpp/bin/wyres-base/semtech_loramac_contrib//semtech_loramac_timer.o
                0x00000000080033c0                TimerInit
 .text.TimerStart
                0x00000000080033d8       0x38 /Users/leof/Documents/GitHub/IoT/IoT_I2HM_wyres/Riot_wyres/tests/cayenne-lpp/bin/wyres-base/semtech_loramac_contrib//semtech_loramac_timer.o
                0x00000000080033d8                TimerStart
 .text.TimerStop
                0x0000000008003410       0x14 /Users/leof/Documents/GitHub/IoT/IoT_I2HM_wyres/Riot_wyres/tests/cayenne-lpp/bin/wyres-base/semtech_loramac_contrib//semtech_loramac_timer.o
                0x0000000008003410                TimerStop
 .text.TimerSetValue
                0x0000000008003424       0x20 /Users/leof/Documents/GitHub/IoT/IoT_I2HM_wyres/Riot_wyres/tests/cayenne-lpp/bin/wyres-base/semtech_loramac_contrib//semtech_loramac_timer.o
                0x0000000008003424                TimerSetValue
 .text.TimerGetCurrentTime
                0x0000000008003444        0xc /Users/leof/Documents/GitHub/IoT/IoT_I2HM_wyres/Riot_wyres/tests/cayenne-lpp/bin/wyres-base/semtech_loramac_contrib//semtech_loramac_timer.o
                0x0000000008003444                TimerGetCurrentTime
 .text.TimerGetElapsedTime
                0x0000000008003450       0x14 /Users/leof/Documents/GitHub/IoT/IoT_I2HM_wyres/Riot_wyres/tests/cayenne-lpp/bin/wyres-base/semtech_loramac_contrib//semtech_loramac_timer.o
                0x0000000008003450                TimerGetElapsedTime
 .text.AES_CMAC_Init
                0x0000000008003464       0x14 /Users/leof/Documents/GitHub/IoT/IoT_I2HM_wyres/Riot_wyres/tests/cayenne-lpp/bin/wyres-base/semtech_loramac_crypto//cmac.o
                0x0000000008003464                AES_CMAC_Init
 .text.AES_CMAC_SetKey
                0x0000000008003478        0x6 /Users/leof/Documents/GitHub/IoT/IoT_I2HM_wyres/Riot_wyres/tests/cayenne-lpp/bin/wyres-base/semtech_loramac_crypto//cmac.o
                0x0000000008003478                AES_CMAC_SetKey
 .text.AES_CMAC_Update
                0x000000000800347e       0xb0 /Users/leof/Documents/GitHub/IoT/IoT_I2HM_wyres/Riot_wyres/tests/cayenne-lpp/bin/wyres-base/semtech_loramac_crypto//cmac.o
                0x000000000800347e                AES_CMAC_Update
 .text.AES_CMAC_Final
                0x000000000800352e      0x14c /Users/leof/Documents/GitHub/IoT/IoT_I2HM_wyres/Riot_wyres/tests/cayenne-lpp/bin/wyres-base/semtech_loramac_crypto//cmac.o
                0x000000000800352e                AES_CMAC_Final
 *fill*         0x000000000800367a        0x2 
 .text.ValidatePayloadLength
                0x000000000800367c       0x54 /Users/leof/Documents/GitHub/IoT/IoT_I2HM_wyres/Riot_wyres/tests/cayenne-lpp/bin/wyres-base/semtech_loramac_mac//LoRaMac.o
 .text.ResetMacParameters
                0x00000000080036d0       0xe8 /Users/leof/Documents/GitHub/IoT/IoT_I2HM_wyres/Riot_wyres/tests/cayenne-lpp/bin/wyres-base/semtech_loramac_mac//LoRaMac.o
 .text.OnAckTimeoutTimerEvent
                0x00000000080037b8       0x4c /Users/leof/Documents/GitHub/IoT/IoT_I2HM_wyres/Riot_wyres/tests/cayenne-lpp/bin/wyres-base/semtech_loramac_mac//LoRaMac.o
 .text.OnRxWindow2TimerEvent
                0x0000000008003804       0x80 /Users/leof/Documents/GitHub/IoT/IoT_I2HM_wyres/Riot_wyres/tests/cayenne-lpp/bin/wyres-base/semtech_loramac_mac//LoRaMac.o
 .text.OpenContinuousRx2Window
                0x0000000008003884       0x14 /Users/leof/Documents/GitHub/IoT/IoT_I2HM_wyres/Riot_wyres/tests/cayenne-lpp/bin/wyres-base/semtech_loramac_mac//LoRaMac.o
 .text.OnRadioRxTimeout
                0x0000000008003898       0xa4 /Users/leof/Documents/GitHub/IoT/IoT_I2HM_wyres/Riot_wyres/tests/cayenne-lpp/bin/wyres-base/semtech_loramac_mac//LoRaMac.o
 .text.OnRadioTxTimeout
                0x000000000800393c       0x40 /Users/leof/Documents/GitHub/IoT/IoT_I2HM_wyres/Riot_wyres/tests/cayenne-lpp/bin/wyres-base/semtech_loramac_mac//LoRaMac.o
 .text.OnRadioRxError
                0x000000000800397c       0xa4 /Users/leof/Documents/GitHub/IoT/IoT_I2HM_wyres/Riot_wyres/tests/cayenne-lpp/bin/wyres-base/semtech_loramac_mac//LoRaMac.o
 .text.OnRadioTxDone
                0x0000000008003a20      0x148 /Users/leof/Documents/GitHub/IoT/IoT_I2HM_wyres/Riot_wyres/tests/cayenne-lpp/bin/wyres-base/semtech_loramac_mac//LoRaMac.o
 .text.OnRxWindow1TimerEvent
                0x0000000008003b68       0x80 /Users/leof/Documents/GitHub/IoT/IoT_I2HM_wyres/Riot_wyres/tests/cayenne-lpp/bin/wyres-base/semtech_loramac_mac//LoRaMac.o
 .text.ProcessMacCommands
                0x0000000008003be8      0x448 /Users/leof/Documents/GitHub/IoT/IoT_I2HM_wyres/Riot_wyres/tests/cayenne-lpp/bin/wyres-base/semtech_loramac_mac//LoRaMac.o
 .text.PrepareFrame
                0x0000000008004030      0x388 /Users/leof/Documents/GitHub/IoT/IoT_I2HM_wyres/Riot_wyres/tests/cayenne-lpp/bin/wyres-base/semtech_loramac_mac//LoRaMac.o
                0x0000000008004030                PrepareFrame
 .text.SendFrameOnChannel
                0x00000000080043b8       0xb8 /Users/leof/Documents/GitHub/IoT/IoT_I2HM_wyres/Riot_wyres/tests/cayenne-lpp/bin/wyres-base/semtech_loramac_mac//LoRaMac.o
                0x00000000080043b8                SendFrameOnChannel
 .text.ScheduleTx
                0x0000000008004470      0x198 /Users/leof/Documents/GitHub/IoT/IoT_I2HM_wyres/Riot_wyres/tests/cayenne-lpp/bin/wyres-base/semtech_loramac_mac//LoRaMac.o
 .text.Send     0x0000000008004608       0x48 /Users/leof/Documents/GitHub/IoT/IoT_I2HM_wyres/Riot_wyres/tests/cayenne-lpp/bin/wyres-base/semtech_loramac_mac//LoRaMac.o
                0x0000000008004608                Send
 .text.OnTxDelayedTimerEvent
                0x0000000008004650       0x24 /Users/leof/Documents/GitHub/IoT/IoT_I2HM_wyres/Riot_wyres/tests/cayenne-lpp/bin/wyres-base/semtech_loramac_mac//LoRaMac.o
 .text.OnMacStateCheckTimerEvent
                0x0000000008004674      0x2e0 /Users/leof/Documents/GitHub/IoT/IoT_I2HM_wyres/Riot_wyres/tests/cayenne-lpp/bin/wyres-base/semtech_loramac_mac//LoRaMac.o
 .text.PrepareRxDoneAbort
                0x0000000008004954       0x38 /Users/leof/Documents/GitHub/IoT/IoT_I2HM_wyres/Riot_wyres/tests/cayenne-lpp/bin/wyres-base/semtech_loramac_mac//LoRaMac.o
 .text.OnRadioRxDone
                0x000000000800498c      0x4f4 /Users/leof/Documents/GitHub/IoT/IoT_I2HM_wyres/Riot_wyres/tests/cayenne-lpp/bin/wyres-base/semtech_loramac_mac//LoRaMac.o
 .text.SetTxContinuousWave
                0x0000000008004e80       0x64 /Users/leof/Documents/GitHub/IoT/IoT_I2HM_wyres/Riot_wyres/tests/cayenne-lpp/bin/wyres-base/semtech_loramac_mac//LoRaMac.o
                0x0000000008004e80                SetTxContinuousWave
 .text.SetTxContinuousWave1
                0x0000000008004ee4       0x3c /Users/leof/Documents/GitHub/IoT/IoT_I2HM_wyres/Riot_wyres/tests/cayenne-lpp/bin/wyres-base/semtech_loramac_mac//LoRaMac.o
                0x0000000008004ee4                SetTxContinuousWave1
 .text.LoRaMacInitialization
                0x0000000008004f20      0x294 /Users/leof/Documents/GitHub/IoT/IoT_I2HM_wyres/Riot_wyres/tests/cayenne-lpp/bin/wyres-base/semtech_loramac_mac//LoRaMac.o
                0x0000000008004f20                LoRaMacInitialization
 .text.LoRaMacQueryTxPossible
                0x00000000080051b4       0xec /Users/leof/Documents/GitHub/IoT/IoT_I2HM_wyres/Riot_wyres/tests/cayenne-lpp/bin/wyres-base/semtech_loramac_mac//LoRaMac.o
                0x00000000080051b4                LoRaMacQueryTxPossible
 .text.LoRaMacMibGetRequestConfirm
                0x00000000080052a0      0x13c /Users/leof/Documents/GitHub/IoT/IoT_I2HM_wyres/Riot_wyres/tests/cayenne-lpp/bin/wyres-base/semtech_loramac_mac//LoRaMac.o
                0x00000000080052a0                LoRaMacMibGetRequestConfirm
 .text.LoRaMacMibSetRequestConfirm
                0x00000000080053dc      0x2e0 /Users/leof/Documents/GitHub/IoT/IoT_I2HM_wyres/Riot_wyres/tests/cayenne-lpp/bin/wyres-base/semtech_loramac_mac//LoRaMac.o
                0x00000000080053dc                LoRaMacMibSetRequestConfirm
 .text.LoRaMacMlmeRequest
                0x00000000080056bc      0x140 /Users/leof/Documents/GitHub/IoT/IoT_I2HM_wyres/Riot_wyres/tests/cayenne-lpp/bin/wyres-base/semtech_loramac_mac//LoRaMac.o
                0x00000000080056bc                LoRaMacMlmeRequest
 .text.LoRaMacMcpsRequest
                0x00000000080057fc      0x15c /Users/leof/Documents/GitHub/IoT/IoT_I2HM_wyres/Riot_wyres/tests/cayenne-lpp/bin/wyres-base/semtech_loramac_mac//LoRaMac.o
                0x00000000080057fc                LoRaMacMcpsRequest
 .text.LoRaMacComputeMic
                0x0000000008005958       0x78 /Users/leof/Documents/GitHub/IoT/IoT_I2HM_wyres/Riot_wyres/tests/cayenne-lpp/bin/wyres-base/semtech_loramac_mac//LoRaMacCrypto.o
                0x0000000008005958                LoRaMacComputeMic
 .text.LoRaMacPayloadEncrypt
                0x00000000080059d0       0xd8 /Users/leof/Documents/GitHub/IoT/IoT_I2HM_wyres/Riot_wyres/tests/cayenne-lpp/bin/wyres-base/semtech_loramac_mac//LoRaMacCrypto.o
                0x00000000080059d0                LoRaMacPayloadEncrypt
 .text.LoRaMacPayloadDecrypt
                0x0000000008005aa8        0xe /Users/leof/Documents/GitHub/IoT/IoT_I2HM_wyres/Riot_wyres/tests/cayenne-lpp/bin/wyres-base/semtech_loramac_mac//LoRaMacCrypto.o
                0x0000000008005aa8                LoRaMacPayloadDecrypt
 *fill*         0x0000000008005ab6        0x2 
 .text.LoRaMacJoinComputeMic
                0x0000000008005ab8       0x40 /Users/leof/Documents/GitHub/IoT/IoT_I2HM_wyres/Riot_wyres/tests/cayenne-lpp/bin/wyres-base/semtech_loramac_mac//LoRaMacCrypto.o
                0x0000000008005ab8                LoRaMacJoinComputeMic
 .text.LoRaMacJoinDecrypt
                0x0000000008005af8       0x38 /Users/leof/Documents/GitHub/IoT/IoT_I2HM_wyres/Riot_wyres/tests/cayenne-lpp/bin/wyres-base/semtech_loramac_mac//LoRaMacCrypto.o
                0x0000000008005af8                LoRaMacJoinDecrypt
 .text.LoRaMacJoinComputeSKeys
                0x0000000008005b30       0x88 /Users/leof/Documents/GitHub/IoT/IoT_I2HM_wyres/Riot_wyres/tests/cayenne-lpp/bin/wyres-base/semtech_loramac_mac//LoRaMacCrypto.o
                0x0000000008005b30                LoRaMacJoinComputeSKeys
 .text.RegionIsActive
                0x0000000008005bb8        0x8 /Users/leof/Documents/GitHub/IoT/IoT_I2HM_wyres/Riot_wyres/tests/cayenne-lpp/bin/wyres-base/semtech_loramac_mac_region//Region.o
                0x0000000008005bb8                RegionIsActive
 .text.RegionGetPhyParam
                0x0000000008005bc0        0xe /Users/leof/Documents/GitHub/IoT/IoT_I2HM_wyres/Riot_wyres/tests/cayenne-lpp/bin/wyres-base/semtech_loramac_mac_region//Region.o
                0x0000000008005bc0                RegionGetPhyParam
 .text.RegionSetBandTxDone
                0x0000000008005bce        0xc /Users/leof/Documents/GitHub/IoT/IoT_I2HM_wyres/Riot_wyres/tests/cayenne-lpp/bin/wyres-base/semtech_loramac_mac_region//Region.o
                0x0000000008005bce                RegionSetBandTxDone
 .text.RegionInitDefaults
                0x0000000008005bda        0xc /Users/leof/Documents/GitHub/IoT/IoT_I2HM_wyres/Riot_wyres/tests/cayenne-lpp/bin/wyres-base/semtech_loramac_mac_region//Region.o
                0x0000000008005bda                RegionInitDefaults
 .text.RegionVerify
                0x0000000008005be6       0x12 /Users/leof/Documents/GitHub/IoT/IoT_I2HM_wyres/Riot_wyres/tests/cayenne-lpp/bin/wyres-base/semtech_loramac_mac_region//Region.o
                0x0000000008005be6                RegionVerify
 .text.RegionApplyCFList
                0x0000000008005bf8        0xc /Users/leof/Documents/GitHub/IoT/IoT_I2HM_wyres/Riot_wyres/tests/cayenne-lpp/bin/wyres-base/semtech_loramac_mac_region//Region.o
                0x0000000008005bf8                RegionApplyCFList
 .text.RegionChanMaskSet
                0x0000000008005c04        0xe /Users/leof/Documents/GitHub/IoT/IoT_I2HM_wyres/Riot_wyres/tests/cayenne-lpp/bin/wyres-base/semtech_loramac_mac_region//Region.o
                0x0000000008005c04                RegionChanMaskSet
 .text.RegionAdrNext
                0x0000000008005c12       0x1c /Users/leof/Documents/GitHub/IoT/IoT_I2HM_wyres/Riot_wyres/tests/cayenne-lpp/bin/wyres-base/semtech_loramac_mac_region//Region.o
                0x0000000008005c12                RegionAdrNext
 .text.RegionComputeRxWindowParameters
                0x0000000008005c2e       0x1a /Users/leof/Documents/GitHub/IoT/IoT_I2HM_wyres/Riot_wyres/tests/cayenne-lpp/bin/wyres-base/semtech_loramac_mac_region//Region.o
                0x0000000008005c2e                RegionComputeRxWindowParameters
 .text.RegionRxConfig
                0x0000000008005c48       0x12 /Users/leof/Documents/GitHub/IoT/IoT_I2HM_wyres/Riot_wyres/tests/cayenne-lpp/bin/wyres-base/semtech_loramac_mac_region//Region.o
                0x0000000008005c48                RegionRxConfig
 .text.RegionTxConfig
                0x0000000008005c5a       0x1a /Users/leof/Documents/GitHub/IoT/IoT_I2HM_wyres/Riot_wyres/tests/cayenne-lpp/bin/wyres-base/semtech_loramac_mac_region//Region.o
                0x0000000008005c5a                RegionTxConfig
 .text.RegionLinkAdrReq
                0x0000000008005c74       0x20 /Users/leof/Documents/GitHub/IoT/IoT_I2HM_wyres/Riot_wyres/tests/cayenne-lpp/bin/wyres-base/semtech_loramac_mac_region//Region.o
                0x0000000008005c74                RegionLinkAdrReq
 .text.RegionRxParamSetupReq
                0x0000000008005c94        0xe /Users/leof/Documents/GitHub/IoT/IoT_I2HM_wyres/Riot_wyres/tests/cayenne-lpp/bin/wyres-base/semtech_loramac_mac_region//Region.o
                0x0000000008005c94                RegionRxParamSetupReq
 .text.RegionNewChannelReq
                0x0000000008005ca2        0xe /Users/leof/Documents/GitHub/IoT/IoT_I2HM_wyres/Riot_wyres/tests/cayenne-lpp/bin/wyres-base/semtech_loramac_mac_region//Region.o
                0x0000000008005ca2                RegionNewChannelReq
 .text.RegionTxParamSetupReq
                0x0000000008005cb0        0xe /Users/leof/Documents/GitHub/IoT/IoT_I2HM_wyres/Riot_wyres/tests/cayenne-lpp/bin/wyres-base/semtech_loramac_mac_region//Region.o
                0x0000000008005cb0                RegionTxParamSetupReq
 .text.RegionDlChannelReq
                0x0000000008005cbe        0xe /Users/leof/Documents/GitHub/IoT/IoT_I2HM_wyres/Riot_wyres/tests/cayenne-lpp/bin/wyres-base/semtech_loramac_mac_region//Region.o
                0x0000000008005cbe                RegionDlChannelReq
 .text.RegionAlternateDr
                0x0000000008005ccc        0xe /Users/leof/Documents/GitHub/IoT/IoT_I2HM_wyres/Riot_wyres/tests/cayenne-lpp/bin/wyres-base/semtech_loramac_mac_region//Region.o
                0x0000000008005ccc                RegionAlternateDr
 .text.RegionCalcBackOff
                0x0000000008005cda        0xc /Users/leof/Documents/GitHub/IoT/IoT_I2HM_wyres/Riot_wyres/tests/cayenne-lpp/bin/wyres-base/semtech_loramac_mac_region//Region.o
                0x0000000008005cda                RegionCalcBackOff
 .text.RegionNextChannel
                0x0000000008005ce6       0x1c /Users/leof/Documents/GitHub/IoT/IoT_I2HM_wyres/Riot_wyres/tests/cayenne-lpp/bin/wyres-base/semtech_loramac_mac_region//Region.o
                0x0000000008005ce6                RegionNextChannel
 .text.RegionSetContinuousWave
                0x0000000008005d02        0xc /Users/leof/Documents/GitHub/IoT/IoT_I2HM_wyres/Riot_wyres/tests/cayenne-lpp/bin/wyres-base/semtech_loramac_mac_region//Region.o
                0x0000000008005d02                RegionSetContinuousWave
 .text.RegionApplyDrOffset
                0x0000000008005d0e       0x1a /Users/leof/Documents/GitHub/IoT/IoT_I2HM_wyres/Riot_wyres/tests/cayenne-lpp/bin/wyres-base/semtech_loramac_mac_region//Region.o
                0x0000000008005d0e                RegionApplyDrOffset
 .text.RegionCommonGetJoinDc
                0x0000000008005d28       0x24 /Users/leof/Documents/GitHub/IoT/IoT_I2HM_wyres/Riot_wyres/tests/cayenne-lpp/bin/wyres-base/semtech_loramac_mac_region//RegionCommon.o
                0x0000000008005d28                RegionCommonGetJoinDc
 .text.RegionCommonChanVerifyDr
                0x0000000008005d4c       0x68 /Users/leof/Documents/GitHub/IoT/IoT_I2HM_wyres/Riot_wyres/tests/cayenne-lpp/bin/wyres-base/semtech_loramac_mac_region//RegionCommon.o
                0x0000000008005d4c                RegionCommonChanVerifyDr
 .text.RegionCommonValueInRange
                0x0000000008005db4       0x12 /Users/leof/Documents/GitHub/IoT/IoT_I2HM_wyres/Riot_wyres/tests/cayenne-lpp/bin/wyres-base/semtech_loramac_mac_region//RegionCommon.o
                0x0000000008005db4                RegionCommonValueInRange
 .text.RegionCommonChanDisable
                0x0000000008005dc6       0x2c /Users/leof/Documents/GitHub/IoT/IoT_I2HM_wyres/Riot_wyres/tests/cayenne-lpp/bin/wyres-base/semtech_loramac_mac_region//RegionCommon.o
                0x0000000008005dc6                RegionCommonChanDisable
 .text.RegionCommonCountChannels
                0x0000000008005df2       0x3c /Users/leof/Documents/GitHub/IoT/IoT_I2HM_wyres/Riot_wyres/tests/cayenne-lpp/bin/wyres-base/semtech_loramac_mac_region//RegionCommon.o
                0x0000000008005df2                RegionCommonCountChannels
 .text.RegionCommonChanMaskCopy
                0x0000000008005e2e       0x1e /Users/leof/Documents/GitHub/IoT/IoT_I2HM_wyres/Riot_wyres/tests/cayenne-lpp/bin/wyres-base/semtech_loramac_mac_region//RegionCommon.o
                0x0000000008005e2e                RegionCommonChanMaskCopy
 .text.RegionCommonSetBandTxDone
                0x0000000008005e4c        0xa /Users/leof/Documents/GitHub/IoT/IoT_I2HM_wyres/Riot_wyres/tests/cayenne-lpp/bin/wyres-base/semtech_loramac_mac_region//RegionCommon.o
                0x0000000008005e4c                RegionCommonSetBandTxDone
 .text.RegionCommonUpdateBandTimeOff
                0x0000000008005e56       0x9c /Users/leof/Documents/GitHub/IoT/IoT_I2HM_wyres/Riot_wyres/tests/cayenne-lpp/bin/wyres-base/semtech_loramac_mac_region//RegionCommon.o
                0x0000000008005e56                RegionCommonUpdateBandTimeOff
 .text.RegionCommonParseLinkAdrReq
                0x0000000008005ef2       0x34 /Users/leof/Documents/GitHub/IoT/IoT_I2HM_wyres/Riot_wyres/tests/cayenne-lpp/bin/wyres-base/semtech_loramac_mac_region//RegionCommon.o
                0x0000000008005ef2                RegionCommonParseLinkAdrReq
 .text.RegionCommonLinkAdrReqVerifyParams
                0x0000000008005f26       0x8e /Users/leof/Documents/GitHub/IoT/IoT_I2HM_wyres/Riot_wyres/tests/cayenne-lpp/bin/wyres-base/semtech_loramac_mac_region//RegionCommon.o
                0x0000000008005f26                RegionCommonLinkAdrReqVerifyParams
 .text.RegionCommonComputeSymbolTimeLoRa
                0x0000000008005fb4       0x34 /Users/leof/Documents/GitHub/IoT/IoT_I2HM_wyres/Riot_wyres/tests/cayenne-lpp/bin/wyres-base/semtech_loramac_mac_region//RegionCommon.o
                0x0000000008005fb4                RegionCommonComputeSymbolTimeLoRa
 .text.RegionCommonComputeSymbolTimeFsk
                0x0000000008005fe8       0x18 /Users/leof/Documents/GitHub/IoT/IoT_I2HM_wyres/Riot_wyres/tests/cayenne-lpp/bin/wyres-base/semtech_loramac_mac_region//RegionCommon.o
                0x0000000008005fe8                RegionCommonComputeSymbolTimeFsk
 .text.RegionCommonComputeRxWindowParameters
                0x0000000008006000       0xac /Users/leof/Documents/GitHub/IoT/IoT_I2HM_wyres/Riot_wyres/tests/cayenne-lpp/bin/wyres-base/semtech_loramac_mac_region//RegionCommon.o
                0x0000000008006000                RegionCommonComputeRxWindowParameters
 .text.RegionCommonComputeTxPower
                0x00000000080060ac       0x2a /Users/leof/Documents/GitHub/IoT/IoT_I2HM_wyres/Riot_wyres/tests/cayenne-lpp/bin/wyres-base/semtech_loramac_mac_region//RegionCommon.o
                0x00000000080060ac                RegionCommonComputeTxPower
 .text.RegionCommonCalcBackOff
                0x00000000080060d6       0x4e /Users/leof/Documents/GitHub/IoT/IoT_I2HM_wyres/Riot_wyres/tests/cayenne-lpp/bin/wyres-base/semtech_loramac_mac_region//RegionCommon.o
                0x00000000080060d6                RegionCommonCalcBackOff
 .text.VerifyTxFreq
                0x0000000008006124       0x98 /Users/leof/Documents/GitHub/IoT/IoT_I2HM_wyres/Riot_wyres/tests/cayenne-lpp/bin/wyres-base/semtech_loramac_mac_region//RegionEU868.o
 .text.RegionEU868GetPhyParam
                0x00000000080061bc       0xc0 /Users/leof/Documents/GitHub/IoT/IoT_I2HM_wyres/Riot_wyres/tests/cayenne-lpp/bin/wyres-base/semtech_loramac_mac_region//RegionEU868.o
                0x00000000080061bc                RegionEU868GetPhyParam
 .text.RegionEU868SetBandTxDone
                0x000000000800627c       0x24 /Users/leof/Documents/GitHub/IoT/IoT_I2HM_wyres/Riot_wyres/tests/cayenne-lpp/bin/wyres-base/semtech_loramac_mac_region//RegionEU868.o
                0x000000000800627c                RegionEU868SetBandTxDone
 .text.RegionEU868InitDefaults
                0x00000000080062a0       0x6c /Users/leof/Documents/GitHub/IoT/IoT_I2HM_wyres/Riot_wyres/tests/cayenne-lpp/bin/wyres-base/semtech_loramac_mac_region//RegionEU868.o
                0x00000000080062a0                RegionEU868InitDefaults
 .text.RegionEU868Verify
                0x000000000800630c       0x34 /Users/leof/Documents/GitHub/IoT/IoT_I2HM_wyres/Riot_wyres/tests/cayenne-lpp/bin/wyres-base/semtech_loramac_mac_region//RegionEU868.o
                0x000000000800630c                RegionEU868Verify
 .text.RegionEU868ChanMaskSet
                0x0000000008006340       0x34 /Users/leof/Documents/GitHub/IoT/IoT_I2HM_wyres/Riot_wyres/tests/cayenne-lpp/bin/wyres-base/semtech_loramac_mac_region//RegionEU868.o
                0x0000000008006340                RegionEU868ChanMaskSet
 .text.RegionEU868AdrNext
                0x0000000008006374       0x78 /Users/leof/Documents/GitHub/IoT/IoT_I2HM_wyres/Riot_wyres/tests/cayenne-lpp/bin/wyres-base/semtech_loramac_mac_region//RegionEU868.o
                0x0000000008006374                RegionEU868AdrNext
 .text.RegionEU868ComputeRxWindowParameters
                0x00000000080063ec       0x84 /Users/leof/Documents/GitHub/IoT/IoT_I2HM_wyres/Riot_wyres/tests/cayenne-lpp/bin/wyres-base/semtech_loramac_mac_region//RegionEU868.o
                0x00000000080063ec                RegionEU868ComputeRxWindowParameters
 .text.RegionEU868RxConfig
                0x0000000008006470       0xdc /Users/leof/Documents/GitHub/IoT/IoT_I2HM_wyres/Riot_wyres/tests/cayenne-lpp/bin/wyres-base/semtech_loramac_mac_region//RegionEU868.o
                0x0000000008006470                RegionEU868RxConfig
 .text.RegionEU868TxConfig
                0x000000000800654c      0x108 /Users/leof/Documents/GitHub/IoT/IoT_I2HM_wyres/Riot_wyres/tests/cayenne-lpp/bin/wyres-base/semtech_loramac_mac_region//RegionEU868.o
                0x000000000800654c                RegionEU868TxConfig
 .text.RegionEU868LinkAdrReq
                0x0000000008006654      0x144 /Users/leof/Documents/GitHub/IoT/IoT_I2HM_wyres/Riot_wyres/tests/cayenne-lpp/bin/wyres-base/semtech_loramac_mac_region//RegionEU868.o
                0x0000000008006654                RegionEU868LinkAdrReq
 .text.RegionEU868RxParamSetupReq
                0x0000000008006798       0x44 /Users/leof/Documents/GitHub/IoT/IoT_I2HM_wyres/Riot_wyres/tests/cayenne-lpp/bin/wyres-base/semtech_loramac_mac_region//RegionEU868.o
                0x0000000008006798                RegionEU868RxParamSetupReq
 .text.RegionEU868TxParamSetupReq
                0x00000000080067dc        0x6 /Users/leof/Documents/GitHub/IoT/IoT_I2HM_wyres/Riot_wyres/tests/cayenne-lpp/bin/wyres-base/semtech_loramac_mac_region//RegionEU868.o
                0x00000000080067dc                RegionEU868TxParamSetupReq
 *fill*         0x00000000080067e2        0x2 
 .text.RegionEU868DlChannelReq
                0x00000000080067e4       0x44 /Users/leof/Documents/GitHub/IoT/IoT_I2HM_wyres/Riot_wyres/tests/cayenne-lpp/bin/wyres-base/semtech_loramac_mac_region//RegionEU868.o
                0x00000000080067e4                RegionEU868DlChannelReq
 .text.RegionEU868AlternateDr
                0x0000000008006828        0x2 /Users/leof/Documents/GitHub/IoT/IoT_I2HM_wyres/Riot_wyres/tests/cayenne-lpp/bin/wyres-base/semtech_loramac_mac_region//RegionEU868.o
                0x0000000008006828                RegionEU868AlternateDr
 *fill*         0x000000000800682a        0x2 
 .text.RegionEU868CalcBackOff
                0x000000000800682c       0x38 /Users/leof/Documents/GitHub/IoT/IoT_I2HM_wyres/Riot_wyres/tests/cayenne-lpp/bin/wyres-base/semtech_loramac_mac_region//RegionEU868.o
                0x000000000800682c                RegionEU868CalcBackOff
 .text.RegionEU868NextChannel
                0x0000000008006864      0x124 /Users/leof/Documents/GitHub/IoT/IoT_I2HM_wyres/Riot_wyres/tests/cayenne-lpp/bin/wyres-base/semtech_loramac_mac_region//RegionEU868.o
                0x0000000008006864                RegionEU868NextChannel
 .text.RegionEU868ChannelAdd
                0x0000000008006988       0xdc /Users/leof/Documents/GitHub/IoT/IoT_I2HM_wyres/Riot_wyres/tests/cayenne-lpp/bin/wyres-base/semtech_loramac_mac_region//RegionEU868.o
                0x0000000008006988                RegionEU868ChannelAdd
 .text.RegionEU868ChannelsRemove
                0x0000000008006a64       0x30 /Users/leof/Documents/GitHub/IoT/IoT_I2HM_wyres/Riot_wyres/tests/cayenne-lpp/bin/wyres-base/semtech_loramac_mac_region//RegionEU868.o
                0x0000000008006a64                RegionEU868ChannelsRemove
 .text.RegionEU868ApplyCFList
                0x0000000008006a94       0x76 /Users/leof/Documents/GitHub/IoT/IoT_I2HM_wyres/Riot_wyres/tests/cayenne-lpp/bin/wyres-base/semtech_loramac_mac_region//RegionEU868.o
                0x0000000008006a94                RegionEU868ApplyCFList
 *fill*         0x0000000008006b0a        0x2 
 .text.RegionEU868NewChannelReq
                0x0000000008006b0c       0x3c /Users/leof/Documents/GitHub/IoT/IoT_I2HM_wyres/Riot_wyres/tests/cayenne-lpp/bin/wyres-base/semtech_loramac_mac_region//RegionEU868.o
                0x0000000008006b0c                RegionEU868NewChannelReq
 .text.RegionEU868SetContinuousWave
                0x0000000008006b48       0x4c /Users/leof/Documents/GitHub/IoT/IoT_I2HM_wyres/Riot_wyres/tests/cayenne-lpp/bin/wyres-base/semtech_loramac_mac_region//RegionEU868.o
                0x0000000008006b48                RegionEU868SetContinuousWave
 .text.RegionEU868ApplyDrOffset
                0x0000000008006b94        0xc /Users/leof/Documents/GitHub/IoT/IoT_I2HM_wyres/Riot_wyres/tests/cayenne-lpp/bin/wyres-base/semtech_loramac_mac_region//RegionEU868.o
                0x0000000008006b94                RegionEU868ApplyDrOffset
 .text.stdio_init
                0x0000000008006ba0        0xe /Users/leof/Documents/GitHub/IoT/IoT_I2HM_wyres/Riot_wyres/tests/cayenne-lpp/bin/wyres-base/stdio_uart//stdio_uart.o
                0x0000000008006ba0                stdio_init
 .text.stdio_read
                0x0000000008006bae        0x6 /Users/leof/Documents/GitHub/IoT/IoT_I2HM_wyres/Riot_wyres/tests/cayenne-lpp/bin/wyres-base/stdio_uart//stdio_uart.o
                0x0000000008006bae                stdio_read
 .text.stdio_write
                0x0000000008006bb4       0x12 /Users/leof/Documents/GitHub/IoT/IoT_I2HM_wyres/Riot_wyres/tests/cayenne-lpp/bin/wyres-base/stdio_uart//stdio_uart.o
                0x0000000008006bb4                stdio_write
 *fill*         0x0000000008006bc6        0x2 