Archive member included to satisfy reference by file (symbol)

/usr/lib/gcc/arm-none-eabi/9.2.1/thumb/v7-m/nofp/libgcc.a(_aeabi_ldivmod.o)
                              /home/sarah/github/IoT_I2HM_wyres/Riot_wyres/tests/bme680/bin/wyres-base/driver_bme680/bme680_internal.o (__aeabi_ldivmod)
/usr/lib/gcc/arm-none-eabi/9.2.1/thumb/v7-m/nofp/libgcc.a(_udivmoddi4.o)
                              /usr/lib/gcc/arm-none-eabi/9.2.1/thumb/v7-m/nofp/libgcc.a(_aeabi_ldivmod.o) (__udivmoddi4)
/usr/lib/gcc/arm-none-eabi/9.2.1/thumb/v7-m/nofp/libgcc.a(_dvmd_tls.o)
                              /usr/lib/gcc/arm-none-eabi/9.2.1/thumb/v7-m/nofp/libgcc.a(_aeabi_ldivmod.o) (__aeabi_ldiv0)
/usr/lib/gcc/arm-none-eabi/9.2.1/../../../arm-none-eabi/lib/thumb/v7-m/nofp/libc_nano.a(lib_a-errno.o)
                              /home/sarah/github/IoT_I2HM_wyres/Riot_wyres/tests/bme680/bin/wyres-base/newlib_syscalls_default/syscalls.o (__errno)
/usr/lib/gcc/arm-none-eabi/9.2.1/../../../arm-none-eabi/lib/thumb/v7-m/nofp/libc_nano.a(lib_a-impure.o)
                              /usr/lib/gcc/arm-none-eabi/9.2.1/../../../arm-none-eabi/lib/thumb/v7-m/nofp/libc_nano.a(lib_a-errno.o) (_impure_ptr)
/usr/lib/gcc/arm-none-eabi/9.2.1/../../../arm-none-eabi/lib/thumb/v7-m/nofp/libc_nano.a(lib_a-init.o)
                              /home/sarah/github/IoT_I2HM_wyres/Riot_wyres/tests/bme680/bin/wyres-base/cortexm_common/vectors_cortexm.o (__libc_init_array)
/usr/lib/gcc/arm-none-eabi/9.2.1/../../../arm-none-eabi/lib/thumb/v7-m/nofp/libc_nano.a(lib_a-malloc.o)
                              /home/sarah/github/IoT_I2HM_wyres/Riot_wyres/tests/bme680/bin/wyres-base/malloc_thread_safe/malloc_wrappers.o (malloc)
/usr/lib/gcc/arm-none-eabi/9.2.1/../../../arm-none-eabi/lib/thumb/v7-m/nofp/libc_nano.a(lib_a-memcmp.o)
                              /home/sarah/github/IoT_I2HM_wyres/Riot_wyres/tests/bme680/bin/wyres-base/core_lib/atomic_c11.o (memcmp)
/usr/lib/gcc/arm-none-eabi/9.2.1/../../../arm-none-eabi/lib/thumb/v7-m/nofp/libc_nano.a(lib_a-memcpy.o)
                              /home/sarah/github/IoT_I2HM_wyres/Riot_wyres/tests/bme680/bin/wyres-base/core_lib/atomic_c11.o (memcpy)
/usr/lib/gcc/arm-none-eabi/9.2.1/../../../arm-none-eabi/lib/thumb/v7-m/nofp/libc_nano.a(lib_a-memset.o)
                              /home/sarah/github/IoT_I2HM_wyres/Riot_wyres/tests/bme680/bin/wyres-base/driver_bme680/bme680_internal.o (memset)
/usr/lib/gcc/arm-none-eabi/9.2.1/../../../arm-none-eabi/lib/thumb/v7-m/nofp/libc_nano.a(lib_a-mstats.o)
                              /home/sarah/github/IoT_I2HM_wyres/Riot_wyres/tests/bme680/bin/wyres-base/newlib_syscalls_default/syscalls.o (mallinfo)
/usr/lib/gcc/arm-none-eabi/9.2.1/../../../arm-none-eabi/lib/thumb/v7-m/nofp/libc_nano.a(lib_a-nano-freer.o)
                              /usr/lib/gcc/arm-none-eabi/9.2.1/../../../arm-none-eabi/lib/thumb/v7-m/nofp/libc_nano.a(lib_a-malloc.o) (_free_r)
/usr/lib/gcc/arm-none-eabi/9.2.1/../../../arm-none-eabi/lib/thumb/v7-m/nofp/libc_nano.a(lib_a-nano-mallinfor.o)
                              /usr/lib/gcc/arm-none-eabi/9.2.1/../../../arm-none-eabi/lib/thumb/v7-m/nofp/libc_nano.a(lib_a-mstats.o) (_mallinfo_r)
/usr/lib/gcc/arm-none-eabi/9.2.1/../../../arm-none-eabi/lib/thumb/v7-m/nofp/libc_nano.a(lib_a-nano-mallocr.o)
                              /usr/lib/gcc/arm-none-eabi/9.2.1/../../../arm-none-eabi/lib/thumb/v7-m/nofp/libc_nano.a(lib_a-malloc.o) (_malloc_r)
/usr/lib/gcc/arm-none-eabi/9.2.1/../../../arm-none-eabi/lib/thumb/v7-m/nofp/libc_nano.a(lib_a-nano-malloptr.o)
                              /usr/lib/gcc/arm-none-eabi/9.2.1/../../../arm-none-eabi/lib/thumb/v7-m/nofp/libc_nano.a(lib_a-mstats.o) (_mallopt_r)
/usr/lib/gcc/arm-none-eabi/9.2.1/../../../arm-none-eabi/lib/thumb/v7-m/nofp/libc_nano.a(lib_a-nano-mallstatsr.o)
                              /usr/lib/gcc/arm-none-eabi/9.2.1/../../../arm-none-eabi/lib/thumb/v7-m/nofp/libc_nano.a(lib_a-mstats.o) (_malloc_stats_r)
/usr/lib/gcc/arm-none-eabi/9.2.1/../../../arm-none-eabi/lib/thumb/v7-m/nofp/libc_nano.a(lib_a-printf.o)
                              /home/sarah/github/IoT_I2HM_wyres/Riot_wyres/tests/bme680/bin/wyres-base/application_test_BME680/main.o (printf)
/usr/lib/gcc/arm-none-eabi/9.2.1/../../../arm-none-eabi/lib/thumb/v7-m/nofp/libc_nano.a(lib_a-putchar.o)
                              /home/sarah/github/IoT_I2HM_wyres/Riot_wyres/tests/bme680/bin/wyres-base/application_test_BME680/main.o (putchar)
/usr/lib/gcc/arm-none-eabi/9.2.1/../../../arm-none-eabi/lib/thumb/v7-m/nofp/libc_nano.a(lib_a-puts.o)
                              /home/sarah/github/IoT_I2HM_wyres/Riot_wyres/tests/bme680/bin/wyres-base/application_test_BME680/main.o (puts)
/usr/lib/gcc/arm-none-eabi/9.2.1/../../../arm-none-eabi/lib/thumb/v7-m/nofp/libc_nano.a(lib_a-realloc.o)
                              /home/sarah/github/IoT_I2HM_wyres/Riot_wyres/tests/bme680/bin/wyres-base/malloc_thread_safe/malloc_wrappers.o (realloc)
[...]
Memory Configuration

Name             Origin             Length             Attributes
ccmram           0x0000000010000000 0x0000000000000000
sram4            0x0000000000000000 0x0000000000000000
fmcram           0x0000000000000000 0x0000000000000000
rom              0x0000000008000000 0x0000000000040000 xr
ram              0x0000000020000000 0x0000000000008000 w !xr
bkup_ram         0x0000000000000000 0x0000000000000000 w !xr
*default*        0x0000000000000000 0xffffffffffffffff

Linker script and memory map

LOAD /home/sarah/github/IoT_I2HM_wyres/Riot_wyres/tests/bme680/bin/wyres-base/application_test_BME680/main.o
LOAD /home/sarah/github/IoT_I2HM_wyres/Riot_wyres/tests/bme680/bin/wyres-base/auto_init/auto_init.o
LOAD /home/sarah/github/IoT_I2HM_wyres/Riot_wyres/tests/bme680/bin/wyres-base/bme680/bme680.o
LOAD /home/sarah/github/IoT_I2HM_wyres/Riot_wyres/tests/bme680/bin/wyres-base/board/board.o
LOAD /home/sarah/github/IoT_I2HM_wyres/Riot_wyres/tests/bme680/bin/wyres-base/board_common_init/board_common.o
LOAD /home/sarah/github/IoT_I2HM_wyres/Riot_wyres/tests/bme680/bin/wyres-base/core/cond.o
LOAD /home/sarah/github/IoT_I2HM_wyres/Riot_wyres/tests/bme680/bin/wyres-base/core_lib/assert.o
LOAD /home/sarah/github/IoT_I2HM_wyres/Riot_wyres/tests/bme680/bin/wyres-base/core_lib/atomic_c11.o
LOAD /home/sarah/github/IoT_I2HM_wyres/Riot_wyres/tests/bme680/bin/wyres-base/core_lib/atomic_sync.o
LOAD /home/sarah/github/IoT_I2HM_wyres/Riot_wyres/tests/bme680/bin/wyres-base/core_lib/bitarithm.o
LOAD /home/sarah/github/IoT_I2HM_wyres/Riot_wyres/tests/bme680/bin/wyres-base/core_lib/clist.o
LOAD /home/sarah/github/IoT_I2HM_wyres/Riot_wyres/tests/bme680/bin/wyres-base/core_lib/init.o
LOAD /home/sarah/github/IoT_I2HM_wyres/Riot_wyres/tests/bme680/bin/wyres-base/core_lib/panic.o
LOAD /home/sarah/github/IoT_I2HM_wyres/Riot_wyres/tests/bme680/bin/wyres-base/core_lib/priority_queue.o
LOAD /home/sarah/github/IoT_I2HM_wyres/Riot_wyres/tests/bme680/bin/wyres-base/core_lib/ringbuffer.o
LOAD /home/sarah/github/IoT_I2HM_wyres/Riot_wyres/tests/bme680/bin/wyres-base/core_lib/rmutex.o
LOAD /home/sarah/github/IoT_I2HM_wyres/Riot_wyres/tests/bme680/bin/wyres-base/core/msg.o
LOAD /home/sarah/github/IoT_I2HM_wyres/Riot_wyres/tests/bme680/bin/wyres-base/core/mutex.o
LOAD /home/sarah/github/IoT_I2HM_wyres/Riot_wyres/tests/bme680/bin/wyres-base/core/sched.o
LOAD /home/sarah/github/IoT_I2HM_wyres/Riot_wyres/tests/bme680/bin/wyres-base/core/thread.o
LOAD /home/sarah/github/IoT_I2HM_wyres/Riot_wyres/tests/bme680/bin/wyres-base/cortexm_common/cortexm_init.o
LOAD /home/sarah/github/IoT_I2HM_wyres/Riot_wyres/tests/bme680/bin/wyres-base/cortexm_common/mpu.o
LOAD /home/sarah/github/IoT_I2HM_wyres/Riot_wyres/tests/bme680/bin/wyres-base/cortexm_common/panic.o
LOAD /home/sarah/github/IoT_I2HM_wyres/Riot_wyres/tests/bme680/bin/wyres-base/cortexm_common_periph/pm.o
LOAD /home/sarah/github/IoT_I2HM_wyres/Riot_wyres/tests/bme680/bin/wyres-base/cortexm_common/thread_arch.o
LOAD /home/sarah/github/IoT_I2HM_wyres/Riot_wyres/tests/bme680/bin/wyres-base/cortexm_common/vectors_cortexm.o
LOAD /home/sarah/github/IoT_I2HM_wyres/Riot_wyres/tests/bme680/bin/wyres-base/cpu/cpu_common.o
LOAD /home/sarah/github/IoT_I2HM_wyres/Riot_wyres/tests/bme680/bin/wyres-base/cpu/cpu_init.o
LOAD /home/sarah/github/IoT_I2HM_wyres/Riot_wyres/tests/bme680/bin/wyres-base/div/div.o
LOAD /home/sarah/github/IoT_I2HM_wyres/Riot_wyres/tests/bme680/bin/wyres-base/driver_bme680/bme680_internal.o
LOAD /home/sarah/github/IoT_I2HM_wyres/Riot_wyres/tests/bme680/bin/wyres-base/driver_bme680_contrib/bme680_hal.o
LOAD /home/sarah/github/IoT_I2HM_wyres/Riot_wyres/tests/bme680/bin/wyres-base/frac/frac.o
LOAD /home/sarah/github/IoT_I2HM_wyres/Riot_wyres/tests/bme680/bin/wyres-base/libc/string.o
LOAD /home/sarah/github/IoT_I2HM_wyres/Riot_wyres/tests/bme680/bin/wyres-base/malloc_thread_safe/malloc_wrappers.o
LOAD /home/sarah/github/IoT_I2HM_wyres/Riot_wyres/tests/bme680/bin/wyres-base/newlib_syscalls_default/syscalls.o
LOAD /home/sarah/github/IoT_I2HM_wyres/Riot_wyres/tests/bme680/bin/wyres-base/periph_common/gpio.o
LOAD /home/sarah/github/IoT_I2HM_wyres/Riot_wyres/tests/bme680/bin/wyres-base/periph_common/i2c.o
LOAD /home/sarah/github/IoT_I2HM_wyres/Riot_wyres/tests/bme680/bin/wyres-base/periph_common/init_leds.o
LOAD /home/sarah/github/IoT_I2HM_wyres/Riot_wyres/tests/bme680/bin/wyres-base/periph_common/init.o
LOAD /home/sarah/github/IoT_I2HM_wyres/Riot_wyres/tests/bme680/bin/wyres-base/periph_common/pm.o
LOAD /home/sarah/github/IoT_I2HM_wyres/Riot_wyres/tests/bme680/bin/wyres-base/periph_common/timer.o
LOAD /home/sarah/github/IoT_I2HM_wyres/Riot_wyres/tests/bme680/bin/wyres-base/periph/gpio_all.o
LOAD /home/sarah/github/IoT_I2HM_wyres/Riot_wyres/tests/bme680/bin/wyres-base/periph/i2c_2.o
LOAD /home/sarah/github/IoT_I2HM_wyres/Riot_wyres/tests/bme680/bin/wyres-base/periph/pm.o
LOAD /home/sarah/github/IoT_I2HM_wyres/Riot_wyres/tests/bme680/bin/wyres-base/periph/timer.o
LOAD /home/sarah/github/IoT_I2HM_wyres/Riot_wyres/tests/bme680/bin/wyres-base/periph/uart.o
LOAD /home/sarah/github/IoT_I2HM_wyres/Riot_wyres/tests/bme680/bin/wyres-base/pm_layered/pm.o
LOAD /home/sarah/github/IoT_I2HM_wyres/Riot_wyres/tests/bme680/bin/wyres-base/stdio_uart/stdio_uart.o
LOAD /home/sarah/github/IoT_I2HM_wyres/Riot_wyres/tests/bme680/bin/wyres-base/stm32_clk/stmclk_common.o
LOAD /home/sarah/github/IoT_I2HM_wyres/Riot_wyres/tests/bme680/bin/wyres-base/stm32_clk/stmclk_l0l1.o
LOAD /home/sarah/github/IoT_I2HM_wyres/Riot_wyres/tests/bme680/bin/wyres-base/stm32_vectors/STM32L151xC.o
LOAD /home/sarah/github/IoT_I2HM_wyres/Riot_wyres/tests/bme680/bin/wyres-base/ztimer_core/convert_frac.o
LOAD /home/sarah/github/IoT_I2HM_wyres/Riot_wyres/tests/bme680/bin/wyres-base/ztimer_core/convert.o
LOAD /home/sarah/github/IoT_I2HM_wyres/Riot_wyres/tests/bme680/bin/wyres-base/ztimer_core/convert_shift.o
LOAD /home/sarah/github/IoT_I2HM_wyres/Riot_wyres/tests/bme680/bin/wyres-base/ztimer_core/core.o
LOAD /home/sarah/github/IoT_I2HM_wyres/Riot_wyres/tests/bme680/bin/wyres-base/ztimer_core/init.o
LOAD /home/sarah/github/IoT_I2HM_wyres/Riot_wyres/tests/bme680/bin/wyres-base/ztimer_core/periodic.o
LOAD /home/sarah/github/IoT_I2HM_wyres/Riot_wyres/tests/bme680/bin/wyres-base/ztimer_core/periph_timer.o
LOAD /home/sarah/github/IoT_I2HM_wyres/Riot_wyres/tests/bme680/bin/wyres-base/ztimer_core/util.o
LOAD /usr/lib/gcc/arm-none-eabi/9.2.1/../../../arm-none-eabi/lib/thumb/v7-m/nofp/libm.a
LOAD /usr/lib/gcc/arm-none-eabi/9.2.1/thumb/v7-m/nofp/libgcc.a
                0x0000000008000000                _rom_start_addr = 0x8000000
                0x0000000020000000                _ram_start_addr = 0x20000000
                0x0000000000040000                _rom_length = 0x40000
                0x0000000000008000                _ram_length = 0x8000
LOAD /usr/lib/gcc/arm-none-eabi/9.2.1/../../../arm-none-eabi/lib/thumb/v7-m/nofp/libc_nano.a
START GROUP
LOAD /usr/lib/gcc/arm-none-eabi/9.2.1/thumb/v7-m/nofp/libgcc.a
LOAD /usr/lib/gcc/arm-none-eabi/9.2.1/../../../arm-none-eabi/lib/thumb/v7-m/nofp/libc_nano.a
END GROUP
START GROUP
LOAD /usr/lib/gcc/arm-none-eabi/9.2.1/thumb/v7-m/nofp/libgcc.a
LOAD /usr/lib/gcc/arm-none-eabi/9.2.1/../../../arm-none-eabi/lib/thumb/v7-m/nofp/libc_nano.a
END GROUP
                0x0000000000000000                ccmram_length = DEFINED (_ccmram_len)?_ccmram_len:0x0
                0x0000000000000000                sram4_addr = DEFINED (_sram4_length)?0x28000000:0x0
                0x0000000000000000                sram4_length = DEFINED (_sram4_length)?_sram4_length:0x0
                0x0000000000000000                fmc_ram_addr = DEFINED (_fmc_ram_addr)?_fmc_ram_addr:0x0
                0x0000000000000000                fmc_ram_len = DEFINED (_fmc_ram_len)?_fmc_ram_len:0x0

.heap2          0x0000000000000000        0x0
                0x0000000000000000                _sheap2 = ORIGIN (sram4)
                0x0000000000000000                _eheap2 = (ORIGIN (sram4) + LENGTH (sram4))

.heap4          0x0000000000000000        0x0
                0x0000000000000000                _sheap3 = ORIGIN (fmcram)
                0x0000000000000000                _eheap3 = (ORIGIN (fmcram) + LENGTH (fmcram))
                0x0000000000000000                _rom_offset = DEFINED (_rom_offset)?_rom_offset:0x0
                0x0000000000040000                _fw_rom_length = DEFINED (_fw_rom_length)?_fw_rom_length:(_rom_length - _rom_offset)
                0x0000000000000001                ASSERT ((_fw_rom_length <= (_rom_length - _rom_offset)), Specified firmware size does not fit in ROM)
                0x0000000000000000                _backup_ram_start_addr = DEFINED (_backup_ram_start_addr)?_backup_ram_start_addr:0x0
                0x0000000000000000                _backup_ram_len = DEFINED (_backup_ram_len)?_backup_ram_len:0x0

.text           0x0000000008000000     0x4c44
                0x0000000008000000                . = ALIGN (0x4)
                0x0000000008000000                _sfixed = .
                0x0000000008000000                _isr_vectors = DEFINED (_isr_vectors)?_isr_vectors:.
 *(SORT_BY_NAME(.vectors*))
 .vectors.0     0x0000000008000000       0x40 /home/sarah/github/IoT_I2HM_wyres/Riot_wyres/tests/bme680/bin/wyres-base/cortexm_common/vectors_cortexm.o
                0x0000000008000000                cortex_vector_base
 .vectors.1     0x0000000008000040       0xe4 /home/sarah/github/IoT_I2HM_wyres/Riot_wyres/tests/bme680/bin/wyres-base/stm32_vectors/STM32L151xC.o
                0x0000000008000040                vector_cpu
 *(.text .text.* .gnu.linkonce.t.*)
 .text._timer_cb
                0x0000000008000124       0x24 /home/sarah/github/IoT_I2HM_wyres/Riot_wyres/tests/bme680/bin/wyres-base/application_test_BME680/main.o
 .text.startup.main
                0x0000000008000148      0x124 /home/sarah/github/IoT_I2HM_wyres/Riot_wyres/tests/bme680/bin/wyres-base/application_test_BME680/main.o
                0x0000000008000148                main
 .text.auto_init
                0x000000000800026c       0x24 /home/sarah/github/IoT_I2HM_wyres/Riot_wyres/tests/bme680/bin/wyres-base/auto_init/auto_init.o
                0x000000000800026c                auto_init
 .text.bme680_init
                0x0000000008000290       0xa4 /home/sarah/github/IoT_I2HM_wyres/Riot_wyres/tests/bme680/bin/wyres-base/bme680/bme680.o
                0x0000000008000290                bme680_init
 .text.bme680_force_measurement
                0x0000000008000334       0x14 /home/sarah/github/IoT_I2HM_wyres/Riot_wyres/tests/bme680/bin/wyres-base/bme680/bme680.o
                0x0000000008000334                bme680_force_measurement
 .text.bme680_get_duration
                0x0000000008000348       0x1c /home/sarah/github/IoT_I2HM_wyres/Riot_wyres/tests/bme680/bin/wyres-base/bme680/bme680.o
                0x0000000008000348                bme680_get_duration
 .text.bme680_get_data
                0x0000000008000364       0x1e /home/sarah/github/IoT_I2HM_wyres/Riot_wyres/tests/bme680/bin/wyres-base/bme680/bme680.o
                0x0000000008000364                bme680_get_data
 *fill*         0x0000000008000382        0x2 
 .text.board_init
                0x0000000008000384       0x38 /home/sarah/github/IoT_I2HM_wyres/Riot_wyres/tests/bme680/bin/wyres-base/board/board.o
                0x0000000008000384                board_init
 .text._assert_panic
                0x00000000080003bc       0x1c /home/sarah/github/IoT_I2HM_wyres/Riot_wyres/tests/bme680/bin/wyres-base/core_lib/assert.o
                0x00000000080003bc                _assert_panic
 .text.main_trampoline
                0x00000000080003d8       0x18 /home/sarah/github/IoT_I2HM_wyres/Riot_wyres/tests/bme680/bin/wyres-base/core_lib/init.o
 .text.kernel_init
                0x00000000080003f0       0x34 /home/sarah/github/IoT_I2HM_wyres/Riot_wyres/tests/bme680/bin/wyres-base/core_lib/init.o
                0x00000000080003f0                kernel_init
 .text.early_init
                0x0000000008000424        0xe /home/sarah/github/IoT_I2HM_wyres/Riot_wyres/tests/bme680/bin/wyres-base/core_lib/init.o
                0x0000000008000424                early_init
 .text.panic_app
                0x0000000008000432        0x2 /home/sarah/github/IoT_I2HM_wyres/Riot_wyres/tests/bme680/bin/wyres-base/core_lib/panic.o
                0x0000000008000432                panic_app
 .text.core_panic
                0x0000000008000434       0x3c /home/sarah/github/IoT_I2HM_wyres/Riot_wyres/tests/bme680/bin/wyres-base/core_lib/panic.o
                0x0000000008000434                core_panic
 .text.mutex_lock_internal
                0x0000000008000470       0x70 /home/sarah/github/IoT_I2HM_wyres/Riot_wyres/tests/bme680/bin/wyres-base/core/mutex.o
                0x0000000008000470                mutex_lock_internal
 .text.mutex_unlock
                0x00000000080004e0       0x44 /home/sarah/github/IoT_I2HM_wyres/Riot_wyres/tests/bme680/bin/wyres-base/core/mutex.o
                0x00000000080004e0                mutex_unlock
 .text._unschedule
                0x0000000008000524       0x30 /home/sarah/github/IoT_I2HM_wyres/Riot_wyres/tests/bme680/bin/wyres-base/core/sched.o
 .text.sched_run
                0x0000000008000554       0x7c /home/sarah/github/IoT_I2HM_wyres/Riot_wyres/tests/bme680/bin/wyres-base/core/sched.o
                0x0000000008000554                sched_run
 .text.sched_set_status
                0x00000000080005d0       0x80 /home/sarah/github/IoT_I2HM_wyres/Riot_wyres/tests/bme680/bin/wyres-base/core/sched.o
                0x00000000080005d0                sched_set_status
 .text.sched_switch
                0x0000000008000650       0x3c /home/sarah/github/IoT_I2HM_wyres/Riot_wyres/tests/bme680/bin/wyres-base/core/sched.o
                0x0000000008000650                sched_switch
 .text.sched_task_exit
                0x000000000800068c       0x3c /home/sarah/github/IoT_I2HM_wyres/Riot_wyres/tests/bme680/bin/wyres-base/core/sched.o
                0x000000000800068c                sched_task_exit
 .text.thread_getname
                0x00000000080006c8       0x1c /home/sarah/github/IoT_I2HM_wyres/Riot_wyres/tests/bme680/bin/wyres-base/core/thread.o
                0x00000000080006c8                thread_getname
 .text.thread_add_to_list
                0x00000000080006e4       0x26 /home/sarah/github/IoT_I2HM_wyres/Riot_wyres/tests/bme680/bin/wyres-base/core/thread.o
                0x00000000080006e4                thread_add_to_list
 *fill*         0x000000000800070a        0x2 
 .text.thread_create
                0x000000000800070c       0xe8 /home/sarah/github/IoT_I2HM_wyres/Riot_wyres/tests/bme680/bin/wyres-base/core/thread.o
                0x000000000800070c                thread_create
 .text.cortexm_init
                0x00000000080007f4       0x40 /home/sarah/github/IoT_I2HM_wyres/Riot_wyres/tests/bme680/bin/wyres-base/cortexm_common/cortexm_init.o
                0x00000000080007f4                cortexm_init
 .text.mpu_enable
                0x0000000008000834       0x20 /home/sarah/github/IoT_I2HM_wyres/Riot_wyres/tests/bme680/bin/wyres-base/cortexm_common/mpu.o
                0x0000000008000834                mpu_enable
 .text.mpu_configure
                0x0000000008000854       0x18 /home/sarah/github/IoT_I2HM_wyres/Riot_wyres/tests/bme680/bin/wyres-base/cortexm_common/mpu.o
                0x0000000008000854                mpu_configure
 .text.panic_arch
                0x000000000800086c       0x1c /home/sarah/github/IoT_I2HM_wyres/Riot_wyres/tests/bme680/bin/wyres-base/cortexm_common/panic.o
                0x000000000800086c                panic_arch
 .text.thread_stack_init
                0x0000000008000888       0x68 /home/sarah/github/IoT_I2HM_wyres/Riot_wyres/tests/bme680/bin/wyres-base/cortexm_common/thread_arch.o
                0x0000000008000888                thread_stack_init
 .text.cpu_switch_context_exit
                0x00000000080008f0       0x18 /home/sarah/github/IoT_I2HM_wyres/Riot_wyres/tests/bme680/bin/wyres-base/cortexm_common/thread_arch.o
                0x00000000080008f0                cpu_switch_context_exit
 .text.isr_pendsv
                0x0000000008000908       0x38 /home/sarah/github/IoT_I2HM_wyres/Riot_wyres/tests/bme680/bin/wyres-base/cortexm_common/thread_arch.o
                0x0000000008000908                isr_pendsv
 .text.isr_svc  0x0000000008000940       0x10 /home/sarah/github/IoT_I2HM_wyres/Riot_wyres/tests/bme680/bin/wyres-base/cortexm_common/thread_arch.o
                0x0000000008000940                isr_svc
 .text.sched_arch_idle
                0x0000000008000950       0x10 /home/sarah/github/IoT_I2HM_wyres/Riot_wyres/tests/bme680/bin/wyres-base/cortexm_common/thread_arch.o
                0x0000000008000950                sched_arch_idle
 .text.hard_fault_default
                0x0000000008000960       0x44 /home/sarah/github/IoT_I2HM_wyres/Riot_wyres/tests/bme680/bin/wyres-base/cortexm_common/vectors_cortexm.o
                0x0000000008000960                hard_fault_default
 .text.nmi_handler
                0x00000000080009a4       0x10 /home/sarah/github/IoT_I2HM_wyres/Riot_wyres/tests/bme680/bin/wyres-base/cortexm_common/vectors_cortexm.o
                0x00000000080009a4                nmi_handler
 .text.mem_manage_default
                0x00000000080009b4       0x10 /home/sarah/github/IoT_I2HM_wyres/Riot_wyres/tests/bme680/bin/wyres-base/cortexm_common/vectors_cortexm.o
                0x00000000080009b4                mem_manage_default
 .text.bus_fault_default
                0x00000000080009c4       0x10 /home/sarah/github/IoT_I2HM_wyres/Riot_wyres/tests/bme680/bin/wyres-base/cortexm_common/vectors_cortexm.o
                0x00000000080009c4                bus_fault_default
 .text.usage_fault_default
                0x00000000080009d4       0x10 /home/sarah/github/IoT_I2HM_wyres/Riot_wyres/tests/bme680/bin/wyres-base/cortexm_common/vectors_cortexm.o
                0x00000000080009d4                usage_fault_default
 .text.debug_mon_default
                0x00000000080009e4       0x10 /home/sarah/github/IoT_I2HM_wyres/Riot_wyres/tests/bme680/bin/wyres-base/cortexm_common/vectors_cortexm.o
                0x00000000080009e4                debug_mon_default
 .text.dummy_handler_default
                0x00000000080009f4       0x10 /home/sarah/github/IoT_I2HM_wyres/Riot_wyres/tests/bme680/bin/wyres-base/cortexm_common/vectors_cortexm.o
                0x00000000080009f4                dummy_handler_default
                0x00000000080009f4                isr_systick
 .text.pre_startup
                0x0000000008000a04        0x2 /home/sarah/github/IoT_I2HM_wyres/Riot_wyres/tests/bme680/bin/wyres-base/cortexm_common/vectors_cortexm.o
                0x0000000008000a04                pre_startup
 .text.post_startup
                0x0000000008000a06        0x2 /home/sarah/github/IoT_I2HM_wyres/Riot_wyres/tests/bme680/bin/wyres-base/cortexm_common/vectors_cortexm.o
                0x0000000008000a06                post_startup
 .text.reset_handler_default
                0x0000000008000a08       0x8c /home/sarah/github/IoT_I2HM_wyres/Riot_wyres/tests/bme680/bin/wyres-base/cortexm_common/vectors_cortexm.o
                0x0000000008000a08                reset_handler_default
 .text.hard_fault_handler
                0x0000000008000a94      0x1bc /home/sarah/github/IoT_I2HM_wyres/Riot_wyres/tests/bme680/bin/wyres-base/cortexm_common/vectors_cortexm.o
                0x0000000008000a94                hard_fault_handler
 .text.periph_apb_clk
                0x0000000008000c50        0x8 /home/sarah/github/IoT_I2HM_wyres/Riot_wyres/tests/bme680/bin/wyres-base/cpu/cpu_common.o
                0x0000000008000c50                periph_apb_clk
 .text.periph_timer_clk
                0x0000000008000c58       0x14 /home/sarah/github/IoT_I2HM_wyres/Riot_wyres/tests/bme680/bin/wyres-base/cpu/cpu_common.o
                0x0000000008000c58                periph_timer_clk
 .text.periph_clk_en
                0x0000000008000c6c       0x30 /home/sarah/github/IoT_I2HM_wyres/Riot_wyres/tests/bme680/bin/wyres-base/cpu/cpu_common.o
                0x0000000008000c6c                periph_clk_en
 .text.periph_clk_dis
                0x0000000008000c9c       0x34 /home/sarah/github/IoT_I2HM_wyres/Riot_wyres/tests/bme680/bin/wyres-base/cpu/cpu_common.o
                0x0000000008000c9c                periph_clk_dis
 .text.cpu_init
                0x0000000008000cd0       0x68 /home/sarah/github/IoT_I2HM_wyres/Riot_wyres/tests/bme680/bin/wyres-base/cpu/cpu_init.o
                0x0000000008000cd0                cpu_init
 .text.null_ptr_check
                0x0000000008000d38       0x1c /home/sarah/github/IoT_I2HM_wyres/Riot_wyres/tests/bme680/bin/wyres-base/driver_bme680/bme680_internal.o
 .text.set_mem_page
                0x0000000008000d54       0x68 /home/sarah/github/IoT_I2HM_wyres/Riot_wyres/tests/bme680/bin/wyres-base/driver_bme680/bme680_internal.o
 .text.get_mem_page.part.0
                0x0000000008000dbc       0x2c /home/sarah/github/IoT_I2HM_wyres/Riot_wyres/tests/bme680/bin/wyres-base/driver_bme680/bme680_internal.o
 .text.boundary_check.isra.0.constprop.0
                0x0000000008000de8       0x18 /home/sarah/github/IoT_I2HM_wyres/Riot_wyres/tests/bme680/bin/wyres-base/driver_bme680/bme680_internal.o
 .text.bme680_get_regs
                0x0000000008000e00       0x48 /home/sarah/github/IoT_I2HM_wyres/Riot_wyres/tests/bme680/bin/wyres-base/driver_bme680/bme680_internal.o
                0x0000000008000e00                bme680_get_regs
 .text.bme680_set_regs
                0x0000000008000e48       0x8a /home/sarah/github/IoT_I2HM_wyres/Riot_wyres/tests/bme680/bin/wyres-base/driver_bme680/bme680_internal.o
                0x0000000008000e48                bme680_set_regs
 .text.bme680_soft_reset
                0x0000000008000ed2       0x66 /home/sarah/github/IoT_I2HM_wyres/Riot_wyres/tests/bme680/bin/wyres-base/driver_bme680/bme680_internal.o
                0x0000000008000ed2                bme680_soft_reset
 .text.bme680_init_internal
                0x0000000008000f38      0x1b0 /home/sarah/github/IoT_I2HM_wyres/Riot_wyres/tests/bme680/bin/wyres-base/driver_bme680/bme680_internal.o
                0x0000000008000f38                bme680_init_internal
 .text.bme680_set_sensor_mode
                0x00000000080010e8       0x7e /home/sarah/github/IoT_I2HM_wyres/Riot_wyres/tests/bme680/bin/wyres-base/driver_bme680/bme680_internal.o
                0x00000000080010e8                bme680_set_sensor_mode
 .text.bme680_set_sensor_settings
                0x0000000008001166      0x2f0 /home/sarah/github/IoT_I2HM_wyres/Riot_wyres/tests/bme680/bin/wyres-base/driver_bme680/bme680_internal.o
                0x0000000008001166                bme680_set_sensor_settings
 *fill*         0x0000000008001456        0x2 
 .text.bme680_get_profile_dur
                0x0000000008001458       0x68 /home/sarah/github/IoT_I2HM_wyres/Riot_wyres/tests/bme680/bin/wyres-base/driver_bme680/bme680_internal.o
                0x0000000008001458                bme680_get_profile_dur
 .text.bme680_get_sensor_data
                0x00000000080014c0      0x36c /home/sarah/github/IoT_I2HM_wyres/Riot_wyres/tests/bme680/bin/wyres-base/driver_bme680/bme680_internal.o
                0x00000000080014c0                bme680_get_sensor_data
 .text.bme680_ms_sleep
                0x000000000800182c       0x10 /home/sarah/github/IoT_I2HM_wyres/Riot_wyres/tests/bme680/bin/wyres-base/driver_bme680_contrib/bme680_hal.o
                0x000000000800182c                bme680_ms_sleep
 .text.bme680_i2c_read_hal
                0x000000000800183c       0x4c /home/sarah/github/IoT_I2HM_wyres/Riot_wyres/tests/bme680/bin/wyres-base/driver_bme680_contrib/bme680_hal.o
                0x000000000800183c                bme680_i2c_read_hal
 .text.bme680_i2c_write_hal
                0x0000000008001888       0x4c /home/sarah/github/IoT_I2HM_wyres/Riot_wyres/tests/bme680/bin/wyres-base/driver_bme680_contrib/bme680_hal.o
                0x0000000008001888                bme680_i2c_write_hal
 .text.gcd32    0x00000000080018d4       0x40 /home/sarah/github/IoT_I2HM_wyres/Riot_wyres/tests/bme680/bin/wyres-base/frac/frac.o
                0x00000000080018d4                gcd32
 .text.frac_init
                0x0000000008001914       0xac /home/sarah/github/IoT_I2HM_wyres/Riot_wyres/tests/bme680/bin/wyres-base/frac/frac.o
                0x0000000008001914                frac_init
 .text._init    0x00000000080019c0        0x2 /home/sarah/github/IoT_I2HM_wyres/Riot_wyres/tests/bme680/bin/wyres-base/newlib_syscalls_default/syscalls.o
                0x00000000080019c0                _init
 .text._fini    0x00000000080019c2        0x2 /home/sarah/github/IoT_I2HM_wyres/Riot_wyres/tests/bme680/bin/wyres-base/newlib_syscalls_default/syscalls.o
                0x00000000080019c2                _fini
 .text._sbrk_r  0x00000000080019c4       0x40 /home/sarah/github/IoT_I2HM_wyres/Riot_wyres/tests/bme680/bin/wyres-base/newlib_syscalls_default/syscalls.o
                0x00000000080019c4                _sbrk_r
 .text._read_r  0x0000000008001a04        0x8 /home/sarah/github/IoT_I2HM_wyres/Riot_wyres/tests/bme680/bin/wyres-base/newlib_syscalls_default/syscalls.o
                0x0000000008001a04                _read_r
 .text._write_r
                0x0000000008001a0c        0x8 /home/sarah/github/IoT_I2HM_wyres/Riot_wyres/tests/bme680/bin/wyres-base/newlib_syscalls_default/syscalls.o
                0x0000000008001a0c                _write_r
 .text._close_r
                0x0000000008001a14        0xa /home/sarah/github/IoT_I2HM_wyres/Riot_wyres/tests/bme680/bin/wyres-base/newlib_syscalls_default/syscalls.o
                0x0000000008001a14                _close_r
 .text._lseek_r
                0x0000000008001a1e        0xa /home/sarah/github/IoT_I2HM_wyres/Riot_wyres/tests/bme680/bin/wyres-base/newlib_syscalls_default/syscalls.o
                0x0000000008001a1e                _lseek_r
 .text._fstat_r
                0x0000000008001a28        0xa /home/sarah/github/IoT_I2HM_wyres/Riot_wyres/tests/bme680/bin/wyres-base/newlib_syscalls_default/syscalls.o
                0x0000000008001a28                _fstat_r
 .text._isatty_r
                0x0000000008001a32        0xe /home/sarah/github/IoT_I2HM_wyres/Riot_wyres/tests/bme680/bin/wyres-base/newlib_syscalls_default/syscalls.o
                0x0000000008001a32                _isatty_r
 .text.i2c_read_regs
                0x0000000008001a40       0x56 /home/sarah/github/IoT_I2HM_wyres/Riot_wyres/tests/bme680/bin/wyres-base/periph_common/i2c.o
                0x0000000008001a40                i2c_read_regs
 .text.i2c_write_regs
                0x0000000008001a96       0x5a /home/sarah/github/IoT_I2HM_wyres/Riot_wyres/tests/bme680/bin/wyres-base/periph_common/i2c.o
                0x0000000008001a96                i2c_write_regs
 .text.led_init
                0x0000000008001af0        0x2 /home/sarah/github/IoT_I2HM_wyres/Riot_wyres/tests/bme680/bin/wyres-base/periph_common/init_leds.o
                0x0000000008001af0                led_init
 .text.periph_init
                0x0000000008001af2        0x6 /home/sarah/github/IoT_I2HM_wyres/Riot_wyres/tests/bme680/bin/wyres-base/periph_common/init.o
                0x0000000008001af2                periph_init
 .text.gpio_init
                0x0000000008001af8       0x68 /home/sarah/github/IoT_I2HM_wyres/Riot_wyres/tests/bme680/bin/wyres-base/periph/gpio_all.o
                0x0000000008001af8                gpio_init
 .text.gpio_init_af
                0x0000000008001b60       0x58 /home/sarah/github/IoT_I2HM_wyres/Riot_wyres/tests/bme680/bin/wyres-base/periph/gpio_all.o
                0x0000000008001b60                gpio_init_af
 .text._wait_for_bus
                0x0000000008001bb8       0x24 /home/sarah/github/IoT_I2HM_wyres/Riot_wyres/tests/bme680/bin/wyres-base/periph/i2c_2.o
 .text._stop    0x0000000008001bdc       0x3c /home/sarah/github/IoT_I2HM_wyres/Riot_wyres/tests/bme680/bin/wyres-base/periph/i2c_2.o
 .text._disable_periph
                0x0000000008001c18       0x28 /home/sarah/github/IoT_I2HM_wyres/Riot_wyres/tests/bme680/bin/wyres-base/periph/i2c_2.o
 .text._init    0x0000000008001c40       0xc8 /home/sarah/github/IoT_I2HM_wyres/Riot_wyres/tests/bme680/bin/wyres-base/periph/i2c_2.o
 .text._is_sr1_mask_set
                0x0000000008001d08       0x66 /home/sarah/github/IoT_I2HM_wyres/Riot_wyres/tests/bme680/bin/wyres-base/periph/i2c_2.o
 .text._i2c_start
                0x0000000008001d6e       0x8c /home/sarah/github/IoT_I2HM_wyres/Riot_wyres/tests/bme680/bin/wyres-base/periph/i2c_2.o
 *fill*         0x0000000008001dfa        0x2 
 .text.i2c_init
                0x0000000008001dfc       0x3c /home/sarah/github/IoT_I2HM_wyres/Riot_wyres/tests/bme680/bin/wyres-base/periph/i2c_2.o
                0x0000000008001dfc                i2c_init
 .text.i2c_acquire
                0x0000000008001e38       0x38 /home/sarah/github/IoT_I2HM_wyres/Riot_wyres/tests/bme680/bin/wyres-base/periph/i2c_2.o
                0x0000000008001e38                i2c_acquire
 .text.i2c_release
                0x0000000008001e70       0x20 /home/sarah/github/IoT_I2HM_wyres/Riot_wyres/tests/bme680/bin/wyres-base/periph/i2c_2.o
                0x0000000008001e70                i2c_release
 .text.i2c_read_bytes
                0x0000000008001e90       0xd4 /home/sarah/github/IoT_I2HM_wyres/Riot_wyres/tests/bme680/bin/wyres-base/periph/i2c_2.o
                0x0000000008001e90                i2c_read_bytes
 .text.i2c_write_bytes
                0x0000000008001f64       0x88 /home/sarah/github/IoT_I2HM_wyres/Riot_wyres/tests/bme680/bin/wyres-base/periph/i2c_2.o
                0x0000000008001f64                i2c_write_bytes
 .text.pm_set   0x0000000008001fec       0x80 /home/sarah/github/IoT_I2HM_wyres/Riot_wyres/tests/bme680/bin/wyres-base/periph/pm.o
                0x0000000008001fec                pm_set
 .text.timer_set
                0x000000000800206c       0x64 /home/sarah/github/IoT_I2HM_wyres/Riot_wyres/tests/bme680/bin/wyres-base/periph/timer.o
                0x000000000800206c                timer_set
 .text.timer_clear
                0x00000000080020d0       0x40 /home/sarah/github/IoT_I2HM_wyres/Riot_wyres/tests/bme680/bin/wyres-base/periph/timer.o
                0x00000000080020d0                timer_clear
 .text.timer_read
                0x0000000008002110       0x10 /home/sarah/github/IoT_I2HM_wyres/Riot_wyres/tests/bme680/bin/wyres-base/periph/timer.o
                0x0000000008002110                timer_read
 .text.timer_start
                0x0000000008002120       0x20 /home/sarah/github/IoT_I2HM_wyres/Riot_wyres/tests/bme680/bin/wyres-base/periph/timer.o
                0x0000000008002120                timer_start
 .text.timer_init
                0x0000000008002140       0x58 /home/sarah/github/IoT_I2HM_wyres/Riot_wyres/tests/bme680/bin/wyres-base/periph/timer.o
                0x0000000008002140                timer_init
 .text.isr_tim3
                0x0000000008002198       0x78 /home/sarah/github/IoT_I2HM_wyres/Riot_wyres/tests/bme680/bin/wyres-base/periph/timer.o
                0x0000000008002198                isr_tim3
 .text.uart_enable_clock
                0x0000000008002210       0x30 /home/sarah/github/IoT_I2HM_wyres/Riot_wyres/tests/bme680/bin/wyres-base/periph/uart.o
 .text.uart_init
                0x0000000008002240       0x78 /home/sarah/github/IoT_I2HM_wyres/Riot_wyres/tests/bme680/bin/wyres-base/periph/uart.o
                0x0000000008002240                uart_init
 .text.uart_write
                0x00000000080022b8       0x30 /home/sarah/github/IoT_I2HM_wyres/Riot_wyres/tests/bme680/bin/wyres-base/periph/uart.o
                0x00000000080022b8                uart_write
 .text.isr_usart1
                0x00000000080022e8       0x44 /home/sarah/github/IoT_I2HM_wyres/Riot_wyres/tests/bme680/bin/wyres-base/periph/uart.o
                0x00000000080022e8                isr_usart1
 .text.pm_set_lowest
                0x000000000800232c       0x2c /home/sarah/github/IoT_I2HM_wyres/Riot_wyres/tests/bme680/bin/wyres-base/pm_layered/pm.o
                0x000000000800232c                pm_set_lowest
 .text.pm_block
                0x0000000008002358       0x24 /home/sarah/github/IoT_I2HM_wyres/Riot_wyres/tests/bme680/bin/wyres-base/pm_layered/pm.o
                0x0000000008002358                pm_block
 .text.pm_unblock
                0x000000000800237c       0x20 /home/sarah/github/IoT_I2HM_wyres/Riot_wyres/tests/bme680/bin/wyres-base/pm_layered/pm.o
                0x000000000800237c                pm_unblock
 .text.pm_off   0x000000000800239c       0x10 /home/sarah/github/IoT_I2HM_wyres/Riot_wyres/tests/bme680/bin/wyres-base/pm_layered/pm.o
                0x000000000800239c                pm_off
 .text.stdio_init
                0x00000000080023ac        0xe /home/sarah/github/IoT_I2HM_wyres/Riot_wyres/tests/bme680/bin/wyres-base/stdio_uart/stdio_uart.o
                0x00000000080023ac                stdio_init
 .text.stdio_read
                0x00000000080023ba        0x6 /home/sarah/github/IoT_I2HM_wyres/Riot_wyres/tests/bme680/bin/wyres-base/stdio_uart/stdio_uart.o
                0x00000000080023ba                stdio_read
 .text.stdio_write
                0x00000000080023c0       0x12 /home/sarah/github/IoT_I2HM_wyres/Riot_wyres/tests/bme680/bin/wyres-base/stdio_uart/stdio_uart.o
                0x00000000080023c0                stdio_write
 *fill*         0x00000000080023d2        0x2 
 .text.stmclk_enable_hsi
                0x00000000080023d4       0x18 /home/sarah/github/IoT_I2HM_wyres/Riot_wyres/tests/bme680/bin/wyres-base/stm32_clk/stmclk_common.o
                0x00000000080023d4                stmclk_enable_hsi
 .text.stmclk_disable_hsi
                0x00000000080023ec       0x10 /home/sarah/github/IoT_I2HM_wyres/Riot_wyres/tests/bme680/bin/wyres-base/stm32_clk/stmclk_common.o
                0x00000000080023ec                stmclk_disable_hsi
 .text.stmclk_init_sysclk
                0x00000000080023fc       0xac /home/sarah/github/IoT_I2HM_wyres/Riot_wyres/tests/bme680/bin/wyres-base/stm32_clk/stmclk_l0l1.o
                0x00000000080023fc                stmclk_init_sysclk
 .text.dummy_handler
                0x00000000080024a8        0x4 /home/sarah/github/IoT_I2HM_wyres/Riot_wyres/tests/bme680/bin/wyres-base/stm32_vectors/STM32L151xC.o
                0x00000000080024a8                isr_pvd
                0x00000000080024a8                isr_rtc_wkup
                0x00000000080024a8                isr_comp_acq
                0x00000000080024a8                isr_tim10
                0x00000000080024a8                isr_dac
                0x00000000080024a8                isr_exti
                0x00000000080024a8                isr_dma1_channel4
                0x00000000080024a8                isr_tim7
                0x00000000080024a8                isr_tim5
                0x00000000080024a8                isr_i2c1_ev
                0x00000000080024a8                isr_usart2
                0x00000000080024a8                isr_dma1_channel5
                0x00000000080024a8                isr_tim4
                0x00000000080024a8                isr_dma1_channel2
                0x00000000080024a8                isr_dma1_channel7
                0x00000000080024a8                isr_tim2
                0x00000000080024a8                isr_dma2_channel4
                0x00000000080024a8                isr_spi2
                0x00000000080024a8                isr_dma1_channel1
                0x00000000080024a8                dummy_handler
                0x00000000080024a8                isr_usb_hp
                0x00000000080024a8                isr_tim9
                0x00000000080024a8                isr_comp
                0x00000000080024a8                isr_spi1
                0x00000000080024a8                isr_tim6
                0x00000000080024a8                isr_usb_lp
                0x00000000080024a8                isr_rcc
                0x00000000080024a8                isr_flash
                0x00000000080024a8                isr_dma2_channel5
                0x00000000080024a8                isr_dma2_channel1
                0x00000000080024a8                isr_adc1
                0x00000000080024a8                isr_i2c2_er
                0x00000000080024a8                isr_usb_fs_wkup
                0x00000000080024a8                isr_dma1_channel6
                0x00000000080024a8                isr_tim11
                0x00000000080024a8                isr_spi3
                0x00000000080024a8                isr_usart3
                0x00000000080024a8                isr_i2c2_ev
                0x00000000080024a8                isr_dma2_channel2
                0x00000000080024a8                isr_dma2_channel3
                0x00000000080024a8                isr_rtc_alarm
                0x00000000080024a8                isr_dma1_channel3
                0x00000000080024a8                isr_tamper_stamp
                0x00000000080024a8                isr_i2c1_er
                0x00000000080024a8                isr_wwdg
 .text.ztimer_convert_frac_op_now
                0x00000000080024ac       0x3e /home/sarah/github/IoT_I2HM_wyres/Riot_wyres/tests/bme680/bin/wyres-base/ztimer_core/convert_frac.o
 .text.ztimer_convert_frac_op_set
                0x00000000080024ea       0x34 /home/sarah/github/IoT_I2HM_wyres/Riot_wyres/tests/bme680/bin/wyres-base/ztimer_core/convert_frac.o
 *fill*         0x000000000800251e        0x2 
 .text.ztimer_convert_frac_init
                0x0000000008002520       0x94 /home/sarah/github/IoT_I2HM_wyres/Riot_wyres/tests/bme680/bin/wyres-base/ztimer_core/convert_frac.o
                0x0000000008002520                ztimer_convert_frac_init
 .text.ztimer_convert_cancel
                0x00000000080025b4        0xa /home/sarah/github/IoT_I2HM_wyres/Riot_wyres/tests/bme680/bin/wyres-base/ztimer_core/convert.o
                0x00000000080025b4                ztimer_convert_cancel
 .text._is_set  0x00000000080025be       0x18 /home/sarah/github/IoT_I2HM_wyres/Riot_wyres/tests/bme680/bin/wyres-base/ztimer_core/core.o
 .text._now_next
                0x00000000080025d6       0x2a /home/sarah/github/IoT_I2HM_wyres/Riot_wyres/tests/bme680/bin/wyres-base/ztimer_core/core.o
 .text._ztimer_update
                0x0000000008002600       0x28 /home/sarah/github/IoT_I2HM_wyres/Riot_wyres/tests/bme680/bin/wyres-base/ztimer_core/core.o
 .text._del_entry_from_list
                0x0000000008002628       0x5a /home/sarah/github/IoT_I2HM_wyres/Riot_wyres/tests/bme680/bin/wyres-base/ztimer_core/core.o
 .text._ztimer_now_extend
                0x0000000008002682       0x3a /home/sarah/github/IoT_I2HM_wyres/Riot_wyres/tests/bme680/bin/wyres-base/ztimer_core/core.o
                0x0000000008002682                _ztimer_now_extend
 .text.ztimer_now
                0x00000000080026bc       0x10 /home/sarah/github/IoT_I2HM_wyres/Riot_wyres/tests/bme680/bin/wyres-base/ztimer_core/core.o
 .text._ztimer_update_head_offset
                0x00000000080026cc       0x32 /home/sarah/github/IoT_I2HM_wyres/Riot_wyres/tests/bme680/bin/wyres-base/ztimer_core/core.o
 .text.ztimer_remove
                0x00000000080026fe       0x32 /home/sarah/github/IoT_I2HM_wyres/Riot_wyres/tests/bme680/bin/wyres-base/ztimer_core/core.o
                0x00000000080026fe                ztimer_remove
 .text.ztimer_set
                0x0000000008002730       0x9c /home/sarah/github/IoT_I2HM_wyres/Riot_wyres/tests/bme680/bin/wyres-base/ztimer_core/core.o
                0x0000000008002730                ztimer_set
 .text.ztimer_handler
                0x00000000080027cc       0x94 /home/sarah/github/IoT_I2HM_wyres/Riot_wyres/tests/bme680/bin/wyres-base/ztimer_core/core.o
                0x00000000080027cc                ztimer_handler
 .text.ztimer_init
                0x0000000008002860       0x38 /home/sarah/github/IoT_I2HM_wyres/Riot_wyres/tests/bme680/bin/wyres-base/ztimer_core/init.o
                0x0000000008002860                ztimer_init
 .text._ztimer_periph_timer_callback
                0x0000000008002898        0x4 /home/sarah/github/IoT_I2HM_wyres/Riot_wyres/tests/bme680/bin/wyres-base/ztimer_core/periph_timer.o
 .text._ztimer_periph_timer_cancel
                0x000000000800289c        0x8 /home/sarah/github/IoT_I2HM_wyres/Riot_wyres/tests/bme680/bin/wyres-base/ztimer_core/periph_timer.o
 .text._ztimer_periph_timer_now
                0x00000000080028a4        0x6 /home/sarah/github/IoT_I2HM_wyres/Riot_wyres/tests/bme680/bin/wyres-base/ztimer_core/periph_timer.o
 .text._ztimer_periph_timer_set
                0x00000000080028aa       0x1e /home/sarah/github/IoT_I2HM_wyres/Riot_wyres/tests/bme680/bin/wyres-base/ztimer_core/periph_timer.o
 .text.ztimer_periph_timer_init
                0x00000000080028c8       0x3c /home/sarah/github/IoT_I2HM_wyres/Riot_wyres/tests/bme680/bin/wyres-base/ztimer_core/periph_timer.o
                0x00000000080028c8                ztimer_periph_timer_init
 .text._callback_unlock_mutex
                0x0000000008002904        0x4 /home/sarah/github/IoT_I2HM_wyres/Riot_wyres/tests/bme680/bin/wyres-base/ztimer_core/util.o
 .text.ztimer_sleep
                0x0000000008002908       0x44 /home/sarah/github/IoT_I2HM_wyres/Riot_wyres/tests/bme680/bin/wyres-base/ztimer_core/util.o
                0x0000000008002908                ztimer_sleep
 .text          0x000000000800294c       0xa0 /usr/lib/gcc/arm-none-eabi/9.2.1/thumb/v7-m/nofp/libgcc.a(_aeabi_ldivmod.o)
                0x000000000800294c                __aeabi_ldivmod
 .text          0x00000000080029ec      0x2c4 /usr/lib/gcc/arm-none-eabi/9.2.1/thumb/v7-m/nofp/libgcc.a(_udivmoddi4.o)
                0x00000000080029ec                __udivmoddi4
 .text          0x0000000008002cb0        0x4 /usr/lib/gcc/arm-none-eabi/9.2.1/thumb/v7-m/nofp/libgcc.a(_dvmd_tls.o)
                0x0000000008002cb0                __aeabi_ldiv0
                0x0000000008002cb0                __aeabi_idiv0
 .text          0x0000000008002cb4       0x48 /usr/lib/gcc/arm-none-eabi/9.2.1/../../../arm-none-eabi/lib/thumb/v7-m/nofp/libc_nano.a(lib_a-init.o)
                0x0000000008002cb4                __libc_init_array
 .text          0x0000000008002cfc       0xec /usr/lib/gcc/arm-none-eabi/9.2.1/../../../arm-none-eabi/lib/thumb/v7-m/nofp/libc_nano.a(lib_a-memcpy.o)
                0x0000000008002cfc                memcpy
 .text          0x0000000008002de8       0xa0 /usr/lib/gcc/arm-none-eabi/9.2.1/../../../arm-none-eabi/lib/thumb/v7-m/nofp/libc_nano.a(lib_a-memset.o)
                0x0000000008002de8                memset
 .text          0x0000000008002e88       0xa8 /usr/lib/gcc/arm-none-eabi/9.2.1/../../../arm-none-eabi/lib/thumb/v7-m/nofp/libc_nano.a(lib_a-nano-freer.o)
                0x0000000008002e88                _free_r
 .text          0x0000000008002f30       0xc8 /usr/lib/gcc/arm-none-eabi/9.2.1/../../../arm-none-eabi/lib/thumb/v7-m/nofp/libc_nano.a(lib_a-nano-mallocr.o)
                0x0000000008002f30                _malloc_r
 .text          0x0000000008002ff8       0x68 /usr/lib/gcc/arm-none-eabi/9.2.1/../../../arm-none-eabi/lib/thumb/v7-m/nofp/libc_nano.a(lib_a-printf.o)
                0x0000000008002ff8                _printf_r
                0x0000000008002ff8                _iprintf_r
                0x0000000008003028                printf
                0x0000000008003028                iprintf
 .text          0x0000000008003060       0x58 /usr/lib/gcc/arm-none-eabi/9.2.1/../../../arm-none-eabi/lib/thumb/v7-m/nofp/libc_nano.a(lib_a-putchar.o)
                0x0000000008003060                _putchar_r
                0x0000000008003084                putchar
 .text          0x00000000080030b8       0xd4 /usr/lib/gcc/arm-none-eabi/9.2.1/../../../arm-none-eabi/lib/thumb/v7-m/nofp/libc_nano.a(lib_a-puts.o)
                0x00000000080030b8                _puts_r
                0x000000000800317c                puts
 .text          0x000000000800318c       0xc0 /usr/lib/gcc/arm-none-eabi/9.2.1/../../../arm-none-eabi/lib/thumb/v7-m/nofp/libc_nano.a(lib_a-wbuf.o)
                0x000000000800318c                __swbuf_r
                0x000000000800323c                __swbuf
 .text          0x000000000800324c      0x100 /usr/lib/gcc/arm-none-eabi/9.2.1/../../../arm-none-eabi/lib/thumb/v7-m/nofp/libc_nano.a(lib_a-wsetup.o)
                0x000000000800324c                __swsetup_r
 .text          0x000000000800334c      0x1b0 /usr/lib/gcc/arm-none-eabi/9.2.1/../../../arm-none-eabi/lib/thumb/v7-m/nofp/libc_nano.a(lib_a-fflush.o)
                0x000000000800334c                __sflush_r
                0x0000000008003478                _fflush_r
                0x00000000080034d8                fflush
 .text          0x00000000080034fc      0x210 /usr/lib/gcc/arm-none-eabi/9.2.1/../../../arm-none-eabi/lib/thumb/v7-m/nofp/libc_nano.a(lib_a-findfp.o)
                0x0000000008003500                _cleanup_r
                0x0000000008003510                __sfmoreglue
                0x0000000008003540                __sfp
                0x00000000080036b8                _cleanup
                0x00000000080036cc                __sinit
                0x00000000080036d4                __sfp_lock_acquire
                0x00000000080036d8                __sfp_lock_release
                0x00000000080036dc                __sinit_lock_acquire
                0x00000000080036e0                __sinit_lock_release
                0x00000000080036e4                __fp_lock_all
                0x00000000080036f8                __fp_unlock_all
 .text          0x000000000800370c       0x98 /usr/lib/gcc/arm-none-eabi/9.2.1/../../../arm-none-eabi/lib/thumb/v7-m/nofp/libc_nano.a(lib_a-fwalk.o)
                0x000000000800370c                _fwalk
                0x0000000008003754                _fwalk_reent
 .text          0x00000000080037a4       0xf0 /usr/lib/gcc/arm-none-eabi/9.2.1/../../../arm-none-eabi/lib/thumb/v7-m/nofp/libc_nano.a(lib_a-makebuf.o)
                0x00000000080037a4                __swhatbuf_r
                0x0000000008003800                __smakebuf_r
 .text          0x0000000008003894        0x8 /usr/lib/gcc/arm-none-eabi/9.2.1/../../../arm-none-eabi/lib/thumb/v7-m/nofp/libc_nano.a(lib_a-mlock.o)
                0x0000000008003894                __malloc_lock
                0x0000000008003898                __malloc_unlock
 .text          0x000000000800389c       0x4c /usr/lib/gcc/arm-none-eabi/9.2.1/../../../arm-none-eabi/lib/thumb/v7-m/nofp/libc_nano.a(lib_a-nano-reallocr.o)
                0x000000000800389c                _realloc_r
 .text          0x00000000080038e8      0x364 /usr/lib/gcc/arm-none-eabi/9.2.1/../../../arm-none-eabi/lib/thumb/v7-m/nofp/libc_nano.a(lib_a-nano-vfprintf.o)
                0x0000000008003920                __sfputs_r
                0x0000000008003950                __sprint_r
                0x000000000800396c                _vfiprintf_r
                0x000000000800396c                _vfprintf_r
                0x0000000008003c34                vfiprintf
                0x0000000008003c34                vfprintf
 .text          0x0000000008003c4c      0x3bc /usr/lib/gcc/arm-none-eabi/9.2.1/../../../arm-none-eabi/lib/thumb/v7-m/nofp/libc_nano.a(lib_a-nano-vfprintf_i.o)
                0x0000000008003c4c                _printf_common
                0x0000000008003d74                _printf_i
 .text          0x0000000008004008      0x10c /usr/lib/gcc/arm-none-eabi/9.2.1/../../../arm-none-eabi/lib/thumb/v7-m/nofp/libc_nano.a(lib_a-putc.o)
                0x0000000008004008                _putc_r
                0x0000000008004088                putc
 .text          0x0000000008004114       0x90 /usr/lib/gcc/arm-none-eabi/9.2.1/../../../arm-none-eabi/lib/thumb/v7-m/nofp/libc_nano.a(lib_a-stdio.o)
                0x0000000008004114                __sread
                0x0000000008004138                __seofread
                0x000000000800413c                __swrite
                0x000000000800417c                __sseek
                0x000000000800419c                __sclose
 .text          0x00000000080041a4      0x300 /usr/lib/gcc/arm-none-eabi/9.2.1/../../../arm-none-eabi/lib/thumb/v7-m/nofp/libc_nano.a(lib_a-fvwrite.o)
                0x00000000080041a4                __sfvwrite_r
 .text          0x00000000080044a4       0x8c /usr/lib/gcc/arm-none-eabi/9.2.1/../../../arm-none-eabi/lib/thumb/v7-m/nofp/libc_nano.a(lib_a-memchr-stub.o)
                0x00000000080044a4                memchr
 .text          0x0000000008004530       0xcc /usr/lib/gcc/arm-none-eabi/9.2.1/../../../arm-none-eabi/lib/thumb/v7-m/nofp/libc_nano.a(lib_a-memmove.o)
                0x0000000008004530                memmove
 .text          0x00000000080045fc       0x10 /usr/lib/gcc/arm-none-eabi/9.2.1/../../../arm-none-eabi/lib/thumb/v7-m/nofp/libc_nano.a(lib_a-nano-msizer.o)
                0x00000000080045fc                _malloc_usable_size_r
 *(.glue_7t)
 .glue_7t       0x000000000800460c        0x0 linker stubs
 *(.glue_7)
 .glue_7        0x000000000800460c        0x0 linker stubs
 *(.rodata .rodata* .gnu.linkonce.r.*)
 .rodata.main.str1.1
                0x000000000800460c       0xfd /home/sarah/github/IoT_I2HM_wyres/Riot_wyres/tests/bme680/bin/wyres-base/application_test_BME680/main.o
 *fill*         0x0000000008004709        0x3 
 .rodata.bme680_params
                0x000000000800470c       0x14 /home/sarah/github/IoT_I2HM_wyres/Riot_wyres/tests/bme680/bin/wyres-base/application_test_BME680/main.o
 .rodata.bme680_init.str1.1
                0x0000000008004720       0x28 /home/sarah/github/IoT_I2HM_wyres/Riot_wyres/tests/bme680/bin/wyres-base/bme680/bme680.o
 .rodata._assert_failure.str1.1
                0x0000000008004748       0x1c /home/sarah/github/IoT_I2HM_wyres/Riot_wyres/tests/bme680/bin/wyres-base/core_lib/assert.o
 .rodata._assert_panic.str1.1
                0x0000000008004764        0x4 /home/sarah/github/IoT_I2HM_wyres/Riot_wyres/tests/bme680/bin/wyres-base/core_lib/assert.o
 .rodata.main_trampoline.str1.1
                0x0000000008004768       0x39 /home/sarah/github/IoT_I2HM_wyres/Riot_wyres/tests/bme680/bin/wyres-base/core_lib/init.o
 .rodata.kernel_init.str1.1
                0x00000000080047a1        0x5 /home/sarah/github/IoT_I2HM_wyres/Riot_wyres/tests/bme680/bin/wyres-base/core_lib/init.o
 .rodata.core_panic.str1.1
                0x00000000080047a6       0x29 /home/sarah/github/IoT_I2HM_wyres/Riot_wyres/tests/bme680/bin/wyres-base/core_lib/panic.o
 .rodata._unschedule.str1.1
                0x00000000080047cf       0x3e /home/sarah/github/IoT_I2HM_wyres/Riot_wyres/tests/bme680/bin/wyres-base/core/sched.o
 .rodata.panic_arch.str1.1
                0x000000000800480d        0xf /home/sarah/github/IoT_I2HM_wyres/Riot_wyres/tests/bme680/bin/wyres-base/cortexm_common/panic.o
 .rodata.nmi_handler.str1.1
                0x000000000800481c        0xc /home/sarah/github/IoT_I2HM_wyres/Riot_wyres/tests/bme680/bin/wyres-base/cortexm_common/vectors_cortexm.o
 .rodata.mem_manage_default.str1.1
                0x0000000008004828       0x13 /home/sarah/github/IoT_I2HM_wyres/Riot_wyres/tests/bme680/bin/wyres-base/cortexm_common/vectors_cortexm.o
 .rodata.bus_fault_default.str1.1
                0x000000000800483b       0x12 /home/sarah/github/IoT_I2HM_wyres/Riot_wyres/tests/bme680/bin/wyres-base/cortexm_common/vectors_cortexm.o
 .rodata.usage_fault_default.str1.1
                0x000000000800484d       0x14 /home/sarah/github/IoT_I2HM_wyres/Riot_wyres/tests/bme680/bin/wyres-base/cortexm_common/vectors_cortexm.o
 .rodata.debug_mon_default.str1.1
                0x0000000008004861       0x12 /home/sarah/github/IoT_I2HM_wyres/Riot_wyres/tests/bme680/bin/wyres-base/cortexm_common/vectors_cortexm.o
 .rodata.dummy_handler_default.str1.1
                0x0000000008004873        0xe /home/sarah/github/IoT_I2HM_wyres/Riot_wyres/tests/bme680/bin/wyres-base/cortexm_common/vectors_cortexm.o
 .rodata.hard_fault_handler.str1.1
                0x0000000008004881      0x233 /home/sarah/github/IoT_I2HM_wyres/Riot_wyres/tests/bme680/bin/wyres-base/cortexm_common/vectors_cortexm.o
 .rodata.apbmul
                0x0000000008004ab4        0x2 /home/sarah/github/IoT_I2HM_wyres/Riot_wyres/tests/bme680/bin/wyres-base/cpu/cpu_common.o
 *fill*         0x0000000008004ab6        0x2 
 .rodata        0x0000000008004ab8       0x88 /home/sarah/github/IoT_I2HM_wyres/Riot_wyres/tests/bme680/bin/wyres-base/driver_bme680/bme680_internal.o
 .rodata.i2c_config
                0x0000000008004b40       0x20 /home/sarah/github/IoT_I2HM_wyres/Riot_wyres/tests/bme680/bin/wyres-base/periph/i2c_2.o
 .rodata.timer_config
                0x0000000008004b60       0x10 /home/sarah/github/IoT_I2HM_wyres/Riot_wyres/tests/bme680/bin/wyres-base/periph/timer.o
 .rodata.uart_config
                0x0000000008004b70       0x14 /home/sarah/github/IoT_I2HM_wyres/Riot_wyres/tests/bme680/bin/wyres-base/periph/uart.o
 .rodata.ztimer_convert_frac_ops
                0x0000000008004b84        0xc /home/sarah/github/IoT_I2HM_wyres/Riot_wyres/tests/bme680/bin/wyres-base/ztimer_core/convert_frac.o
 .rodata.ZTIMER_MSEC
                0x0000000008004b90        0x4 /home/sarah/github/IoT_I2HM_wyres/Riot_wyres/tests/bme680/bin/wyres-base/ztimer_core/init.o
                0x0000000008004b90                ZTIMER_MSEC
 .rodata._ztimer_periph_timer_ops
                0x0000000008004b94        0xc /home/sarah/github/IoT_I2HM_wyres/Riot_wyres/tests/bme680/bin/wyres-base/ztimer_core/periph_timer.o
 .rodata        0x0000000008004ba0        0x4 /usr/lib/gcc/arm-none-eabi/9.2.1/../../../arm-none-eabi/lib/thumb/v7-m/nofp/libc_nano.a(lib_a-impure.o)
                0x0000000008004ba0                _global_impure_ptr
 .rodata        0x0000000008004ba4       0x60 /usr/lib/gcc/arm-none-eabi/9.2.1/../../../arm-none-eabi/lib/thumb/v7-m/nofp/libc_nano.a(lib_a-findfp.o)
                0x0000000008004ba4                __sf_fake_stderr
                0x0000000008004bc4                __sf_fake_stdout
                0x0000000008004be4                __sf_fake_stdin
 .rodata.str1.4
                0x0000000008004c04       0x13 /usr/lib/gcc/arm-none-eabi/9.2.1/../../../arm-none-eabi/lib/thumb/v7-m/nofp/libc_nano.a(lib_a-nano-vfprintf.o)
 *fill*         0x0000000008004c17        0x1 
 .rodata.str1.4
                0x0000000008004c18       0x25 /usr/lib/gcc/arm-none-eabi/9.2.1/../../../arm-none-eabi/lib/thumb/v7-m/nofp/libc_nano.a(lib_a-nano-vfprintf_i.o)
 *(SORT_BY_NAME(.roxfa.*))
 *fill*         0x0000000008004c3d        0x3 
 .roxfa.auto_init_xfa.0_
                0x0000000008004c40        0x0 /home/sarah/github/IoT_I2HM_wyres/Riot_wyres/tests/bme680/bin/wyres-base/auto_init/auto_init.o
                0x0000000008004c40                auto_init_xfa
 .roxfa.auto_init_xfa.5_1010
                0x0000000008004c40        0x4 /home/sarah/github/IoT_I2HM_wyres/Riot_wyres/tests/bme680/bin/wyres-base/auto_init/auto_init.o
                0x0000000008004c40                auto_init_xfa_ztimer_init
 .roxfa.auto_init_xfa.9_
                0x0000000008004c44        0x0 /home/sarah/github/IoT_I2HM_wyres/Riot_wyres/tests/bme680/bin/wyres-base/auto_init/auto_init.o
                0x0000000008004c44                auto_init_xfa_end
 *(.ARM.extab* .gnu.linkonce.armextab.*)
                0x0000000008004c44                . = ALIGN (0x4)
 *(.init)
                0x0000000008004c44                . = ALIGN (0x4)
                0x0000000008004c44                __preinit_array_start = .
 *(.preinit_array)
                0x0000000008004c44                __preinit_array_end = .
                0x0000000008004c44                . = ALIGN (0x4)
                0x0000000008004c44                __init_array_start = .
 *(SORT_BY_NAME(.init_array.*))
 *(.init_array)
                0x0000000008004c44                __init_array_end = .
                0x0000000008004c44                . = ALIGN (0x4)
 *crtbegin.o(.ctors)
 *(EXCLUDE_FILE(*crtend.o) .ctors)
 *(SORT_BY_NAME(.ctors.*))
 *crtend.o(.ctors)
                0x0000000008004c44                . = ALIGN (0x4)
 *(.fini)
                0x0000000008004c44                . = ALIGN (0x4)
                0x0000000008004c44                __fini_array_start = .
 *(.fini_array)
 *(SORT_BY_NAME(.fini_array.*))
                0x0000000008004c44                __fini_array_end = .
 *crtbegin.o(.dtors)
 *(EXCLUDE_FILE(*crtend.o) .dtors)
 *(SORT_BY_NAME(.dtors.*))
 *crtend.o(.dtors)
                0x0000000008004c44                . = ALIGN (0x4)
                0x0000000008004c44                _efixed = .

.vfp11_veneer   0x0000000008004c44        0x0
 .vfp11_veneer  0x0000000008004c44        0x0 linker stubs

.v4_bx          0x0000000008004c44        0x0
 .v4_bx         0x0000000008004c44        0x0 linker stubs

.iplt           0x0000000008004c44        0x0
 .iplt          0x0000000008004c44        0x0 /home/sarah/github/IoT_I2HM_wyres/Riot_wyres/tests/bme680/bin/wyres-base/application_test_BME680/main.o

.igot.plt       0x0000000008004c44        0x0
 .igot.plt      0x0000000008004c44        0x0 /home/sarah/github/IoT_I2HM_wyres/Riot_wyres/tests/bme680/bin/wyres-base/application_test_BME680/main.o

.tdata          0x0000000008004c44        0x0
                0x0000000008004c44                __tdata_start = .
 *(.tdata .tdata.* .gnu.linkonce.td.*)
                0x0000000008004c44                __tdata_end = .
                0x0000000008004c44                __tdata_source = LOADADDR (.tdata)
                0x0000000000000000                __tdata_size = SIZEOF (.tdata)

.tbss           0x0000000008004c44        0x0
 *(.tbss .tbss.* .gnu.linkonce.tb.*)
 *(.tcommon)
                0x0000000008004c44                __tbss_end = .
                0x0000000000000000                __tls_size = (__tbss_end - __tdata_start)
                0x0000000000000000                __tbss_size = (__tls_size - __tdata_size)
                [!provide]                        PROVIDE (__tbss_offset = (ADDR (.tbss) - ADDR (.tdata)))
                [!provide]                        PROVIDE (__tls_align = MAX (ALIGNOF (.tdata), ALIGNOF (.tbss)))
                [!provide]                        PROVIDE (__arm32_tls_tcb_offset = MAX (0x8, __tls_align))
                [!provide]                        PROVIDE (__arm64_tls_tcb_offset = MAX (0x10, __tls_align))
                [!provide]                        PROVIDE (__exidx_start = .)

.ARM.exidx      0x0000000008004c44        0x8
 *(.ARM.exidx* .gnu.linkonce.armexidx.*)
 .ARM.exidx     0x0000000008004c44        0x8 /usr/lib/gcc/arm-none-eabi/9.2.1/thumb/v7-m/nofp/libgcc.a(_udivmoddi4.o)
                [!provide]                        PROVIDE (__exidx_end = .)

.rel.dyn        0x0000000008004c4c        0x0
 .rel.iplt      0x0000000008004c4c        0x0 /home/sarah/github/IoT_I2HM_wyres/Riot_wyres/tests/bme680/bin/wyres-base/application_test_BME680/main.o
                0x0000000008004c4c                . = ALIGN (0x4)

.eh_frame
 *(.eh_frame)
                0x0000000008004c4c                . = ALIGN (0x4)
                0x0000000008004c4c                _etext = .

.stack          0x0000000020000000      0x200
 *(.puf)
                0x0000000020000000                . = ALIGN (0x8)
                0x0000000020000000                _sstack = .
 *(.isr_stack)
 .isr_stack     0x0000000020000000      0x200 /home/sarah/github/IoT_I2HM_wyres/Riot_wyres/tests/bme680/bin/wyres-base/cortexm_common/vectors_cortexm.o
                0x0000000020000000                isr_stack
                0x0000000020000200                . = ALIGN (0x8)
                0x0000000020000200                _estack = .

.relocate       0x0000000020000200       0x9c load address 0x0000000008004c4c
                0x0000000020000200                . = ALIGN (0x4)
                0x0000000020000200                _srelocate = .
 *(.ramfunc .ramfunc.*)
 *(.data .data.*)
 .data.heap_top
                0x0000000020000200        0x4 /home/sarah/github/IoT_I2HM_wyres/Riot_wyres/tests/bme680/bin/wyres-base/newlib_syscalls_default/syscalls.o
 .data.pm_blocker
                0x0000000020000204        0x4 /home/sarah/github/IoT_I2HM_wyres/Riot_wyres/tests/bme680/bin/wyres-base/pm_layered/pm.o
 .data._ztimer_periph_timer
                0x0000000020000208       0x2c /home/sarah/github/IoT_I2HM_wyres/Riot_wyres/tests/bme680/bin/wyres-base/ztimer_core/init.o
 .data          0x0000000020000234       0x64 /usr/lib/gcc/arm-none-eabi/9.2.1/../../../arm-none-eabi/lib/thumb/v7-m/nofp/libc_nano.a(lib_a-impure.o)
                0x0000000020000234                _impure_ptr
 *(SORT_BY_NAME(.xfa.*))
 *(.openocd .openocd.*)
 .openocd       0x0000000020000298        0x2 /home/sarah/github/IoT_I2HM_wyres/Riot_wyres/tests/bme680/bin/wyres-base/core/sched.o
                0x0000000020000298                _tcb_name_offset
                0x0000000020000299                max_threads
                0x000000002000029c                . = ALIGN (0x4)
 *fill*         0x000000002000029a        0x2 
                0x000000002000029c                _erelocate = .

.bss            0x000000002000029c      0x760 load address 0x0000000008004ce8
                0x000000002000029c                . = ALIGN (0x4)
                0x000000002000029c                _sbss = .
                0x000000002000029c                _szero = .
 *(.bss .bss.*)
 .bss.timer     0x000000002000029c       0x10 /home/sarah/github/IoT_I2HM_wyres/Riot_wyres/tests/bme680/bin/wyres-base/application_test_BME680/main.o
                0x000000002000029c                timer
 .bss.bme680_devs
                0x00000000200002ac        0x4 /home/sarah/github/IoT_I2HM_wyres/Riot_wyres/tests/bme680/bin/wyres-base/bme680/bme680.o
                0x00000000200002ac                bme680_devs
 .bss.bme680_devs_numof
                0x00000000200002b0        0x4 /home/sarah/github/IoT_I2HM_wyres/Riot_wyres/tests/bme680/bin/wyres-base/bme680/bme680.o
                0x00000000200002b0                bme680_devs_numof
 .bss.main_stack
                0x00000000200002b4      0x600 /home/sarah/github/IoT_I2HM_wyres/Riot_wyres/tests/bme680/bin/wyres-base/core_lib/init.o
 .bss.crashed   0x00000000200008b4        0x4 /home/sarah/github/IoT_I2HM_wyres/Riot_wyres/tests/bme680/bin/wyres-base/core_lib/panic.o
 .bss.runqueue_bitcache
                0x00000000200008b8        0x4 /home/sarah/github/IoT_I2HM_wyres/Riot_wyres/tests/bme680/bin/wyres-base/core/sched.o
 .bss.sched_active_pid
                0x00000000200008bc        0x2 /home/sarah/github/IoT_I2HM_wyres/Riot_wyres/tests/bme680/bin/wyres-base/core/sched.o
                0x00000000200008bc                sched_active_pid
 *fill*         0x00000000200008be        0x2 
 .bss.sched_active_thread
                0x00000000200008c0        0x4 /home/sarah/github/IoT_I2HM_wyres/Riot_wyres/tests/bme680/bin/wyres-base/core/sched.o
                0x00000000200008c0                sched_active_thread
 .bss.sched_context_switch_request
                0x00000000200008c4        0x4 /home/sarah/github/IoT_I2HM_wyres/Riot_wyres/tests/bme680/bin/wyres-base/core/sched.o
                0x00000000200008c4                sched_context_switch_request
 .bss.sched_num_threads
                0x00000000200008c8        0x4 /home/sarah/github/IoT_I2HM_wyres/Riot_wyres/tests/bme680/bin/wyres-base/core/sched.o
                0x00000000200008c8                sched_num_threads
 .bss.sched_runqueues
                0x00000000200008cc       0x40 /home/sarah/github/IoT_I2HM_wyres/Riot_wyres/tests/bme680/bin/wyres-base/core/sched.o
                0x00000000200008cc                sched_runqueues
 .bss.sched_threads
                0x000000002000090c       0x84 /home/sarah/github/IoT_I2HM_wyres/Riot_wyres/tests/bme680/bin/wyres-base/core/sched.o
                0x000000002000090c                sched_threads
 .bss.locks     0x0000000020000990        0x4 /home/sarah/github/IoT_I2HM_wyres/Riot_wyres/tests/bme680/bin/wyres-base/periph/i2c_2.o
 .bss.isr_ctx   0x0000000020000994        0x8 /home/sarah/github/IoT_I2HM_wyres/Riot_wyres/tests/bme680/bin/wyres-base/periph/timer.o
 .bss.isr_ctx   0x000000002000099c        0xc /home/sarah/github/IoT_I2HM_wyres/Riot_wyres/tests/bme680/bin/wyres-base/periph/uart.o
 .bss._ztimer_convert_frac_msec
                0x00000000200009a8       0x4c /home/sarah/github/IoT_I2HM_wyres/Riot_wyres/tests/bme680/bin/wyres-base/ztimer_core/init.o
 .bss           0x00000000200009f4        0x8 /usr/lib/gcc/arm-none-eabi/9.2.1/../../../arm-none-eabi/lib/thumb/v7-m/nofp/libc_nano.a(lib_a-nano-mallocr.o)
                0x00000000200009f4                __malloc_free_list
                0x00000000200009f8                __malloc_sbrk_start
 *(COMMON)
                0x00000000200009fc                . = ALIGN (0x4)
                0x00000000200009fc                _ebss = .
                0x00000000200009fc                _ezero = .

.noinit         0x00000000200009fc        0x0 load address 0x0000000008004ce8
                0x00000000200009fc                __noinit_start = .
 *(.noinit)
                0x00000000200009fc                . = ALIGN (0x4)
                0x00000000200009fc                __noinit_end = .
                0x00000000200009fc                . = ALIGN (0x4)
                0x00000000200009fc                _sheap = .
                0x0000000020008000                _eheap = (ORIGIN (ram) + LENGTH (ram))
                0x0000000020000000                _sram = ORIGIN (ram)
                0x0000000020008000                _eram = (ORIGIN (ram) + LENGTH (ram))
                0x0000000008000000                _srom = ORIGIN (rom)
                0x0000000008040000                _erom = (ORIGIN (rom) + LENGTH (rom))
                0x0000000008004ce8                _sbackup_data_load = LOADADDR (.backup.data)

.backup.data    0x0000000000000000        0x0 load address 0x0000000008004ce8
                0x0000000000000000                _sbackup_data = .
 *(.backup.data)
                0x0000000000000000                _ebackup_data = .
                0x0000000000000000                . = ALIGN (0x4)

.backup.bss     0x0000000000000000        0x0 load address 0x0000000008004ce8
                0x0000000000000000                _sbackup_bss = .
 *(.backup.bss)
                0x0000000000000000                _ebackup_bss = .
                0x0000000000000000                . = ALIGN (0x4)

.heap3          0x0000000000000000        0x0 load address 0x0000000008004ce8
                0x0000000000000000                _sheap1 = .
                0x0000000000000000                _eheap1 = (ORIGIN (bkup_ram) + LENGTH (bkup_ram))

.flash_writable
 *(SORT_BY_NAME(.flash_writable.*))

.end_fw         0x0000000008004ce8        0x0
                0x0000000008004ce8                _end_fw = .
OUTPUT(/home/sarah/github/IoT_I2HM_wyres/Riot_wyres/tests/bme680/bin/wyres-base/test_BME680.elf elf32-littlearm)
LOAD linker stubs

.comment        0x0000000000000000       0xa7
 .comment       0x0000000000000000       0x59 /home/sarah/github/IoT_I2HM_wyres/Riot_wyres/tests/bme680/bin/wyres-base/application_test_BME680/main.o
                                         0x5a (size before relaxing)
 .comment       0x0000000000000059       0x5a /home/sarah/github/IoT_I2HM_wyres/Riot_wyres/tests/bme680/bin/wyres-base/auto_init/auto_init.o
 .comment       0x0000000000000059       0x5a /home/sarah/github/IoT_I2HM_wyres/Riot_wyres/tests/bme680/bin/wyres-base/bme680/bme680.o
 .comment       0x0000000000000059       0x5a /home/sarah/github/IoT_I2HM_wyres/Riot_wyres/tests/bme680/bin/wyres-base/board/board.o
 .comment       0x0000000000000059       0x5a /home/sarah/github/IoT_I2HM_wyres/Riot_wyres/tests/bme680/bin/wyres-base/core_lib/assert.o
 .comment       0x0000000000000059       0x5a /home/sarah/github/IoT_I2HM_wyres/Riot_wyres/tests/bme680/bin/wyres-base/core_lib/init.o
 .comment       0x0000000000000059       0x5a /home/sarah/github/IoT_I2HM_wyres/Riot_wyres/tests/bme680/bin/wyres-base/core_lib/panic.o
 .comment       0x0000000000000059       0x5a /home/sarah/github/IoT_I2HM_wyres/Riot_wyres/tests/bme680/bin/wyres-base/core/mutex.o
 .comment       0x0000000000000059       0x5a /home/sarah/github/IoT_I2HM_wyres/Riot_wyres/tests/bme680/bin/wyres-base/core/sched.o
 .comment       0x0000000000000059       0x5a /home/sarah/github/IoT_I2HM_wyres/Riot_wyres/tests/bme680/bin/wyres-base/core/thread.o
 .comment       0x0000000000000059       0x5a /home/sarah/github/IoT_I2HM_wyres/Riot_wyres/tests/bme680/bin/wyres-base/cortexm_common/cortexm_init.o
 .comment       0x0000000000000059       0x5a /home/sarah/github/IoT_I2HM_wyres/Riot_wyres/tests/bme680/bin/wyres-base/cortexm_common/mpu.o
 .comment       0x0000000000000059       0x5a /home/sarah/github/IoT_I2HM_wyres/Riot_wyres/tests/bme680/bin/wyres-base/cortexm_common/panic.o
 .comment       0x0000000000000059       0x5a /home/sarah/github/IoT_I2HM_wyres/Riot_wyres/tests/bme680/bin/wyres-base/cortexm_common/thread_arch.o
 .comment       0x0000000000000059       0x5a /home/sarah/github/IoT_I2HM_wyres/Riot_wyres/tests/bme680/bin/wyres-base/cortexm_common/vectors_cortexm.o
 .comment       0x0000000000000059       0x5a /home/sarah/github/IoT_I2HM_wyres/Riot_wyres/tests/bme680/bin/wyres-base/cpu/cpu_common.o
 .comment       0x0000000000000059       0x5a /home/sarah/github/IoT_I2HM_wyres/Riot_wyres/tests/bme680/bin/wyres-base/cpu/cpu_init.o
 .comment       0x0000000000000059       0x5a /home/sarah/github/IoT_I2HM_wyres/Riot_wyres/tests/bme680/bin/wyres-base/driver_bme680/bme680_internal.o
 .comment       0x0000000000000059       0x5a /home/sarah/github/IoT_I2HM_wyres/Riot_wyres/tests/bme680/bin/wyres-base/driver_bme680_contrib/bme680_hal.o
 .comment       0x0000000000000059       0x5a /home/sarah/github/IoT_I2HM_wyres/Riot_wyres/tests/bme680/bin/wyres-base/frac/frac.o
 .comment       0x0000000000000059       0x5a /home/sarah/github/IoT_I2HM_wyres/Riot_wyres/tests/bme680/bin/wyres-base/newlib_syscalls_default/syscalls.o
 .comment       0x0000000000000059       0x5a /home/sarah/github/IoT_I2HM_wyres/Riot_wyres/tests/bme680/bin/wyres-base/periph_common/i2c.o
 .comment       0x0000000000000059       0x5a /home/sarah/github/IoT_I2HM_wyres/Riot_wyres/tests/bme680/bin/wyres-base/periph_common/init_leds.o
 .comment       0x0000000000000059       0x5a /home/sarah/github/IoT_I2HM_wyres/Riot_wyres/tests/bme680/bin/wyres-base/periph_common/init.o
 .comment       0x0000000000000059       0x5a /home/sarah/github/IoT_I2HM_wyres/Riot_wyres/tests/bme680/bin/wyres-base/periph/gpio_all.o
 .comment       0x0000000000000059       0x5a /home/sarah/github/IoT_I2HM_wyres/Riot_wyres/tests/bme680/bin/wyres-base/periph/i2c_2.o
 .comment       0x0000000000000059       0x5a /home/sarah/github/IoT_I2HM_wyres/Riot_wyres/tests/bme680/bin/wyres-base/periph/pm.o
 .comment       0x0000000000000059       0x5a /home/sarah/github/IoT_I2HM_wyres/Riot_wyres/tests/bme680/bin/wyres-base/periph/timer.o
 .comment       0x0000000000000059       0x5a /home/sarah/github/IoT_I2HM_wyres/Riot_wyres/tests/bme680/bin/wyres-base/periph/uart.o
 .comment       0x0000000000000059       0x5a /home/sarah/github/IoT_I2HM_wyres/Riot_wyres/tests/bme680/bin/wyres-base/pm_layered/pm.o
 .comment       0x0000000000000059       0x5a /home/sarah/github/IoT_I2HM_wyres/Riot_wyres/tests/bme680/bin/wyres-base/stdio_uart/stdio_uart.o
 .comment       0x0000000000000059       0x5a /home/sarah/github/IoT_I2HM_wyres/Riot_wyres/tests/bme680/bin/wyres-base/stm32_clk/stmclk_common.o
 .comment       0x0000000000000059       0x5a /home/sarah/github/IoT_I2HM_wyres/Riot_wyres/tests/bme680/bin/wyres-base/stm32_clk/stmclk_l0l1.o
 .comment       0x0000000000000059       0x5a /home/sarah/github/IoT_I2HM_wyres/Riot_wyres/tests/bme680/bin/wyres-base/stm32_vectors/STM32L151xC.o
 .comment       0x0000000000000059       0x5a /home/sarah/github/IoT_I2HM_wyres/Riot_wyres/tests/bme680/bin/wyres-base/ztimer_core/convert_frac.o
 .comment       0x0000000000000059       0x5a /home/sarah/github/IoT_I2HM_wyres/Riot_wyres/tests/bme680/bin/wyres-base/ztimer_core/convert.o
 .comment       0x0000000000000059       0x5a /home/sarah/github/IoT_I2HM_wyres/Riot_wyres/tests/bme680/bin/wyres-base/ztimer_core/core.o
 .comment       0x0000000000000059       0x5a /home/sarah/github/IoT_I2HM_wyres/Riot_wyres/tests/bme680/bin/wyres-base/ztimer_core/init.o
 .comment       0x0000000000000059       0x5a /home/sarah/github/IoT_I2HM_wyres/Riot_wyres/tests/bme680/bin/wyres-base/ztimer_core/periph_timer.o
 .comment       0x0000000000000059       0x5a /home/sarah/github/IoT_I2HM_wyres/Riot_wyres/tests/bme680/bin/wyres-base/ztimer_core/util.o
 .comment       0x0000000000000059       0x5a /usr/lib/gcc/arm-none-eabi/9.2.1/thumb/v7-m/nofp/libgcc.a(_udivmoddi4.o)
 .comment       0x0000000000000059       0x4e /usr/lib/gcc/arm-none-eabi/9.2.1/../../../arm-none-eabi/lib/thumb/v7-m/nofp/libc_nano.a(lib_a-impure.o)
                                         0x4f (size before relaxing)
 .comment       0x00000000000000a7       0x4f /usr/lib/gcc/arm-none-eabi/9.2.1/../../../arm-none-eabi/lib/thumb/v7-m/nofp/libc_nano.a(lib_a-init.o)
 .comment       0x00000000000000a7       0x4f /usr/lib/gcc/arm-none-eabi/9.2.1/../../../arm-none-eabi/lib/thumb/v7-m/nofp/libc_nano.a(lib_a-memset.o)
 .comment       0x00000000000000a7       0x4f /usr/lib/gcc/arm-none-eabi/9.2.1/../../../arm-none-eabi/lib/thumb/v7-m/nofp/libc_nano.a(lib_a-nano-freer.o)
 .comment       0x00000000000000a7       0x4f /usr/lib/gcc/arm-none-eabi/9.2.1/../../../arm-none-eabi/lib/thumb/v7-m/nofp/libc_nano.a(lib_a-nano-mallocr.o)
 .comment       0x00000000000000a7       0x4f /usr/lib/gcc/arm-none-eabi/9.2.1/../../../arm-none-eabi/lib/thumb/v7-m/nofp/libc_nano.a(lib_a-printf.o)
 .comment       0x00000000000000a7       0x4f /usr/lib/gcc/arm-none-eabi/9.2.1/../../../arm-none-eabi/lib/thumb/v7-m/nofp/libc_nano.a(lib_a-putchar.o)
 .comment       0x00000000000000a7       0x4f /usr/lib/gcc/arm-none-eabi/9.2.1/../../../arm-none-eabi/lib/thumb/v7-m/nofp/libc_nano.a(lib_a-puts.o)
 .comment       0x00000000000000a7       0x4f /usr/lib/gcc/arm-none-eabi/9.2.1/../../../arm-none-eabi/lib/thumb/v7-m/nofp/libc_nano.a(lib_a-wbuf.o)
 .comment       0x00000000000000a7       0x4f /usr/lib/gcc/arm-none-eabi/9.2.1/../../../arm-none-eabi/lib/thumb/v7-m/nofp/libc_nano.a(lib_a-wsetup.o)
 .comment       0x00000000000000a7       0x4f /usr/lib/gcc/arm-none-eabi/9.2.1/../../../arm-none-eabi/lib/thumb/v7-m/nofp/libc_nano.a(lib_a-fflush.o)
 .comment       0x00000000000000a7       0x4f /usr/lib/gcc/arm-none-eabi/9.2.1/../../../arm-none-eabi/lib/thumb/v7-m/nofp/libc_nano.a(lib_a-findfp.o)
 .comment       0x00000000000000a7       0x4f /usr/lib/gcc/arm-none-eabi/9.2.1/../../../arm-none-eabi/lib/thumb/v7-m/nofp/libc_nano.a(lib_a-fwalk.o)
 .comment       0x00000000000000a7       0x4f /usr/lib/gcc/arm-none-eabi/9.2.1/../../../arm-none-eabi/lib/thumb/v7-m/nofp/libc_nano.a(lib_a-makebuf.o)
 .comment       0x00000000000000a7       0x4f /usr/lib/gcc/arm-none-eabi/9.2.1/../../../arm-none-eabi/lib/thumb/v7-m/nofp/libc_nano.a(lib_a-mlock.o)
 .comment       0x00000000000000a7       0x4f /usr/lib/gcc/arm-none-eabi/9.2.1/../../../arm-none-eabi/lib/thumb/v7-m/nofp/libc_nano.a(lib_a-nano-reallocr.o)
 .comment       0x00000000000000a7       0x4f /usr/lib/gcc/arm-none-eabi/9.2.1/../../../arm-none-eabi/lib/thumb/v7-m/nofp/libc_nano.a(lib_a-nano-vfprintf.o)
 .comment       0x00000000000000a7       0x4f /usr/lib/gcc/arm-none-eabi/9.2.1/../../../arm-none-eabi/lib/thumb/v7-m/nofp/libc_nano.a(lib_a-nano-vfprintf_i.o)
 .comment       0x00000000000000a7       0x4f /usr/lib/gcc/arm-none-eabi/9.2.1/../../../arm-none-eabi/lib/thumb/v7-m/nofp/libc_nano.a(lib_a-putc.o)
 .comment       0x00000000000000a7       0x4f /usr/lib/gcc/arm-none-eabi/9.2.1/../../../arm-none-eabi/lib/thumb/v7-m/nofp/libc_nano.a(lib_a-stdio.o)
 .comment       0x00000000000000a7       0x4f /usr/lib/gcc/arm-none-eabi/9.2.1/../../../arm-none-eabi/lib/thumb/v7-m/nofp/libc_nano.a(lib_a-fvwrite.o)
 .comment       0x00000000000000a7       0x4f /usr/lib/gcc/arm-none-eabi/9.2.1/../../../arm-none-eabi/lib/thumb/v7-m/nofp/libc_nano.a(lib_a-memchr-stub.o)
 .comment       0x00000000000000a7       0x4f /usr/lib/gcc/arm-none-eabi/9.2.1/../../../arm-none-eabi/lib/thumb/v7-m/nofp/libc_nano.a(lib_a-memmove.o)
 .comment       0x00000000000000a7       0x4f /usr/lib/gcc/arm-none-eabi/9.2.1/../../../arm-none-eabi/lib/thumb/v7-m/nofp/libc_nano.a(lib_a-nano-msizer.o)

.ARM.attributes
                0x0000000000000000       0x2b
 .ARM.attributes
                0x0000000000000000       0x2d /home/sarah/github/IoT_I2HM_wyres/Riot_wyres/tests/bme680/bin/wyres-base/application_test_BME680/main.o
 .ARM.attributes
                0x000000000000002d       0x2d /home/sarah/github/IoT_I2HM_wyres/Riot_wyres/tests/bme680/bin/wyres-base/auto_init/auto_init.o
 .ARM.attributes
                0x000000000000005a       0x2d /home/sarah/github/IoT_I2HM_wyres/Riot_wyres/tests/bme680/bin/wyres-base/bme680/bme680.o
 .ARM.attributes
                0x0000000000000087       0x2d /home/sarah/github/IoT_I2HM_wyres/Riot_wyres/tests/bme680/bin/wyres-base/board/board.o
 .ARM.attributes
                0x00000000000000b4       0x2d /home/sarah/github/IoT_I2HM_wyres/Riot_wyres/tests/bme680/bin/wyres-base/core_lib/assert.o
 .ARM.attributes
                0x00000000000000e1       0x2d /home/sarah/github/IoT_I2HM_wyres/Riot_wyres/tests/bme680/bin/wyres-base/core_lib/init.o
 .ARM.attributes
                0x000000000000010e       0x2d /home/sarah/github/IoT_I2HM_wyres/Riot_wyres/tests/bme680/bin/wyres-base/core_lib/panic.o
 .ARM.attributes
                0x000000000000013b       0x2d /home/sarah/github/IoT_I2HM_wyres/Riot_wyres/tests/bme680/bin/wyres-base/core/mutex.o
 .ARM.attributes
                0x0000000000000168       0x2d /home/sarah/github/IoT_I2HM_wyres/Riot_wyres/tests/bme680/bin/wyres-base/core/sched.o
 .ARM.attributes
                0x0000000000000195       0x2d /home/sarah/github/IoT_I2HM_wyres/Riot_wyres/tests/bme680/bin/wyres-base/core/thread.o
 .ARM.attributes
                0x00000000000001c2       0x2d /home/sarah/github/IoT_I2HM_wyres/Riot_wyres/tests/bme680/bin/wyres-base/cortexm_common/cortexm_init.o
 .ARM.attributes
                0x00000000000001ef       0x2d /home/sarah/github/IoT_I2HM_wyres/Riot_wyres/tests/bme680/bin/wyres-base/cortexm_common/mpu.o
 .ARM.attributes
                0x000000000000021c       0x2d /home/sarah/github/IoT_I2HM_wyres/Riot_wyres/tests/bme680/bin/wyres-base/cortexm_common/panic.o
 .ARM.attributes
                0x0000000000000249       0x2d /home/sarah/github/IoT_I2HM_wyres/Riot_wyres/tests/bme680/bin/wyres-base/cortexm_common/thread_arch.o
 .ARM.attributes
                0x0000000000000276       0x2d /home/sarah/github/IoT_I2HM_wyres/Riot_wyres/tests/bme680/bin/wyres-base/cortexm_common/vectors_cortexm.o
 .ARM.attributes
                0x00000000000002a3       0x2d /home/sarah/github/IoT_I2HM_wyres/Riot_wyres/tests/bme680/bin/wyres-base/cpu/cpu_common.o
 .ARM.attributes
                0x00000000000002d0       0x2d /home/sarah/github/IoT_I2HM_wyres/Riot_wyres/tests/bme680/bin/wyres-base/cpu/cpu_init.o
 .ARM.attributes
                0x00000000000002fd       0x2d /home/sarah/github/IoT_I2HM_wyres/Riot_wyres/tests/bme680/bin/wyres-base/driver_bme680/bme680_internal.o
 .ARM.attributes
                0x000000000000032a       0x2d /home/sarah/github/IoT_I2HM_wyres/Riot_wyres/tests/bme680/bin/wyres-base/driver_bme680_contrib/bme680_hal.o
 .ARM.attributes
                0x0000000000000357       0x2d /home/sarah/github/IoT_I2HM_wyres/Riot_wyres/tests/bme680/bin/wyres-base/frac/frac.o
 .ARM.attributes
                0x0000000000000384       0x2d /home/sarah/github/IoT_I2HM_wyres/Riot_wyres/tests/bme680/bin/wyres-base/newlib_syscalls_default/syscalls.o
 .ARM.attributes
                0x00000000000003b1       0x2d /home/sarah/github/IoT_I2HM_wyres/Riot_wyres/tests/bme680/bin/wyres-base/periph_common/i2c.o
 .ARM.attributes
                0x00000000000003de       0x2d /home/sarah/github/IoT_I2HM_wyres/Riot_wyres/tests/bme680/bin/wyres-base/periph_common/init_leds.o
 .ARM.attributes
                0x000000000000040b       0x2d /home/sarah/github/IoT_I2HM_wyres/Riot_wyres/tests/bme680/bin/wyres-base/periph_common/init.o
 .ARM.attributes
                0x0000000000000438       0x2d /home/sarah/github/IoT_I2HM_wyres/Riot_wyres/tests/bme680/bin/wyres-base/periph/gpio_all.o
 .ARM.attributes
                0x0000000000000465       0x2d /home/sarah/github/IoT_I2HM_wyres/Riot_wyres/tests/bme680/bin/wyres-base/periph/i2c_2.o
 .ARM.attributes
                0x0000000000000492       0x2d /home/sarah/github/IoT_I2HM_wyres/Riot_wyres/tests/bme680/bin/wyres-base/periph/pm.o
 .ARM.attributes
                0x00000000000004bf       0x2d /home/sarah/github/IoT_I2HM_wyres/Riot_wyres/tests/bme680/bin/wyres-base/periph/timer.o
 .ARM.attributes
                0x00000000000004ec       0x2d /home/sarah/github/IoT_I2HM_wyres/Riot_wyres/tests/bme680/bin/wyres-base/periph/uart.o
 .ARM.attributes
                0x0000000000000519       0x2d /home/sarah/github/IoT_I2HM_wyres/Riot_wyres/tests/bme680/bin/wyres-base/pm_layered/pm.o
 .ARM.attributes
                0x0000000000000546       0x2d /home/sarah/github/IoT_I2HM_wyres/Riot_wyres/tests/bme680/bin/wyres-base/stdio_uart/stdio_uart.o
 .ARM.attributes
                0x0000000000000573       0x2d /home/sarah/github/IoT_I2HM_wyres/Riot_wyres/tests/bme680/bin/wyres-base/stm32_clk/stmclk_common.o
 .ARM.attributes
                0x00000000000005a0       0x2d /home/sarah/github/IoT_I2HM_wyres/Riot_wyres/tests/bme680/bin/wyres-base/stm32_clk/stmclk_l0l1.o
 .ARM.attributes
                0x00000000000005cd       0x2d /home/sarah/github/IoT_I2HM_wyres/Riot_wyres/tests/bme680/bin/wyres-base/stm32_vectors/STM32L151xC.o
 .ARM.attributes
                0x00000000000005fa       0x2d /home/sarah/github/IoT_I2HM_wyres/Riot_wyres/tests/bme680/bin/wyres-base/ztimer_core/convert_frac.o
 .ARM.attributes
                0x0000000000000627       0x2d /home/sarah/github/IoT_I2HM_wyres/Riot_wyres/tests/bme680/bin/wyres-base/ztimer_core/convert.o
 .ARM.attributes
                0x0000000000000654       0x2d /home/sarah/github/IoT_I2HM_wyres/Riot_wyres/tests/bme680/bin/wyres-base/ztimer_core/core.o
 .ARM.attributes
                0x0000000000000681       0x2d /home/sarah/github/IoT_I2HM_wyres/Riot_wyres/tests/bme680/bin/wyres-base/ztimer_core/init.o
 .ARM.attributes
                0x00000000000006ae       0x2d /home/sarah/github/IoT_I2HM_wyres/Riot_wyres/tests/bme680/bin/wyres-base/ztimer_core/periph_timer.o
 .ARM.attributes
                0x00000000000006db       0x2d /home/sarah/github/IoT_I2HM_wyres/Riot_wyres/tests/bme680/bin/wyres-base/ztimer_core/util.o
 .ARM.attributes
                0x0000000000000708       0x1d /usr/lib/gcc/arm-none-eabi/9.2.1/thumb/v7-m/nofp/libgcc.a(_aeabi_ldivmod.o)
 .ARM.attributes
                0x0000000000000725       0x2d /usr/lib/gcc/arm-none-eabi/9.2.1/thumb/v7-m/nofp/libgcc.a(_udivmoddi4.o)
 .ARM.attributes
                0x0000000000000752       0x1d /usr/lib/gcc/arm-none-eabi/9.2.1/thumb/v7-m/nofp/libgcc.a(_dvmd_tls.o)
 .ARM.attributes
                0x000000000000076f       0x2d /usr/lib/gcc/arm-none-eabi/9.2.1/../../../arm-none-eabi/lib/thumb/v7-m/nofp/libc_nano.a(lib_a-impure.o)
 .ARM.attributes
                0x000000000000079c       0x2d /usr/lib/gcc/arm-none-eabi/9.2.1/../../../arm-none-eabi/lib/thumb/v7-m/nofp/libc_nano.a(lib_a-init.o)
 .ARM.attributes
                0x00000000000007c9       0x1b /usr/lib/gcc/arm-none-eabi/9.2.1/../../../arm-none-eabi/lib/thumb/v7-m/nofp/libc_nano.a(lib_a-memcpy.o)
 .ARM.attributes
                0x00000000000007e4       0x2d /usr/lib/gcc/arm-none-eabi/9.2.1/../../../arm-none-eabi/lib/thumb/v7-m/nofp/libc_nano.a(lib_a-memset.o)
 .ARM.attributes
                0x0000000000000811       0x2d /usr/lib/gcc/arm-none-eabi/9.2.1/../../../arm-none-eabi/lib/thumb/v7-m/nofp/libc_nano.a(lib_a-nano-freer.o)
 .ARM.attributes
                0x000000000000083e       0x2d /usr/lib/gcc/arm-none-eabi/9.2.1/../../../arm-none-eabi/lib/thumb/v7-m/nofp/libc_nano.a(lib_a-nano-mallocr.o)
 .ARM.attributes
                0x000000000000086b       0x2d /usr/lib/gcc/arm-none-eabi/9.2.1/../../../arm-none-eabi/lib/thumb/v7-m/nofp/libc_nano.a(lib_a-printf.o)
 .ARM.attributes
                0x0000000000000898       0x2d /usr/lib/gcc/arm-none-eabi/9.2.1/../../../arm-none-eabi/lib/thumb/v7-m/nofp/libc_nano.a(lib_a-putchar.o)
 .ARM.attributes
                0x00000000000008c5       0x2d /usr/lib/gcc/arm-none-eabi/9.2.1/../../../arm-none-eabi/lib/thumb/v7-m/nofp/libc_nano.a(lib_a-puts.o)
 .ARM.attributes
                0x00000000000008f2       0x2d /usr/lib/gcc/arm-none-eabi/9.2.1/../../../arm-none-eabi/lib/thumb/v7-m/nofp/libc_nano.a(lib_a-wbuf.o)
 .ARM.attributes
                0x000000000000091f       0x2d /usr/lib/gcc/arm-none-eabi/9.2.1/../../../arm-none-eabi/lib/thumb/v7-m/nofp/libc_nano.a(lib_a-wsetup.o)
 .ARM.attributes
                0x000000000000094c       0x2d /usr/lib/gcc/arm-none-eabi/9.2.1/../../../arm-none-eabi/lib/thumb/v7-m/nofp/libc_nano.a(lib_a-fflush.o)
 .ARM.attributes
                0x0000000000000979       0x2d /usr/lib/gcc/arm-none-eabi/9.2.1/../../../arm-none-eabi/lib/thumb/v7-m/nofp/libc_nano.a(lib_a-findfp.o)
 .ARM.attributes
                0x00000000000009a6       0x2d /usr/lib/gcc/arm-none-eabi/9.2.1/../../../arm-none-eabi/lib/thumb/v7-m/nofp/libc_nano.a(lib_a-fwalk.o)
 .ARM.attributes
                0x00000000000009d3       0x2d /usr/lib/gcc/arm-none-eabi/9.2.1/../../../arm-none-eabi/lib/thumb/v7-m/nofp/libc_nano.a(lib_a-makebuf.o)
 .ARM.attributes
                0x0000000000000a00       0x2d /usr/lib/gcc/arm-none-eabi/9.2.1/../../../arm-none-eabi/lib/thumb/v7-m/nofp/libc_nano.a(lib_a-mlock.o)
 .ARM.attributes
                0x0000000000000a2d       0x2d /usr/lib/gcc/arm-none-eabi/9.2.1/../../../arm-none-eabi/lib/thumb/v7-m/nofp/libc_nano.a(lib_a-nano-reallocr.o)
 .ARM.attributes
                0x0000000000000a5a       0x2d /usr/lib/gcc/arm-none-eabi/9.2.1/../../../arm-none-eabi/lib/thumb/v7-m/nofp/libc_nano.a(lib_a-nano-vfprintf.o)
 .ARM.attributes
                0x0000000000000a87       0x2d /usr/lib/gcc/arm-none-eabi/9.2.1/../../../arm-none-eabi/lib/thumb/v7-m/nofp/libc_nano.a(lib_a-nano-vfprintf_i.o)
 .ARM.attributes
                0x0000000000000ab4       0x2d /usr/lib/gcc/arm-none-eabi/9.2.1/../../../arm-none-eabi/lib/thumb/v7-m/nofp/libc_nano.a(lib_a-putc.o)
 .ARM.attributes
                0x0000000000000ae1       0x2d /usr/lib/gcc/arm-none-eabi/9.2.1/../../../arm-none-eabi/lib/thumb/v7-m/nofp/libc_nano.a(lib_a-stdio.o)
 .ARM.attributes
                0x0000000000000b0e       0x2d /usr/lib/gcc/arm-none-eabi/9.2.1/../../../arm-none-eabi/lib/thumb/v7-m/nofp/libc_nano.a(lib_a-fvwrite.o)
 .ARM.attributes
                0x0000000000000b3b       0x2d /usr/lib/gcc/arm-none-eabi/9.2.1/../../../arm-none-eabi/lib/thumb/v7-m/nofp/libc_nano.a(lib_a-memchr-stub.o)
 .ARM.attributes
                0x0000000000000b68       0x2d /usr/lib/gcc/arm-none-eabi/9.2.1/../../../arm-none-eabi/lib/thumb/v7-m/nofp/libc_nano.a(lib_a-memmove.o)
 .ARM.attributes
                0x0000000000000b95       0x2d /usr/lib/gcc/arm-none-eabi/9.2.1/../../../arm-none-eabi/lib/thumb/v7-m/nofp/libc_nano.a(lib_a-nano-msizer.o)

.debug_line     0x0000000000000000     0x5152
 .debug_line    0x0000000000000000       0x7e /usr/lib/gcc/arm-none-eabi/9.2.1/thumb/v7-m/nofp/libgcc.a(_aeabi_ldivmod.o)
 .debug_line    0x000000000000007e      0x620 /usr/lib/gcc/arm-none-eabi/9.2.1/thumb/v7-m/nofp/libgcc.a(_udivmoddi4.o)
 .debug_line    0x000000000000069e       0x60 /usr/lib/gcc/arm-none-eabi/9.2.1/thumb/v7-m/nofp/libgcc.a(_dvmd_tls.o)
 .debug_line    0x00000000000006fe       0xe3 /usr/lib/gcc/arm-none-eabi/9.2.1/../../../arm-none-eabi/lib/thumb/v7-m/nofp/libc_nano.a(lib_a-impure.o)
 .debug_line    0x00000000000007e1      0x114 /usr/lib/gcc/arm-none-eabi/9.2.1/../../../arm-none-eabi/lib/thumb/v7-m/nofp/libc_nano.a(lib_a-init.o)
 .debug_line    0x00000000000008f5       0xc1 /usr/lib/gcc/arm-none-eabi/9.2.1/../../../arm-none-eabi/lib/thumb/v7-m/nofp/libc_nano.a(lib_a-memcpy.o)
 .debug_line    0x00000000000009b6      0x26b /usr/lib/gcc/arm-none-eabi/9.2.1/../../../arm-none-eabi/lib/thumb/v7-m/nofp/libc_nano.a(lib_a-memset.o)
 .debug_line    0x0000000000000c21      0x29d /usr/lib/gcc/arm-none-eabi/9.2.1/../../../arm-none-eabi/lib/thumb/v7-m/nofp/libc_nano.a(lib_a-nano-freer.o)
 .debug_line    0x0000000000000ebe      0x2f0 /usr/lib/gcc/arm-none-eabi/9.2.1/../../../arm-none-eabi/lib/thumb/v7-m/nofp/libc_nano.a(lib_a-nano-mallocr.o)
 .debug_line    0x00000000000011ae      0x1fc /usr/lib/gcc/arm-none-eabi/9.2.1/../../../arm-none-eabi/lib/thumb/v7-m/nofp/libc_nano.a(lib_a-printf.o)
 .debug_line    0x00000000000013aa      0x1ec /usr/lib/gcc/arm-none-eabi/9.2.1/../../../arm-none-eabi/lib/thumb/v7-m/nofp/libc_nano.a(lib_a-putchar.o)
 .debug_line    0x0000000000001596      0x31c /usr/lib/gcc/arm-none-eabi/9.2.1/../../../arm-none-eabi/lib/thumb/v7-m/nofp/libc_nano.a(lib_a-puts.o)
 .debug_line    0x00000000000018b2      0x27f /usr/lib/gcc/arm-none-eabi/9.2.1/../../../arm-none-eabi/lib/thumb/v7-m/nofp/libc_nano.a(lib_a-wbuf.o)
 .debug_line    0x0000000000001b31      0x308 /usr/lib/gcc/arm-none-eabi/9.2.1/../../../arm-none-eabi/lib/thumb/v7-m/nofp/libc_nano.a(lib_a-wsetup.o)
 .debug_line    0x0000000000001e39      0x427 /usr/lib/gcc/arm-none-eabi/9.2.1/../../../arm-none-eabi/lib/thumb/v7-m/nofp/libc_nano.a(lib_a-fflush.o)
 .debug_line    0x0000000000002260      0x56b /usr/lib/gcc/arm-none-eabi/9.2.1/../../../arm-none-eabi/lib/thumb/v7-m/nofp/libc_nano.a(lib_a-findfp.o)
 .debug_line    0x00000000000027cb      0x26d /usr/lib/gcc/arm-none-eabi/9.2.1/../../../arm-none-eabi/lib/thumb/v7-m/nofp/libc_nano.a(lib_a-fwalk.o)
 .debug_line    0x0000000000002a38      0x388 /usr/lib/gcc/arm-none-eabi/9.2.1/../../../arm-none-eabi/lib/thumb/v7-m/nofp/libc_nano.a(lib_a-makebuf.o)
 .debug_line    0x0000000000002dc0      0x13d /usr/lib/gcc/arm-none-eabi/9.2.1/../../../arm-none-eabi/lib/thumb/v7-m/nofp/libc_nano.a(lib_a-mlock.o)
 .debug_line    0x0000000000002efd      0x1c5 /usr/lib/gcc/arm-none-eabi/9.2.1/../../../arm-none-eabi/lib/thumb/v7-m/nofp/libc_nano.a(lib_a-nano-reallocr.o)
 .debug_line    0x00000000000030c2      0x732 /usr/lib/gcc/arm-none-eabi/9.2.1/../../../arm-none-eabi/lib/thumb/v7-m/nofp/libc_nano.a(lib_a-nano-vfprintf.o)
 .debug_line    0x00000000000037f4      0x7a1 /usr/lib/gcc/arm-none-eabi/9.2.1/../../../arm-none-eabi/lib/thumb/v7-m/nofp/libc_nano.a(lib_a-nano-vfprintf_i.o)
 .debug_line    0x0000000000003f95      0x364 /usr/lib/gcc/arm-none-eabi/9.2.1/../../../arm-none-eabi/lib/thumb/v7-m/nofp/libc_nano.a(lib_a-putc.o)
 .debug_line    0x00000000000042f9      0x260 /usr/lib/gcc/arm-none-eabi/9.2.1/../../../arm-none-eabi/lib/thumb/v7-m/nofp/libc_nano.a(lib_a-stdio.o)
 .debug_line    0x0000000000004559      0x5fb /usr/lib/gcc/arm-none-eabi/9.2.1/../../../arm-none-eabi/lib/thumb/v7-m/nofp/libc_nano.a(lib_a-fvwrite.o)
 .debug_line    0x0000000000004b54      0x20c /usr/lib/gcc/arm-none-eabi/9.2.1/../../../arm-none-eabi/lib/thumb/v7-m/nofp/libc_nano.a(lib_a-memchr-stub.o)
 .debug_line    0x0000000000004d60      0x28c /usr/lib/gcc/arm-none-eabi/9.2.1/../../../arm-none-eabi/lib/thumb/v7-m/nofp/libc_nano.a(lib_a-memmove.o)
 .debug_line    0x0000000000004fec      0x166 /usr/lib/gcc/arm-none-eabi/9.2.1/../../../arm-none-eabi/lib/thumb/v7-m/nofp/libc_nano.a(lib_a-nano-msizer.o)

.debug_info     0x0000000000000000    0x14878
 .debug_info    0x0000000000000000       0x26 /usr/lib/gcc/arm-none-eabi/9.2.1/thumb/v7-m/nofp/libgcc.a(_aeabi_ldivmod.o)
 .debug_info    0x0000000000000026      0xd7c /usr/lib/gcc/arm-none-eabi/9.2.1/thumb/v7-m/nofp/libgcc.a(_udivmoddi4.o)
 .debug_info    0x0000000000000da2       0x26 /usr/lib/gcc/arm-none-eabi/9.2.1/thumb/v7-m/nofp/libgcc.a(_dvmd_tls.o)
 .debug_info    0x0000000000000dc8      0x92a /usr/lib/gcc/arm-none-eabi/9.2.1/../../../arm-none-eabi/lib/thumb/v7-m/nofp/libc_nano.a(lib_a-impure.o)
 .debug_info    0x00000000000016f2      0x11a /usr/lib/gcc/arm-none-eabi/9.2.1/../../../arm-none-eabi/lib/thumb/v7-m/nofp/libc_nano.a(lib_a-init.o)
 .debug_info    0x000000000000180c       0x26 /usr/lib/gcc/arm-none-eabi/9.2.1/../../../arm-none-eabi/lib/thumb/v7-m/nofp/libc_nano.a(lib_a-memcpy.o)
 .debug_info    0x0000000000001832      0xf21 /usr/lib/gcc/arm-none-eabi/9.2.1/../../../arm-none-eabi/lib/thumb/v7-m/nofp/libc_nano.a(lib_a-memset.o)
 .debug_info    0x0000000000002753      0xb85 /usr/lib/gcc/arm-none-eabi/9.2.1/../../../arm-none-eabi/lib/thumb/v7-m/nofp/libc_nano.a(lib_a-nano-freer.o)
 .debug_info    0x00000000000032d8      0xc5a /usr/lib/gcc/arm-none-eabi/9.2.1/../../../arm-none-eabi/lib/thumb/v7-m/nofp/libc_nano.a(lib_a-nano-mallocr.o)
 .debug_info    0x0000000000003f32      0xc67 /usr/lib/gcc/arm-none-eabi/9.2.1/../../../arm-none-eabi/lib/thumb/v7-m/nofp/libc_nano.a(lib_a-printf.o)
 .debug_info    0x0000000000004b99      0xbf0 /usr/lib/gcc/arm-none-eabi/9.2.1/../../../arm-none-eabi/lib/thumb/v7-m/nofp/libc_nano.a(lib_a-putchar.o)
 .debug_info    0x0000000000005789      0xd20 /usr/lib/gcc/arm-none-eabi/9.2.1/../../../arm-none-eabi/lib/thumb/v7-m/nofp/libc_nano.a(lib_a-puts.o)
 .debug_info    0x00000000000064a9      0xc90 /usr/lib/gcc/arm-none-eabi/9.2.1/../../../arm-none-eabi/lib/thumb/v7-m/nofp/libc_nano.a(lib_a-wbuf.o)
 .debug_info    0x0000000000007139      0xbfa /usr/lib/gcc/arm-none-eabi/9.2.1/../../../arm-none-eabi/lib/thumb/v7-m/nofp/libc_nano.a(lib_a-wsetup.o)
 .debug_info    0x0000000000007d33      0xd7d /usr/lib/gcc/arm-none-eabi/9.2.1/../../../arm-none-eabi/lib/thumb/v7-m/nofp/libc_nano.a(lib_a-fflush.o)
 .debug_info    0x0000000000008ab0     0x11a8 /usr/lib/gcc/arm-none-eabi/9.2.1/../../../arm-none-eabi/lib/thumb/v7-m/nofp/libc_nano.a(lib_a-findfp.o)
 .debug_info    0x0000000000009c58      0xca4 /usr/lib/gcc/arm-none-eabi/9.2.1/../../../arm-none-eabi/lib/thumb/v7-m/nofp/libc_nano.a(lib_a-fwalk.o)
 .debug_info    0x000000000000a8fc      0xf68 /usr/lib/gcc/arm-none-eabi/9.2.1/../../../arm-none-eabi/lib/thumb/v7-m/nofp/libc_nano.a(lib_a-makebuf.o)