Archive member included to satisfy reference by file (symbol)

/usr/lib/gcc/arm-none-eabi/9.2.1/../../../arm-none-eabi/lib/thumb/v7-m/nofp/libm.a(lib_a-s_ceil.o)
                              /home/sarah/github/IoT_I2HM_wyres/Riot_wyres/tests/bme680_loramac/bin/wyres-base/semtech_loramac_mac_region/RegionCommon.o (ceil)
/usr/lib/gcc/arm-none-eabi/9.2.1/../../../arm-none-eabi/lib/thumb/v7-m/nofp/libm.a(lib_a-s_floor.o)
                              /home/sarah/github/IoT_I2HM_wyres/Riot_wyres/tests/bme680_loramac/bin/wyres-base/semtech_loramac_mac_region/RegionCommon.o (floor)
/usr/lib/gcc/arm-none-eabi/9.2.1/thumb/v7-m/nofp/libgcc.a(_arm_muldf3.o)
                              /home/sarah/github/IoT_I2HM_wyres/Riot_wyres/tests/bme680_loramac/bin/wyres-base/semtech_loramac_mac_region/RegionCommon.o (__aeabi_dmul)
/usr/lib/gcc/arm-none-eabi/9.2.1/thumb/v7-m/nofp/libgcc.a(_arm_mulsf3.o)
                              /home/sarah/github/IoT_I2HM_wyres/Riot_wyres/tests/bme680_loramac/bin/wyres-base/analog_util/adc_util.o (__aeabi_fmul)
/usr/lib/gcc/arm-none-eabi/9.2.1/thumb/v7-m/nofp/libgcc.a(_arm_addsubdf3.o)
                              /home/sarah/github/IoT_I2HM_wyres/Riot_wyres/tests/bme680_loramac/bin/wyres-base/semtech_loramac_mac_region/RegionCommon.o (__aeabi_dsub)
/usr/lib/gcc/arm-none-eabi/9.2.1/thumb/v7-m/nofp/libgcc.a(_arm_muldivdf3.o)
                              /home/sarah/github/IoT_I2HM_wyres/Riot_wyres/tests/bme680_loramac/bin/wyres-base/application_test_BME680_loramac/main.o (__aeabi_ddiv)
/usr/lib/gcc/arm-none-eabi/9.2.1/thumb/v7-m/nofp/libgcc.a(_arm_cmpdf2.o)
                              /home/sarah/github/IoT_I2HM_wyres/Riot_wyres/tests/bme680_loramac/bin/wyres-base/sx127x/sx127x_getset.o (__aeabi_dcmpgt)
/usr/lib/gcc/arm-none-eabi/9.2.1/thumb/v7-m/nofp/libgcc.a(_arm_fixdfsi.o)
                              /home/sarah/github/IoT_I2HM_wyres/Riot_wyres/tests/bme680_loramac/bin/wyres-base/semtech_loramac_mac_region/RegionCommon.o (__aeabi_d2iz)
/usr/lib/gcc/arm-none-eabi/9.2.1/thumb/v7-m/nofp/libgcc.a(_arm_fixunsdfsi.o)
                              /home/sarah/github/IoT_I2HM_wyres/Riot_wyres/tests/bme680_loramac/bin/wyres-base/semtech_loramac_mac_region/RegionCommon.o (__aeabi_d2uiz)
/usr/lib/gcc/arm-none-eabi/9.2.1/thumb/v7-m/nofp/libgcc.a(_arm_truncdfsf2.o)
                              /home/sarah/github/IoT_I2HM_wyres/Riot_wyres/tests/bme680_loramac/bin/wyres-base/application_test_BME680_loramac/main.o (__aeabi_d2f)
/usr/lib/gcc/arm-none-eabi/9.2.1/thumb/v7-m/nofp/libgcc.a(_arm_addsubsf3.o)
                              /home/sarah/github/IoT_I2HM_wyres/Riot_wyres/tests/bme680_loramac/bin/wyres-base/analog_util/adc_util.o (__aeabi_fsub)
/usr/lib/gcc/arm-none-eabi/9.2.1/thumb/v7-m/nofp/libgcc.a(_arm_muldivsf3.o)
                              /home/sarah/github/IoT_I2HM_wyres/Riot_wyres/tests/bme680_loramac/bin/wyres-base/analog_util/adc_util.o (__aeabi_fdiv)
/usr/lib/gcc/arm-none-eabi/9.2.1/thumb/v7-m/nofp/libgcc.a(_arm_cmpsf2.o)
                              /home/sarah/github/IoT_I2HM_wyres/Riot_wyres/tests/bme680_loramac/bin/wyres-base/fmt/fmt.o (__aeabi_fcmplt)
/usr/lib/gcc/arm-none-eabi/9.2.1/thumb/v7-m/nofp/libgcc.a(_arm_fixsfsi.o)
                              /home/sarah/github/IoT_I2HM_wyres/Riot_wyres/tests/bme680_loramac/bin/wyres-base/cayenne-lpp/cayenne_lpp.o (__aeabi_f2iz)
/usr/lib/gcc/arm-none-eabi/9.2.1/thumb/v7-m/nofp/libgcc.a(_arm_fixunssfsi.o)
                              /home/sarah/github/IoT_I2HM_wyres/Riot_wyres/tests/bme680_loramac/bin/wyres-base/analog_util/dac_util.o (__aeabi_f2uiz)
/usr/lib/gcc/arm-none-eabi/9.2.1/thumb/v7-m/nofp/libgcc.a(_aeabi_ldivmod.o)
                              /home/sarah/github/IoT_I2HM_wyres/Riot_wyres/tests/bme680_loramac/bin/wyres-base/driver_bme680/bme680_internal.o (__aeabi_ldivmod)
/usr/lib/gcc/arm-none-eabi/9.2.1/thumb/v7-m/nofp/libgcc.a(_aeabi_uldivmod.o)
                              /home/sarah/github/IoT_I2HM_wyres/Riot_wyres/tests/bme680_loramac/bin/wyres-base/sx127x/sx127x_getset.o (__aeabi_uldivmod)
/usr/lib/gcc/arm-none-eabi/9.2.1/thumb/v7-m/nofp/libgcc.a(_udivmoddi4.o)
                              /usr/lib/gcc/arm-none-eabi/9.2.1/thumb/v7-m/nofp/libgcc.a(_aeabi_ldivmod.o) (__udivmoddi4)
/usr/lib/gcc/arm-none-eabi/9.2.1/thumb/v7-m/nofp/libgcc.a(_dvmd_tls.o)
                              /usr/lib/gcc/arm-none-eabi/9.2.1/thumb/v7-m/nofp/libgcc.a(_aeabi_ldivmod.o) (__aeabi_ldiv0)
/usr/lib/gcc/arm-none-eabi/9.2.1/../../../arm-none-eabi/lib/thumb/v7-m/nofp/libc_nano.a(lib_a-div.o)
                              /home/sarah/github/IoT_I2HM_wyres/Riot_wyres/tests/bme680_loramac/bin/wyres-base/rtc_utils/rtc_utils.o (div)
/usr/lib/gcc/arm-none-eabi/9.2.1/../../../arm-none-eabi/lib/thumb/v7-m/nofp/libc_nano.a(lib_a-errno.o)
                              /home/sarah/github/IoT_I2HM_wyres/Riot_wyres/tests/bme680_loramac/bin/wyres-base/newlib_syscalls_default/syscalls.o (__errno)
[...]
Memory Configuration

Name             Origin             Length             Attributes
ccmram           0x0000000010000000 0x0000000000000000
sram4            0x0000000000000000 0x0000000000000000
fmcram           0x0000000000000000 0x0000000000000000
rom              0x0000000008000000 0x0000000000040000 xr
ram              0x0000000020000000 0x0000000000008000 w !xr
bkup_ram         0x0000000000000000 0x0000000000000000 w !xr
*default*        0x0000000000000000 0xffffffffffffffff

Linker script and memory map

LOAD /home/sarah/github/IoT_I2HM_wyres/Riot_wyres/tests/bme680_loramac/bin/wyres-base/analog_util/adc_util.o
LOAD /home/sarah/github/IoT_I2HM_wyres/Riot_wyres/tests/bme680_loramac/bin/wyres-base/analog_util/dac_util.o
LOAD /home/sarah/github/IoT_I2HM_wyres/Riot_wyres/tests/bme680_loramac/bin/wyres-base/application_test_BME680_loramac/main.o
LOAD /home/sarah/github/IoT_I2HM_wyres/Riot_wyres/tests/bme680_loramac/bin/wyres-base/auto_init/auto_init.o
LOAD /home/sarah/github/IoT_I2HM_wyres/Riot_wyres/tests/bme680_loramac/bin/wyres-base/auto_init_loramac/auto_init_loramac.o
LOAD /home/sarah/github/IoT_I2HM_wyres/Riot_wyres/tests/bme680_loramac/bin/wyres-base/bme680/bme680.o
LOAD /home/sarah/github/IoT_I2HM_wyres/Riot_wyres/tests/bme680_loramac/bin/wyres-base/board/board.o
LOAD /home/sarah/github/IoT_I2HM_wyres/Riot_wyres/tests/bme680_loramac/bin/wyres-base/board_common_init/board_common.o
LOAD /home/sarah/github/IoT_I2HM_wyres/Riot_wyres/tests/bme680_loramac/bin/wyres-base/cayenne-lpp/cayenne_lpp.o
LOAD /home/sarah/github/IoT_I2HM_wyres/Riot_wyres/tests/bme680_loramac/bin/wyres-base/core/cond.o
LOAD /home/sarah/github/IoT_I2HM_wyres/Riot_wyres/tests/bme680_loramac/bin/wyres-base/core_lib/assert.o
LOAD /home/sarah/github/IoT_I2HM_wyres/Riot_wyres/tests/bme680_loramac/bin/wyres-base/core_lib/atomic_c11.o
LOAD /home/sarah/github/IoT_I2HM_wyres/Riot_wyres/tests/bme680_loramac/bin/wyres-base/core_lib/atomic_sync.o
LOAD /home/sarah/github/IoT_I2HM_wyres/Riot_wyres/tests/bme680_loramac/bin/wyres-base/core_lib/bitarithm.o
LOAD /home/sarah/github/IoT_I2HM_wyres/Riot_wyres/tests/bme680_loramac/bin/wyres-base/core_lib/clist.o
LOAD /home/sarah/github/IoT_I2HM_wyres/Riot_wyres/tests/bme680_loramac/bin/wyres-base/core_lib/init.o
LOAD /home/sarah/github/IoT_I2HM_wyres/Riot_wyres/tests/bme680_loramac/bin/wyres-base/core_lib/panic.o
LOAD /home/sarah/github/IoT_I2HM_wyres/Riot_wyres/tests/bme680_loramac/bin/wyres-base/core_lib/priority_queue.o
LOAD /home/sarah/github/IoT_I2HM_wyres/Riot_wyres/tests/bme680_loramac/bin/wyres-base/core_lib/ringbuffer.o
LOAD /home/sarah/github/IoT_I2HM_wyres/Riot_wyres/tests/bme680_loramac/bin/wyres-base/core_lib/rmutex.o
LOAD /home/sarah/github/IoT_I2HM_wyres/Riot_wyres/tests/bme680_loramac/bin/wyres-base/core/msg.o
LOAD /home/sarah/github/IoT_I2HM_wyres/Riot_wyres/tests/bme680_loramac/bin/wyres-base/core/mutex.o
LOAD /home/sarah/github/IoT_I2HM_wyres/Riot_wyres/tests/bme680_loramac/bin/wyres-base/core/sched.o
LOAD /home/sarah/github/IoT_I2HM_wyres/Riot_wyres/tests/bme680_loramac/bin/wyres-base/core/thread.o
LOAD /home/sarah/github/IoT_I2HM_wyres/Riot_wyres/tests/bme680_loramac/bin/wyres-base/cortexm_common/cortexm_init.o
LOAD /home/sarah/github/IoT_I2HM_wyres/Riot_wyres/tests/bme680_loramac/bin/wyres-base/cortexm_common/mpu.o
LOAD /home/sarah/github/IoT_I2HM_wyres/Riot_wyres/tests/bme680_loramac/bin/wyres-base/cortexm_common/panic.o
LOAD /home/sarah/github/IoT_I2HM_wyres/Riot_wyres/tests/bme680_loramac/bin/wyres-base/cortexm_common_periph/pm.o
LOAD /home/sarah/github/IoT_I2HM_wyres/Riot_wyres/tests/bme680_loramac/bin/wyres-base/cortexm_common/thread_arch.o
LOAD /home/sarah/github/IoT_I2HM_wyres/Riot_wyres/tests/bme680_loramac/bin/wyres-base/cortexm_common/vectors_cortexm.o
LOAD /home/sarah/github/IoT_I2HM_wyres/Riot_wyres/tests/bme680_loramac/bin/wyres-base/cpu/cpu_common.o
LOAD /home/sarah/github/IoT_I2HM_wyres/Riot_wyres/tests/bme680_loramac/bin/wyres-base/cpu/cpu_init.o
LOAD /home/sarah/github/IoT_I2HM_wyres/Riot_wyres/tests/bme680_loramac/bin/wyres-base/crypto/aes.o
LOAD /home/sarah/github/IoT_I2HM_wyres/Riot_wyres/tests/bme680_loramac/bin/wyres-base/crypto/chacha20poly1305.o
LOAD /home/sarah/github/IoT_I2HM_wyres/Riot_wyres/tests/bme680_loramac/bin/wyres-base/crypto/chacha.o
LOAD /home/sarah/github/IoT_I2HM_wyres/Riot_wyres/tests/bme680_loramac/bin/wyres-base/crypto/chacha_prng.o
LOAD /home/sarah/github/IoT_I2HM_wyres/Riot_wyres/tests/bme680_loramac/bin/wyres-base/crypto/ciphers.o
LOAD /home/sarah/github/IoT_I2HM_wyres/Riot_wyres/tests/bme680_loramac/bin/wyres-base/crypto/helper.o
LOAD /home/sarah/github/IoT_I2HM_wyres/Riot_wyres/tests/bme680_loramac/bin/wyres-base/crypto/poly1305.o
LOAD /home/sarah/github/IoT_I2HM_wyres/Riot_wyres/tests/bme680_loramac/bin/wyres-base/div/div.o
LOAD /home/sarah/github/IoT_I2HM_wyres/Riot_wyres/tests/bme680_loramac/bin/wyres-base/driver_bme680/bme680_internal.o
LOAD /home/sarah/github/IoT_I2HM_wyres/Riot_wyres/tests/bme680_loramac/bin/wyres-base/driver_bme680_contrib/bme680_hal.o
LOAD /home/sarah/github/IoT_I2HM_wyres/Riot_wyres/tests/bme680_loramac/bin/wyres-base/fmt/fmt.o
LOAD /home/sarah/github/IoT_I2HM_wyres/Riot_wyres/tests/bme680_loramac/bin/wyres-base/frac/frac.o
LOAD /home/sarah/github/IoT_I2HM_wyres/Riot_wyres/tests/bme680_loramac/bin/wyres-base/hashes/aes128_cmac.o
LOAD /home/sarah/github/IoT_I2HM_wyres/Riot_wyres/tests/bme680_loramac/bin/wyres-base/hashes/hashes.o
LOAD /home/sarah/github/IoT_I2HM_wyres/Riot_wyres/tests/bme680_loramac/bin/wyres-base/hashes/md5.o
LOAD /home/sarah/github/IoT_I2HM_wyres/Riot_wyres/tests/bme680_loramac/bin/wyres-base/hashes/pbkdf2.o
LOAD /home/sarah/github/IoT_I2HM_wyres/Riot_wyres/tests/bme680_loramac/bin/wyres-base/hashes/sha1.o
LOAD /home/sarah/github/IoT_I2HM_wyres/Riot_wyres/tests/bme680_loramac/bin/wyres-base/hashes/sha224.o
LOAD /home/sarah/github/IoT_I2HM_wyres/Riot_wyres/tests/bme680_loramac/bin/wyres-base/hashes/sha256.o
LOAD /home/sarah/github/IoT_I2HM_wyres/Riot_wyres/tests/bme680_loramac/bin/wyres-base/hashes/sha2xx_common.o
LOAD /home/sarah/github/IoT_I2HM_wyres/Riot_wyres/tests/bme680_loramac/bin/wyres-base/hashes/sha3.o
LOAD /home/sarah/github/IoT_I2HM_wyres/Riot_wyres/tests/bme680_loramac/bin/wyres-base/hashes/sha512_common.o
LOAD /home/sarah/github/IoT_I2HM_wyres/Riot_wyres/tests/bme680_loramac/bin/wyres-base/hashes/sha512.o
LOAD /home/sarah/github/IoT_I2HM_wyres/Riot_wyres/tests/bme680_loramac/bin/wyres-base/iolist/iolist.o
LOAD /home/sarah/github/IoT_I2HM_wyres/Riot_wyres/tests/bme680_loramac/bin/wyres-base/libc/string.o
LOAD /home/sarah/github/IoT_I2HM_wyres/Riot_wyres/tests/bme680_loramac/bin/wyres-base/loramac_utils/app_clock.o
LOAD /home/sarah/github/IoT_I2HM_wyres/Riot_wyres/tests/bme680_loramac/bin/wyres-base/loramac_utils/loramac_utils.o
LOAD /home/sarah/github/IoT_I2HM_wyres/Riot_wyres/tests/bme680_loramac/bin/wyres-base/loramac_utils/lorawan_network.o
LOAD /home/sarah/github/IoT_I2HM_wyres/Riot_wyres/tests/bme680_loramac/bin/wyres-base/luid/luid.o
LOAD /home/sarah/github/IoT_I2HM_wyres/Riot_wyres/tests/bme680_loramac/bin/wyres-base/malloc_thread_safe/malloc_wrappers.o
LOAD /home/sarah/github/IoT_I2HM_wyres/Riot_wyres/tests/bme680_loramac/bin/wyres-base/newlib_syscalls_default/syscalls.o
LOAD /home/sarah/github/IoT_I2HM_wyres/Riot_wyres/tests/bme680_loramac/bin/wyres-base/periph/adc_l1.o
LOAD /home/sarah/github/IoT_I2HM_wyres/Riot_wyres/tests/bme680_loramac/bin/wyres-base/periph_common/cpuid.o
LOAD /home/sarah/github/IoT_I2HM_wyres/Riot_wyres/tests/bme680_loramac/bin/wyres-base/periph_common/eeprom.o
LOAD /home/sarah/github/IoT_I2HM_wyres/Riot_wyres/tests/bme680_loramac/bin/wyres-base/periph_common/gpio.o
LOAD /home/sarah/github/IoT_I2HM_wyres/Riot_wyres/tests/bme680_loramac/bin/wyres-base/periph_common/i2c.o
LOAD /home/sarah/github/IoT_I2HM_wyres/Riot_wyres/tests/bme680_loramac/bin/wyres-base/periph_common/init_leds.o
LOAD /home/sarah/github/IoT_I2HM_wyres/Riot_wyres/tests/bme680_loramac/bin/wyres-base/periph_common/init.o
LOAD /home/sarah/github/IoT_I2HM_wyres/Riot_wyres/tests/bme680_loramac/bin/wyres-base/periph_common/pm.o
LOAD /home/sarah/github/IoT_I2HM_wyres/Riot_wyres/tests/bme680_loramac/bin/wyres-base/periph_common/spi.o
LOAD /home/sarah/github/IoT_I2HM_wyres/Riot_wyres/tests/bme680_loramac/bin/wyres-base/periph_common/timer.o
LOAD /home/sarah/github/IoT_I2HM_wyres/Riot_wyres/tests/bme680_loramac/bin/wyres-base/periph/eeprom.o
LOAD /home/sarah/github/IoT_I2HM_wyres/Riot_wyres/tests/bme680_loramac/bin/wyres-base/periph/flash_common.o
LOAD /home/sarah/github/IoT_I2HM_wyres/Riot_wyres/tests/bme680_loramac/bin/wyres-base/periph/gpio_all.o
LOAD /home/sarah/github/IoT_I2HM_wyres/Riot_wyres/tests/bme680_loramac/bin/wyres-base/periph/i2c_2.o
LOAD /home/sarah/github/IoT_I2HM_wyres/Riot_wyres/tests/bme680_loramac/bin/wyres-base/periph/pm.o
LOAD /home/sarah/github/IoT_I2HM_wyres/Riot_wyres/tests/bme680_loramac/bin/wyres-base/periph/rtc_all.o
LOAD /home/sarah/github/IoT_I2HM_wyres/Riot_wyres/tests/bme680_loramac/bin/wyres-base/periph/spi.o
LOAD /home/sarah/github/IoT_I2HM_wyres/Riot_wyres/tests/bme680_loramac/bin/wyres-base/periph/timer.o
LOAD /home/sarah/github/IoT_I2HM_wyres/Riot_wyres/tests/bme680_loramac/bin/wyres-base/periph/uart.o
LOAD /home/sarah/github/IoT_I2HM_wyres/Riot_wyres/tests/bme680_loramac/bin/wyres-base/pm_layered/pm.o
LOAD /home/sarah/github/IoT_I2HM_wyres/Riot_wyres/tests/bme680_loramac/bin/wyres-base/random/musl_lcg.o
LOAD /home/sarah/github/IoT_I2HM_wyres/Riot_wyres/tests/bme680_loramac/bin/wyres-base/random/random.o
LOAD /home/sarah/github/IoT_I2HM_wyres/Riot_wyres/tests/bme680_loramac/bin/wyres-base/rtc_utils/rtc_utils.o
LOAD /home/sarah/github/IoT_I2HM_wyres/Riot_wyres/tests/bme680_loramac/bin/wyres-base/semtech_loramac_arch/utilities.o
LOAD /home/sarah/github/IoT_I2HM_wyres/Riot_wyres/tests/bme680_loramac/bin/wyres-base/semtech_loramac_contrib/semtech_loramac_getset.o
LOAD /home/sarah/github/IoT_I2HM_wyres/Riot_wyres/tests/bme680_loramac/bin/wyres-base/semtech_loramac_contrib/semtech_loramac.o
LOAD /home/sarah/github/IoT_I2HM_wyres/Riot_wyres/tests/bme680_loramac/bin/wyres-base/semtech_loramac_contrib/semtech_loramac_radio.o
LOAD /home/sarah/github/IoT_I2HM_wyres/Riot_wyres/tests/bme680_loramac/bin/wyres-base/semtech_loramac_contrib/semtech_loramac_timer.o
LOAD /home/sarah/github/IoT_I2HM_wyres/Riot_wyres/tests/bme680_loramac/bin/wyres-base/semtech_loramac_crypto/cmac.o
LOAD /home/sarah/github/IoT_I2HM_wyres/Riot_wyres/tests/bme680_loramac/bin/wyres-base/semtech_loramac_mac/LoRaMacCrypto.o
LOAD /home/sarah/github/IoT_I2HM_wyres/Riot_wyres/tests/bme680_loramac/bin/wyres-base/semtech_loramac_mac/LoRaMac.o
LOAD /home/sarah/github/IoT_I2HM_wyres/Riot_wyres/tests/bme680_loramac/bin/wyres-base/semtech_loramac_mac_region/RegionAS923.o
LOAD /home/sarah/github/IoT_I2HM_wyres/Riot_wyres/tests/bme680_loramac/bin/wyres-base/semtech_loramac_mac_region/RegionAU915.o
LOAD /home/sarah/github/IoT_I2HM_wyres/Riot_wyres/tests/bme680_loramac/bin/wyres-base/semtech_loramac_mac_region/RegionCN470.o
LOAD /home/sarah/github/IoT_I2HM_wyres/Riot_wyres/tests/bme680_loramac/bin/wyres-base/semtech_loramac_mac_region/RegionCN779.o
LOAD /home/sarah/github/IoT_I2HM_wyres/Riot_wyres/tests/bme680_loramac/bin/wyres-base/semtech_loramac_mac_region/RegionCommon.o
LOAD /home/sarah/github/IoT_I2HM_wyres/Riot_wyres/tests/bme680_loramac/bin/wyres-base/semtech_loramac_mac_region/RegionEU433.o
LOAD /home/sarah/github/IoT_I2HM_wyres/Riot_wyres/tests/bme680_loramac/bin/wyres-base/semtech_loramac_mac_region/RegionEU868.o
LOAD /home/sarah/github/IoT_I2HM_wyres/Riot_wyres/tests/bme680_loramac/bin/wyres-base/semtech_loramac_mac_region/RegionIN865.o
LOAD /home/sarah/github/IoT_I2HM_wyres/Riot_wyres/tests/bme680_loramac/bin/wyres-base/semtech_loramac_mac_region/RegionKR920.o
LOAD /home/sarah/github/IoT_I2HM_wyres/Riot_wyres/tests/bme680_loramac/bin/wyres-base/semtech_loramac_mac_region/Region.o
LOAD /home/sarah/github/IoT_I2HM_wyres/Riot_wyres/tests/bme680_loramac/bin/wyres-base/semtech_loramac_mac_region/RegionRU864.o
LOAD /home/sarah/github/IoT_I2HM_wyres/Riot_wyres/tests/bme680_loramac/bin/wyres-base/semtech_loramac_mac_region/RegionUS915-Hybrid.o
LOAD /home/sarah/github/IoT_I2HM_wyres/Riot_wyres/tests/bme680_loramac/bin/wyres-base/semtech_loramac_mac_region/RegionUS915.o
LOAD /home/sarah/github/IoT_I2HM_wyres/Riot_wyres/tests/bme680_loramac/bin/wyres-base/stdio_uart/stdio_uart.o
LOAD /home/sarah/github/IoT_I2HM_wyres/Riot_wyres/tests/bme680_loramac/bin/wyres-base/stm32_clk/stmclk_common.o
LOAD /home/sarah/github/IoT_I2HM_wyres/Riot_wyres/tests/bme680_loramac/bin/wyres-base/stm32_clk/stmclk_l0l1.o
LOAD /home/sarah/github/IoT_I2HM_wyres/Riot_wyres/tests/bme680_loramac/bin/wyres-base/stm32_vectors/STM32L151xC.o
LOAD /home/sarah/github/IoT_I2HM_wyres/Riot_wyres/tests/bme680_loramac/bin/wyres-base/sx127x/sx127x_getset.o
LOAD /home/sarah/github/IoT_I2HM_wyres/Riot_wyres/tests/bme680_loramac/bin/wyres-base/sx127x/sx127x_internal.o
LOAD /home/sarah/github/IoT_I2HM_wyres/Riot_wyres/tests/bme680_loramac/bin/wyres-base/sx127x/sx127x_netdev.o
LOAD /home/sarah/github/IoT_I2HM_wyres/Riot_wyres/tests/bme680_loramac/bin/wyres-base/sx127x/sx127x.o
LOAD /home/sarah/github/IoT_I2HM_wyres/Riot_wyres/tests/bme680_loramac/bin/wyres-base/ztimer_core/convert_frac.o
LOAD /home/sarah/github/IoT_I2HM_wyres/Riot_wyres/tests/bme680_loramac/bin/wyres-base/ztimer_core/convert.o
LOAD /home/sarah/github/IoT_I2HM_wyres/Riot_wyres/tests/bme680_loramac/bin/wyres-base/ztimer_core/convert_shift.o
LOAD /home/sarah/github/IoT_I2HM_wyres/Riot_wyres/tests/bme680_loramac/bin/wyres-base/ztimer_core/core.o
LOAD /home/sarah/github/IoT_I2HM_wyres/Riot_wyres/tests/bme680_loramac/bin/wyres-base/ztimer_core/init.o
LOAD /home/sarah/github/IoT_I2HM_wyres/Riot_wyres/tests/bme680_loramac/bin/wyres-base/ztimer_core/periodic.o
LOAD /home/sarah/github/IoT_I2HM_wyres/Riot_wyres/tests/bme680_loramac/bin/wyres-base/ztimer_core/periph_timer.o
LOAD /home/sarah/github/IoT_I2HM_wyres/Riot_wyres/tests/bme680_loramac/bin/wyres-base/ztimer_core/util.o
LOAD /usr/lib/gcc/arm-none-eabi/9.2.1/../../../arm-none-eabi/lib/thumb/v7-m/nofp/libm.a
LOAD /usr/lib/gcc/arm-none-eabi/9.2.1/thumb/v7-m/nofp/libgcc.a
                0x0000000008000000                _rom_start_addr = 0x8000000
                0x0000000020000000                _ram_start_addr = 0x20000000
                0x0000000000040000                _rom_length = 0x40000
                0x0000000000008000                _ram_length = 0x8000
LOAD /usr/lib/gcc/arm-none-eabi/9.2.1/../../../arm-none-eabi/lib/thumb/v7-m/nofp/libc_nano.a
START GROUP
LOAD /usr/lib/gcc/arm-none-eabi/9.2.1/thumb/v7-m/nofp/libgcc.a
LOAD /usr/lib/gcc/arm-none-eabi/9.2.1/../../../arm-none-eabi/lib/thumb/v7-m/nofp/libc_nano.a
END GROUP
START GROUP
LOAD /usr/lib/gcc/arm-none-eabi/9.2.1/thumb/v7-m/nofp/libgcc.a
LOAD /usr/lib/gcc/arm-none-eabi/9.2.1/../../../arm-none-eabi/lib/thumb/v7-m/nofp/libc_nano.a
END GROUP
                0x0000000000000000                ccmram_length = DEFINED (_ccmram_len)?_ccmram_len:0x0
                0x0000000000000000                sram4_addr = DEFINED (_sram4_length)?0x28000000:0x0
                0x0000000000000000                sram4_length = DEFINED (_sram4_length)?_sram4_length:0x0
                0x0000000000000000                fmc_ram_addr = DEFINED (_fmc_ram_addr)?_fmc_ram_addr:0x0
                0x0000000000000000                fmc_ram_len = DEFINED (_fmc_ram_len)?_fmc_ram_len:0x0

.heap2          0x0000000000000000        0x0
                0x0000000000000000                _sheap2 = ORIGIN (sram4)
                0x0000000000000000                _eheap2 = (ORIGIN (sram4) + LENGTH (sram4))

.heap4          0x0000000000000000        0x0
                0x0000000000000000                _sheap3 = ORIGIN (fmcram)
                0x0000000000000000                _eheap3 = (ORIGIN (fmcram) + LENGTH (fmcram))
                0x0000000000000000                _rom_offset = DEFINED (_rom_offset)?_rom_offset:0x0
                0x0000000000040000                _fw_rom_length = DEFINED (_fw_rom_length)?_fw_rom_length:(_rom_length - _rom_offset)
                0x0000000000000001                ASSERT ((_fw_rom_length <= (_rom_length - _rom_offset)), Specified firmware size does not fit in ROM)
                0x0000000000000000                _backup_ram_start_addr = DEFINED (_backup_ram_start_addr)?_backup_ram_start_addr:0x0
                0x0000000000000000                _backup_ram_len = DEFINED (_backup_ram_len)?_backup_ram_len:0x0

.text           0x0000000008000000    0x101f8
                0x0000000008000000                . = ALIGN (0x4)
                0x0000000008000000                _sfixed = .
                0x0000000008000000                _isr_vectors = DEFINED (_isr_vectors)?_isr_vectors:.
 *(SORT_BY_NAME(.vectors*))
 .vectors.0     0x0000000008000000       0x40 /home/sarah/github/IoT_I2HM_wyres/Riot_wyres/tests/bme680_loramac/bin/wyres-base/cortexm_common/vectors_cortexm.o
                0x0000000008000000                cortex_vector_base
 .vectors.1     0x0000000008000040       0xe4 /home/sarah/github/IoT_I2HM_wyres/Riot_wyres/tests/bme680_loramac/bin/wyres-base/stm32_vectors/STM32L151xC.o
                0x0000000008000040                vector_cpu
 *(.text .text.* .gnu.linkonce.t.*)
 .text._timer_cb
                0x0000000008000124       0x24 /home/sarah/github/IoT_I2HM_wyres/Riot_wyres/tests/bme680_loramac/bin/wyres-base/application_test_BME680_loramac/main.o
 .text.startup.main
                0x0000000008000148      0x358 /home/sarah/github/IoT_I2HM_wyres/Riot_wyres/tests/bme680_loramac/bin/wyres-base/application_test_BME680_loramac/main.o
                0x0000000008000148                main
 .text.auto_init
                0x00000000080004a0       0x24 /home/sarah/github/IoT_I2HM_wyres/Riot_wyres/tests/bme680_loramac/bin/wyres-base/auto_init/auto_init.o
                0x00000000080004a0                auto_init
 .text.auto_init_loramac
                0x00000000080004c4       0x30 /home/sarah/github/IoT_I2HM_wyres/Riot_wyres/tests/bme680_loramac/bin/wyres-base/auto_init_loramac/auto_init_loramac.o
                0x00000000080004c4                auto_init_loramac
 .text.bme680_init
                0x00000000080004f4       0xa4 /home/sarah/github/IoT_I2HM_wyres/Riot_wyres/tests/bme680_loramac/bin/wyres-base/bme680/bme680.o
                0x00000000080004f4                bme680_init
 .text.bme680_force_measurement
                0x0000000008000598       0x14 /home/sarah/github/IoT_I2HM_wyres/Riot_wyres/tests/bme680_loramac/bin/wyres-base/bme680/bme680.o
                0x0000000008000598                bme680_force_measurement
 .text.bme680_get_duration
                0x00000000080005ac       0x1c /home/sarah/github/IoT_I2HM_wyres/Riot_wyres/tests/bme680_loramac/bin/wyres-base/bme680/bme680.o
                0x00000000080005ac                bme680_get_duration
 .text.bme680_get_data
                0x00000000080005c8       0x1e /home/sarah/github/IoT_I2HM_wyres/Riot_wyres/tests/bme680_loramac/bin/wyres-base/bme680/bme680.o
                0x00000000080005c8                bme680_get_data
 *fill*         0x00000000080005e6        0x2 
 .text.board_init
                0x00000000080005e8       0x38 /home/sarah/github/IoT_I2HM_wyres/Riot_wyres/tests/bme680_loramac/bin/wyres-base/board/board.o
                0x00000000080005e8                board_init
 .text.cayenne_lpp_reset
                0x0000000008000620       0x14 /home/sarah/github/IoT_I2HM_wyres/Riot_wyres/tests/bme680_loramac/bin/wyres-base/cayenne-lpp/cayenne_lpp.o
                0x0000000008000620                cayenne_lpp_reset
 .text.cayenne_lpp_add_temperature
                0x0000000008000634       0x44 /home/sarah/github/IoT_I2HM_wyres/Riot_wyres/tests/bme680_loramac/bin/wyres-base/cayenne-lpp/cayenne_lpp.o
                0x0000000008000634                cayenne_lpp_add_temperature
 .text.cayenne_lpp_add_relative_humidity
                0x0000000008000678       0x36 /home/sarah/github/IoT_I2HM_wyres/Riot_wyres/tests/bme680_loramac/bin/wyres-base/cayenne-lpp/cayenne_lpp.o
                0x0000000008000678                cayenne_lpp_add_relative_humidity
 *fill*         0x00000000080006ae        0x2 
 .text.cayenne_lpp_add_barometric_pressure
                0x00000000080006b0       0x44 /home/sarah/github/IoT_I2HM_wyres/Riot_wyres/tests/bme680_loramac/bin/wyres-base/cayenne-lpp/cayenne_lpp.o
                0x00000000080006b0                cayenne_lpp_add_barometric_pressure
 .text._assert_panic
                0x00000000080006f4       0x1c /home/sarah/github/IoT_I2HM_wyres/Riot_wyres/tests/bme680_loramac/bin/wyres-base/core_lib/assert.o
                0x00000000080006f4                _assert_panic
 .text.main_trampoline
                0x0000000008000710       0x18 /home/sarah/github/IoT_I2HM_wyres/Riot_wyres/tests/bme680_loramac/bin/wyres-base/core_lib/init.o
 .text.kernel_init
                0x0000000008000728       0x34 /home/sarah/github/IoT_I2HM_wyres/Riot_wyres/tests/bme680_loramac/bin/wyres-base/core_lib/init.o
                0x0000000008000728                kernel_init
 .text.early_init
                0x000000000800075c        0xe /home/sarah/github/IoT_I2HM_wyres/Riot_wyres/tests/bme680_loramac/bin/wyres-base/core_lib/init.o
                0x000000000800075c                early_init
 .text.panic_app
                0x000000000800076a        0x2 /home/sarah/github/IoT_I2HM_wyres/Riot_wyres/tests/bme680_loramac/bin/wyres-base/core_lib/panic.o
                0x000000000800076a                panic_app
 .text.core_panic
                0x000000000800076c       0x3c /home/sarah/github/IoT_I2HM_wyres/Riot_wyres/tests/bme680_loramac/bin/wyres-base/core_lib/panic.o
                0x000000000800076c                core_panic
 .text._msg_receive
                0x00000000080007a8       0xe4 /home/sarah/github/IoT_I2HM_wyres/Riot_wyres/tests/bme680_loramac/bin/wyres-base/core/msg.o
 .text.queue_msg
                0x000000000800088c       0x2a /home/sarah/github/IoT_I2HM_wyres/Riot_wyres/tests/bme680_loramac/bin/wyres-base/core/msg.o
 *fill*         0x00000000080008b6        0x2 
 .text._msg_send_oneway
                0x00000000080008b8       0x44 /home/sarah/github/IoT_I2HM_wyres/Riot_wyres/tests/bme680_loramac/bin/wyres-base/core/msg.o
 .text._msg_send
                0x00000000080008fc       0xa4 /home/sarah/github/IoT_I2HM_wyres/Riot_wyres/tests/bme680_loramac/bin/wyres-base/core/msg.o
 .text.msg_send_to_self
                0x00000000080009a0       0x28 /home/sarah/github/IoT_I2HM_wyres/Riot_wyres/tests/bme680_loramac/bin/wyres-base/core/msg.o
                0x00000000080009a0                msg_send_to_self
 .text.msg_send_int
                0x00000000080009c8        0x8 /home/sarah/github/IoT_I2HM_wyres/Riot_wyres/tests/bme680_loramac/bin/wyres-base/core/msg.o
                0x00000000080009c8                msg_send_int
 .text.msg_send
                0x00000000080009d0       0x2c /home/sarah/github/IoT_I2HM_wyres/Riot_wyres/tests/bme680_loramac/bin/wyres-base/core/msg.o
                0x00000000080009d0                msg_send
 .text.msg_send_receive
                0x00000000080009fc       0x4c /home/sarah/github/IoT_I2HM_wyres/Riot_wyres/tests/bme680_loramac/bin/wyres-base/core/msg.o
                0x00000000080009fc                msg_send_receive
 .text.msg_reply
                0x0000000008000a48       0x4c /home/sarah/github/IoT_I2HM_wyres/Riot_wyres/tests/bme680_loramac/bin/wyres-base/core/msg.o
                0x0000000008000a48                msg_reply
 .text.msg_receive
                0x0000000008000a94        0x6 /home/sarah/github/IoT_I2HM_wyres/Riot_wyres/tests/bme680_loramac/bin/wyres-base/core/msg.o
                0x0000000008000a94                msg_receive
 *fill*         0x0000000008000a9a        0x2 
 .text.msg_init_queue
                0x0000000008000a9c       0x20 /home/sarah/github/IoT_I2HM_wyres/Riot_wyres/tests/bme680_loramac/bin/wyres-base/core/msg.o
                0x0000000008000a9c                msg_init_queue
 .text.mutex_lock_internal
                0x0000000008000abc       0x70 /home/sarah/github/IoT_I2HM_wyres/Riot_wyres/tests/bme680_loramac/bin/wyres-base/core/mutex.o
                0x0000000008000abc                mutex_lock_internal
 .text.mutex_unlock
                0x0000000008000b2c       0x44 /home/sarah/github/IoT_I2HM_wyres/Riot_wyres/tests/bme680_loramac/bin/wyres-base/core/mutex.o
                0x0000000008000b2c                mutex_unlock
 .text._unschedule
                0x0000000008000b70       0x30 /home/sarah/github/IoT_I2HM_wyres/Riot_wyres/tests/bme680_loramac/bin/wyres-base/core/sched.o
 .text.sched_run
                0x0000000008000ba0       0x7c /home/sarah/github/IoT_I2HM_wyres/Riot_wyres/tests/bme680_loramac/bin/wyres-base/core/sched.o
                0x0000000008000ba0                sched_run
 .text.sched_set_status
                0x0000000008000c1c       0x80 /home/sarah/github/IoT_I2HM_wyres/Riot_wyres/tests/bme680_loramac/bin/wyres-base/core/sched.o
                0x0000000008000c1c                sched_set_status
 .text.sched_switch
                0x0000000008000c9c       0x3c /home/sarah/github/IoT_I2HM_wyres/Riot_wyres/tests/bme680_loramac/bin/wyres-base/core/sched.o
                0x0000000008000c9c                sched_switch
 .text.sched_task_exit
                0x0000000008000cd8       0x3c /home/sarah/github/IoT_I2HM_wyres/Riot_wyres/tests/bme680_loramac/bin/wyres-base/core/sched.o
                0x0000000008000cd8                sched_task_exit
 .text.thread_getname
                0x0000000008000d14       0x1c /home/sarah/github/IoT_I2HM_wyres/Riot_wyres/tests/bme680_loramac/bin/wyres-base/core/thread.o
                0x0000000008000d14                thread_getname
 .text.thread_add_to_list
                0x0000000008000d30       0x26 /home/sarah/github/IoT_I2HM_wyres/Riot_wyres/tests/bme680_loramac/bin/wyres-base/core/thread.o
                0x0000000008000d30                thread_add_to_list
 *fill*         0x0000000008000d56        0x2 
 .text.thread_create
                0x0000000008000d58       0xe8 /home/sarah/github/IoT_I2HM_wyres/Riot_wyres/tests/bme680_loramac/bin/wyres-base/core/thread.o
                0x0000000008000d58                thread_create
 .text.cortexm_init
                0x0000000008000e40       0x40 /home/sarah/github/IoT_I2HM_wyres/Riot_wyres/tests/bme680_loramac/bin/wyres-base/cortexm_common/cortexm_init.o
                0x0000000008000e40                cortexm_init
 .text.mpu_enable
                0x0000000008000e80       0x20 /home/sarah/github/IoT_I2HM_wyres/Riot_wyres/tests/bme680_loramac/bin/wyres-base/cortexm_common/mpu.o
                0x0000000008000e80                mpu_enable
 .text.mpu_configure
                0x0000000008000ea0       0x18 /home/sarah/github/IoT_I2HM_wyres/Riot_wyres/tests/bme680_loramac/bin/wyres-base/cortexm_common/mpu.o
                0x0000000008000ea0                mpu_configure
 .text.panic_arch
                0x0000000008000eb8       0x1c /home/sarah/github/IoT_I2HM_wyres/Riot_wyres/tests/bme680_loramac/bin/wyres-base/cortexm_common/panic.o
                0x0000000008000eb8                panic_arch
 .text.thread_stack_init
                0x0000000008000ed4       0x68 /home/sarah/github/IoT_I2HM_wyres/Riot_wyres/tests/bme680_loramac/bin/wyres-base/cortexm_common/thread_arch.o
                0x0000000008000ed4                thread_stack_init
 .text.cpu_switch_context_exit
                0x0000000008000f3c       0x18 /home/sarah/github/IoT_I2HM_wyres/Riot_wyres/tests/bme680_loramac/bin/wyres-base/cortexm_common/thread_arch.o
                0x0000000008000f3c                cpu_switch_context_exit
 .text.isr_pendsv
                0x0000000008000f54       0x38 /home/sarah/github/IoT_I2HM_wyres/Riot_wyres/tests/bme680_loramac/bin/wyres-base/cortexm_common/thread_arch.o
                0x0000000008000f54                isr_pendsv
 .text.isr_svc  0x0000000008000f8c       0x10 /home/sarah/github/IoT_I2HM_wyres/Riot_wyres/tests/bme680_loramac/bin/wyres-base/cortexm_common/thread_arch.o
                0x0000000008000f8c                isr_svc
 .text.sched_arch_idle
                0x0000000008000f9c       0x10 /home/sarah/github/IoT_I2HM_wyres/Riot_wyres/tests/bme680_loramac/bin/wyres-base/cortexm_common/thread_arch.o
                0x0000000008000f9c                sched_arch_idle
 .text.hard_fault_default
                0x0000000008000fac       0x44 /home/sarah/github/IoT_I2HM_wyres/Riot_wyres/tests/bme680_loramac/bin/wyres-base/cortexm_common/vectors_cortexm.o
                0x0000000008000fac                hard_fault_default
 .text.nmi_handler
                0x0000000008000ff0       0x10 /home/sarah/github/IoT_I2HM_wyres/Riot_wyres/tests/bme680_loramac/bin/wyres-base/cortexm_common/vectors_cortexm.o
                0x0000000008000ff0                nmi_handler
 .text.mem_manage_default
                0x0000000008001000       0x10 /home/sarah/github/IoT_I2HM_wyres/Riot_wyres/tests/bme680_loramac/bin/wyres-base/cortexm_common/vectors_cortexm.o
                0x0000000008001000                mem_manage_default
 .text.bus_fault_default
                0x0000000008001010       0x10 /home/sarah/github/IoT_I2HM_wyres/Riot_wyres/tests/bme680_loramac/bin/wyres-base/cortexm_common/vectors_cortexm.o
                0x0000000008001010                bus_fault_default
 .text.usage_fault_default
                0x0000000008001020       0x10 /home/sarah/github/IoT_I2HM_wyres/Riot_wyres/tests/bme680_loramac/bin/wyres-base/cortexm_common/vectors_cortexm.o
                0x0000000008001020                usage_fault_default
 .text.debug_mon_default
                0x0000000008001030       0x10 /home/sarah/github/IoT_I2HM_wyres/Riot_wyres/tests/bme680_loramac/bin/wyres-base/cortexm_common/vectors_cortexm.o
                0x0000000008001030                debug_mon_default
 .text.dummy_handler_default
                0x0000000008001040       0x10 /home/sarah/github/IoT_I2HM_wyres/Riot_wyres/tests/bme680_loramac/bin/wyres-base/cortexm_common/vectors_cortexm.o
                0x0000000008001040                dummy_handler_default
                0x0000000008001040                isr_systick
 .text.pre_startup
                0x0000000008001050        0x2 /home/sarah/github/IoT_I2HM_wyres/Riot_wyres/tests/bme680_loramac/bin/wyres-base/cortexm_common/vectors_cortexm.o
                0x0000000008001050                pre_startup
 .text.post_startup
                0x0000000008001052        0x2 /home/sarah/github/IoT_I2HM_wyres/Riot_wyres/tests/bme680_loramac/bin/wyres-base/cortexm_common/vectors_cortexm.o
                0x0000000008001052                post_startup
 .text.reset_handler_default
                0x0000000008001054       0x8c /home/sarah/github/IoT_I2HM_wyres/Riot_wyres/tests/bme680_loramac/bin/wyres-base/cortexm_common/vectors_cortexm.o
                0x0000000008001054                reset_handler_default
 .text.hard_fault_handler
                0x00000000080010e0      0x1bc /home/sarah/github/IoT_I2HM_wyres/Riot_wyres/tests/bme680_loramac/bin/wyres-base/cortexm_common/vectors_cortexm.o
                0x00000000080010e0                hard_fault_handler
 .text.periph_apb_clk
                0x000000000800129c        0x8 /home/sarah/github/IoT_I2HM_wyres/Riot_wyres/tests/bme680_loramac/bin/wyres-base/cpu/cpu_common.o
                0x000000000800129c                periph_apb_clk
 .text.periph_timer_clk
                0x00000000080012a4       0x14 /home/sarah/github/IoT_I2HM_wyres/Riot_wyres/tests/bme680_loramac/bin/wyres-base/cpu/cpu_common.o
                0x00000000080012a4                periph_timer_clk
 .text.periph_clk_en
                0x00000000080012b8       0x30 /home/sarah/github/IoT_I2HM_wyres/Riot_wyres/tests/bme680_loramac/bin/wyres-base/cpu/cpu_common.o
                0x00000000080012b8                periph_clk_en
 .text.periph_clk_dis
                0x00000000080012e8       0x34 /home/sarah/github/IoT_I2HM_wyres/Riot_wyres/tests/bme680_loramac/bin/wyres-base/cpu/cpu_common.o
                0x00000000080012e8                periph_clk_dis
 .text.cpu_init
                0x000000000800131c       0x68 /home/sarah/github/IoT_I2HM_wyres/Riot_wyres/tests/bme680_loramac/bin/wyres-base/cpu/cpu_init.o
                0x000000000800131c                cpu_init
 .text.aes_init
                0x0000000008001384       0x22 /home/sarah/github/IoT_I2HM_wyres/Riot_wyres/tests/bme680_loramac/bin/wyres-base/crypto/aes.o
                0x0000000008001384                aes_init
 *fill*         0x00000000080013a6        0x2 
 .text.aes_set_encrypt_key.constprop.0
                0x00000000080013a8       0xf0 /home/sarah/github/IoT_I2HM_wyres/Riot_wyres/tests/bme680_loramac/bin/wyres-base/crypto/aes.o
 .text.aes_encrypt
                0x0000000008001498      0x358 /home/sarah/github/IoT_I2HM_wyres/Riot_wyres/tests/bme680_loramac/bin/wyres-base/crypto/aes.o
                0x0000000008001498                aes_encrypt
 .text.null_ptr_check
                0x00000000080017f0       0x1c /home/sarah/github/IoT_I2HM_wyres/Riot_wyres/tests/bme680_loramac/bin/wyres-base/driver_bme680/bme680_internal.o
 .text.set_mem_page
                0x000000000800180c       0x68 /home/sarah/github/IoT_I2HM_wyres/Riot_wyres/tests/bme680_loramac/bin/wyres-base/driver_bme680/bme680_internal.o
 .text.get_mem_page.part.0
                0x0000000008001874       0x2c /home/sarah/github/IoT_I2HM_wyres/Riot_wyres/tests/bme680_loramac/bin/wyres-base/driver_bme680/bme680_internal.o
 .text.boundary_check.isra.0.constprop.0
                0x00000000080018a0       0x18 /home/sarah/github/IoT_I2HM_wyres/Riot_wyres/tests/bme680_loramac/bin/wyres-base/driver_bme680/bme680_internal.o
 .text.bme680_get_regs
                0x00000000080018b8       0x48 /home/sarah/github/IoT_I2HM_wyres/Riot_wyres/tests/bme680_loramac/bin/wyres-base/driver_bme680/bme680_internal.o
                0x00000000080018b8                bme680_get_regs
 .text.bme680_set_regs
                0x0000000008001900       0x8a /home/sarah/github/IoT_I2HM_wyres/Riot_wyres/tests/bme680_loramac/bin/wyres-base/driver_bme680/bme680_internal.o
                0x0000000008001900                bme680_set_regs
 .text.bme680_soft_reset
                0x000000000800198a       0x66 /home/sarah/github/IoT_I2HM_wyres/Riot_wyres/tests/bme680_loramac/bin/wyres-base/driver_bme680/bme680_internal.o
                0x000000000800198a                bme680_soft_reset
 .text.bme680_init_internal
                0x00000000080019f0      0x1b0 /home/sarah/github/IoT_I2HM_wyres/Riot_wyres/tests/bme680_loramac/bin/wyres-base/driver_bme680/bme680_internal.o
                0x00000000080019f0                bme680_init_internal
 .text.bme680_set_sensor_mode
                0x0000000008001ba0       0x7e /home/sarah/github/IoT_I2HM_wyres/Riot_wyres/tests/bme680_loramac/bin/wyres-base/driver_bme680/bme680_internal.o
                0x0000000008001ba0                bme680_set_sensor_mode
 .text.bme680_set_sensor_settings
                0x0000000008001c1e      0x2f0 /home/sarah/github/IoT_I2HM_wyres/Riot_wyres/tests/bme680_loramac/bin/wyres-base/driver_bme680/bme680_internal.o
                0x0000000008001c1e                bme680_set_sensor_settings
 *fill*         0x0000000008001f0e        0x2 
 .text.bme680_get_profile_dur
                0x0000000008001f10       0x68 /home/sarah/github/IoT_I2HM_wyres/Riot_wyres/tests/bme680_loramac/bin/wyres-base/driver_bme680/bme680_internal.o
                0x0000000008001f10                bme680_get_profile_dur
 .text.bme680_get_sensor_data
                0x0000000008001f78      0x36c /home/sarah/github/IoT_I2HM_wyres/Riot_wyres/tests/bme680_loramac/bin/wyres-base/driver_bme680/bme680_internal.o
                0x0000000008001f78                bme680_get_sensor_data
 .text.bme680_ms_sleep
                0x00000000080022e4       0x10 /home/sarah/github/IoT_I2HM_wyres/Riot_wyres/tests/bme680_loramac/bin/wyres-base/driver_bme680_contrib/bme680_hal.o
                0x00000000080022e4                bme680_ms_sleep
 .text.bme680_i2c_read_hal
                0x00000000080022f4       0x4c /home/sarah/github/IoT_I2HM_wyres/Riot_wyres/tests/bme680_loramac/bin/wyres-base/driver_bme680_contrib/bme680_hal.o
                0x00000000080022f4                bme680_i2c_read_hal
 .text.bme680_i2c_write_hal
                0x0000000008002340       0x4c /home/sarah/github/IoT_I2HM_wyres/Riot_wyres/tests/bme680_loramac/bin/wyres-base/driver_bme680_contrib/bme680_hal.o
                0x0000000008002340                bme680_i2c_write_hal
 .text.gcd32    0x000000000800238c       0x40 /home/sarah/github/IoT_I2HM_wyres/Riot_wyres/tests/bme680_loramac/bin/wyres-base/frac/frac.o
                0x000000000800238c                gcd32
 .text.frac_init
                0x00000000080023cc       0xac /home/sarah/github/IoT_I2HM_wyres/Riot_wyres/tests/bme680_loramac/bin/wyres-base/frac/frac.o
                0x00000000080023cc                frac_init
 .text.iolist_size
                0x0000000008002478       0x10 /home/sarah/github/IoT_I2HM_wyres/Riot_wyres/tests/bme680_loramac/bin/wyres-base/iolist/iolist.o
                0x0000000008002478                iolist_size
 .text.printf_ba
                0x0000000008002488       0x44 /home/sarah/github/IoT_I2HM_wyres/Riot_wyres/tests/bme680_loramac/bin/wyres-base/loramac_utils/loramac_utils.o
                0x0000000008002488                printf_ba
 .text.loramac_utils_join_retry_loop
                0x00000000080024cc      0x244 /home/sarah/github/IoT_I2HM_wyres/Riot_wyres/tests/bme680_loramac/bin/wyres-base/loramac_utils/loramac_utils.o
                0x00000000080024cc                loramac_utils_join_retry_loop
 .text.loramac_utils_get_lorawan_network
                0x0000000008002710       0x2c /home/sarah/github/IoT_I2HM_wyres/Riot_wyres/tests/bme680_loramac/bin/wyres-base/loramac_utils/lorawan_network.o
                0x0000000008002710                loramac_utils_get_lorawan_network
 .text.luid_base
                0x000000000800273c       0x62 /home/sarah/github/IoT_I2HM_wyres/Riot_wyres/tests/bme680_loramac/bin/wyres-base/luid/luid.o
                0x000000000800273c                luid_base
 *fill*         0x000000000800279e        0x2 
 .text.luid_get
                0x00000000080027a0       0x1c /home/sarah/github/IoT_I2HM_wyres/Riot_wyres/tests/bme680_loramac/bin/wyres-base/luid/luid.o
                0x00000000080027a0                luid_get
 .text.__wrap_malloc
                0x00000000080027bc       0x30 /home/sarah/github/IoT_I2HM_wyres/Riot_wyres/tests/bme680_loramac/bin/wyres-base/malloc_thread_safe/malloc_wrappers.o
                0x00000000080027bc                __wrap_malloc
 .text._init    0x00000000080027ec        0x2 /home/sarah/github/IoT_I2HM_wyres/Riot_wyres/tests/bme680_loramac/bin/wyres-base/newlib_syscalls_default/syscalls.o
                0x00000000080027ec                _init
 .text._fini    0x00000000080027ee        0x2 /home/sarah/github/IoT_I2HM_wyres/Riot_wyres/tests/bme680_loramac/bin/wyres-base/newlib_syscalls_default/syscalls.o
                0x00000000080027ee                _fini
 .text._exit    0x00000000080027f0       0x14 /home/sarah/github/IoT_I2HM_wyres/Riot_wyres/tests/bme680_loramac/bin/wyres-base/newlib_syscalls_default/syscalls.o
                0x00000000080027f0                _exit
 .text._sbrk_r  0x0000000008002804       0x40 /home/sarah/github/IoT_I2HM_wyres/Riot_wyres/tests/bme680_loramac/bin/wyres-base/newlib_syscalls_default/syscalls.o
                0x0000000008002804                _sbrk_r
 .text._getpid_r
                0x0000000008002844        0xc /home/sarah/github/IoT_I2HM_wyres/Riot_wyres/tests/bme680_loramac/bin/wyres-base/newlib_syscalls_default/syscalls.o
                0x0000000008002844                _getpid_r
 .text._kill_r  0x0000000008002850        0xa /home/sarah/github/IoT_I2HM_wyres/Riot_wyres/tests/bme680_loramac/bin/wyres-base/newlib_syscalls_default/syscalls.o
                0x0000000008002850                _kill_r
 .text._read_r  0x000000000800285a        0x8 /home/sarah/github/IoT_I2HM_wyres/Riot_wyres/tests/bme680_loramac/bin/wyres-base/newlib_syscalls_default/syscalls.o
                0x000000000800285a                _read_r
 .text._write_r
                0x0000000008002862        0x8 /home/sarah/github/IoT_I2HM_wyres/Riot_wyres/tests/bme680_loramac/bin/wyres-base/newlib_syscalls_default/syscalls.o
                0x0000000008002862                _write_r
 .text._close_r
                0x000000000800286a        0xa /home/sarah/github/IoT_I2HM_wyres/Riot_wyres/tests/bme680_loramac/bin/wyres-base/newlib_syscalls_default/syscalls.o
                0x000000000800286a                _close_r
 .text._lseek_r
                0x0000000008002874        0xa /home/sarah/github/IoT_I2HM_wyres/Riot_wyres/tests/bme680_loramac/bin/wyres-base/newlib_syscalls_default/syscalls.o
                0x0000000008002874                _lseek_r
 .text._fstat_r
                0x000000000800287e        0xa /home/sarah/github/IoT_I2HM_wyres/Riot_wyres/tests/bme680_loramac/bin/wyres-base/newlib_syscalls_default/syscalls.o
                0x000000000800287e                _fstat_r
 .text._isatty_r
                0x0000000008002888        0xe /home/sarah/github/IoT_I2HM_wyres/Riot_wyres/tests/bme680_loramac/bin/wyres-base/newlib_syscalls_default/syscalls.o
                0x0000000008002888                _isatty_r
 *fill*         0x0000000008002896        0x2 
 .text.cpuid_get
                0x0000000008002898       0x14 /home/sarah/github/IoT_I2HM_wyres/Riot_wyres/tests/bme680_loramac/bin/wyres-base/periph_common/cpuid.o
                0x0000000008002898                cpuid_get
 .text.eeprom_read_byte
                0x00000000080028ac       0x16 /home/sarah/github/IoT_I2HM_wyres/Riot_wyres/tests/bme680_loramac/bin/wyres-base/periph_common/eeprom.o
                0x00000000080028ac                eeprom_read_byte
 .text.i2c_read_regs
                0x00000000080028c2       0x56 /home/sarah/github/IoT_I2HM_wyres/Riot_wyres/tests/bme680_loramac/bin/wyres-base/periph_common/i2c.o
                0x00000000080028c2                i2c_read_regs
 .text.i2c_write_regs
                0x0000000008002918       0x5a /home/sarah/github/IoT_I2HM_wyres/Riot_wyres/tests/bme680_loramac/bin/wyres-base/periph_common/i2c.o
                0x0000000008002918                i2c_write_regs
 .text.led_init
                0x0000000008002972        0x2 /home/sarah/github/IoT_I2HM_wyres/Riot_wyres/tests/bme680_loramac/bin/wyres-base/periph_common/init_leds.o
                0x0000000008002972                led_init
 .text.periph_init
                0x0000000008002974       0x16 /home/sarah/github/IoT_I2HM_wyres/Riot_wyres/tests/bme680_loramac/bin/wyres-base/periph_common/init.o
                0x0000000008002974                periph_init
 .text.spi_transfer_regs
                0x000000000800298a       0x36 /home/sarah/github/IoT_I2HM_wyres/Riot_wyres/tests/bme680_loramac/bin/wyres-base/periph_common/spi.o
                0x000000000800298a                spi_transfer_regs
 .text.eeprom_read
                0x00000000080029c0       0x32 /home/sarah/github/IoT_I2HM_wyres/Riot_wyres/tests/bme680_loramac/bin/wyres-base/periph/eeprom.o
                0x00000000080029c0                eeprom_read
 .text.eeprom_write
                0x00000000080029f2       0x40 /home/sarah/github/IoT_I2HM_wyres/Riot_wyres/tests/bme680_loramac/bin/wyres-base/periph/eeprom.o
                0x00000000080029f2                eeprom_write
 *fill*         0x0000000008002a32        0x2 
 .text._unlock  0x0000000008002a34       0x20 /home/sarah/github/IoT_I2HM_wyres/Riot_wyres/tests/bme680_loramac/bin/wyres-base/periph/flash_common.o
                0x0000000008002a34                _unlock
 .text._lock    0x0000000008002a54       0x18 /home/sarah/github/IoT_I2HM_wyres/Riot_wyres/tests/bme680_loramac/bin/wyres-base/periph/flash_common.o
                0x0000000008002a54                _lock
 .text._wait_for_pending_operations
                0x0000000008002a6c       0x18 /home/sarah/github/IoT_I2HM_wyres/Riot_wyres/tests/bme680_loramac/bin/wyres-base/periph/flash_common.o
                0x0000000008002a6c                _wait_for_pending_operations
 .text.gpio_init
                0x0000000008002a84       0x68 /home/sarah/github/IoT_I2HM_wyres/Riot_wyres/tests/bme680_loramac/bin/wyres-base/periph/gpio_all.o
                0x0000000008002a84                gpio_init
 .text.gpio_init_af
                0x0000000008002aec       0x58 /home/sarah/github/IoT_I2HM_wyres/Riot_wyres/tests/bme680_loramac/bin/wyres-base/periph/gpio_all.o
                0x0000000008002aec                gpio_init_af
 .text.gpio_read
                0x0000000008002b44       0x14 /home/sarah/github/IoT_I2HM_wyres/Riot_wyres/tests/bme680_loramac/bin/wyres-base/periph/gpio_all.o
                0x0000000008002b44                gpio_read
 .text.gpio_set
                0x0000000008002b58       0x12 /home/sarah/github/IoT_I2HM_wyres/Riot_wyres/tests/bme680_loramac/bin/wyres-base/periph/gpio_all.o
                0x0000000008002b58                gpio_set
 .text.gpio_clear
                0x0000000008002b6a       0x14 /home/sarah/github/IoT_I2HM_wyres/Riot_wyres/tests/bme680_loramac/bin/wyres-base/periph/gpio_all.o
                0x0000000008002b6a                gpio_clear
 .text.gpio_write
                0x0000000008002b7e        0xa /home/sarah/github/IoT_I2HM_wyres/Riot_wyres/tests/bme680_loramac/bin/wyres-base/periph/gpio_all.o
                0x0000000008002b7e                gpio_write
 .text.gpio_init_int
                0x0000000008002b88       0xc0 /home/sarah/github/IoT_I2HM_wyres/Riot_wyres/tests/bme680_loramac/bin/wyres-base/periph/gpio_all.o
                0x0000000008002b88                gpio_init_int
 .text.isr_exti
                0x0000000008002c48       0x58 /home/sarah/github/IoT_I2HM_wyres/Riot_wyres/tests/bme680_loramac/bin/wyres-base/periph/gpio_all.o
                0x0000000008002c48                isr_exti
 .text._wait_for_bus
                0x0000000008002ca0       0x24 /home/sarah/github/IoT_I2HM_wyres/Riot_wyres/tests/bme680_loramac/bin/wyres-base/periph/i2c_2.o
 .text._stop    0x0000000008002cc4       0x3c /home/sarah/github/IoT_I2HM_wyres/Riot_wyres/tests/bme680_loramac/bin/wyres-base/periph/i2c_2.o
 .text._disable_periph
                0x0000000008002d00       0x28 /home/sarah/github/IoT_I2HM_wyres/Riot_wyres/tests/bme680_loramac/bin/wyres-base/periph/i2c_2.o
 .text._init    0x0000000008002d28       0xc8 /home/sarah/github/IoT_I2HM_wyres/Riot_wyres/tests/bme680_loramac/bin/wyres-base/periph/i2c_2.o
 .text._is_sr1_mask_set
                0x0000000008002df0       0x66 /home/sarah/github/IoT_I2HM_wyres/Riot_wyres/tests/bme680_loramac/bin/wyres-base/periph/i2c_2.o
 .text._i2c_start
                0x0000000008002e56       0x8c /home/sarah/github/IoT_I2HM_wyres/Riot_wyres/tests/bme680_loramac/bin/wyres-base/periph/i2c_2.o
 *fill*         0x0000000008002ee2        0x2 
 .text.i2c_init
                0x0000000008002ee4       0x3c /home/sarah/github/IoT_I2HM_wyres/Riot_wyres/tests/bme680_loramac/bin/wyres-base/periph/i2c_2.o
                0x0000000008002ee4                i2c_init
 .text.i2c_acquire
                0x0000000008002f20       0x38 /home/sarah/github/IoT_I2HM_wyres/Riot_wyres/tests/bme680_loramac/bin/wyres-base/periph/i2c_2.o
                0x0000000008002f20                i2c_acquire
 .text.i2c_release
                0x0000000008002f58       0x20 /home/sarah/github/IoT_I2HM_wyres/Riot_wyres/tests/bme680_loramac/bin/wyres-base/periph/i2c_2.o
                0x0000000008002f58                i2c_release
 .text.i2c_read_bytes
                0x0000000008002f78       0xd4 /home/sarah/github/IoT_I2HM_wyres/Riot_wyres/tests/bme680_loramac/bin/wyres-base/periph/i2c_2.o
                0x0000000008002f78                i2c_read_bytes
 .text.i2c_write_bytes
                0x000000000800304c       0x88 /home/sarah/github/IoT_I2HM_wyres/Riot_wyres/tests/bme680_loramac/bin/wyres-base/periph/i2c_2.o
                0x000000000800304c                i2c_write_bytes
 .text.pm_set   0x00000000080030d4       0x80 /home/sarah/github/IoT_I2HM_wyres/Riot_wyres/tests/bme680_loramac/bin/wyres-base/periph/pm.o
                0x00000000080030d4                pm_set
 .text.rtc_unlock
                0x0000000008003154       0x24 /home/sarah/github/IoT_I2HM_wyres/Riot_wyres/tests/bme680_loramac/bin/wyres-base/periph/rtc_all.o
                0x0000000008003154                rtc_unlock
 .text.rtc_lock
                0x0000000008003178       0x1c /home/sarah/github/IoT_I2HM_wyres/Riot_wyres/tests/bme680_loramac/bin/wyres-base/periph/rtc_all.o
                0x0000000008003178                rtc_lock
 .text.rtc_init
                0x0000000008003194       0x98 /home/sarah/github/IoT_I2HM_wyres/Riot_wyres/tests/bme680_loramac/bin/wyres-base/periph/rtc_all.o
                0x0000000008003194                rtc_init
 .text.isr_rtc_alarm
                0x000000000800322c       0x4c /home/sarah/github/IoT_I2HM_wyres/Riot_wyres/tests/bme680_loramac/bin/wyres-base/periph/rtc_all.o
                0x000000000800322c                isr_rtc_alarm
 .text.spi_init_pins
                0x0000000008003278       0x5c /home/sarah/github/IoT_I2HM_wyres/Riot_wyres/tests/bme680_loramac/bin/wyres-base/periph/spi.o
                0x0000000008003278                spi_init_pins
 .text.spi_init
                0x00000000080032d4       0x3c /home/sarah/github/IoT_I2HM_wyres/Riot_wyres/tests/bme680_loramac/bin/wyres-base/periph/spi.o
                0x00000000080032d4                spi_init
 .text.spi_init_cs
                0x0000000008003310       0x54 /home/sarah/github/IoT_I2HM_wyres/Riot_wyres/tests/bme680_loramac/bin/wyres-base/periph/spi.o
                0x0000000008003310                spi_init_cs
 .text.spi_init_with_gpio_mode
                0x0000000008003364       0x50 /home/sarah/github/IoT_I2HM_wyres/Riot_wyres/tests/bme680_loramac/bin/wyres-base/periph/spi.o
                0x0000000008003364                spi_init_with_gpio_mode
 .text.spi_acquire
                0x00000000080033b4       0x88 /home/sarah/github/IoT_I2HM_wyres/Riot_wyres/tests/bme680_loramac/bin/wyres-base/periph/spi.o
                0x00000000080033b4                spi_acquire
 .text.spi_release
                0x000000000800343c       0x38 /home/sarah/github/IoT_I2HM_wyres/Riot_wyres/tests/bme680_loramac/bin/wyres-base/periph/spi.o
                0x000000000800343c                spi_release
 .text.spi_transfer_bytes
                0x0000000008003474       0xe4 /home/sarah/github/IoT_I2HM_wyres/Riot_wyres/tests/bme680_loramac/bin/wyres-base/periph/spi.o
                0x0000000008003474                spi_transfer_bytes
 .text.timer_set
                0x0000000008003558       0x64 /home/sarah/github/IoT_I2HM_wyres/Riot_wyres/tests/bme680_loramac/bin/wyres-base/periph/timer.o
                0x0000000008003558                timer_set
 .text.timer_clear
                0x00000000080035bc       0x40 /home/sarah/github/IoT_I2HM_wyres/Riot_wyres/tests/bme680_loramac/bin/wyres-base/periph/timer.o
                0x00000000080035bc                timer_clear
 .text.timer_read
                0x00000000080035fc       0x10 /home/sarah/github/IoT_I2HM_wyres/Riot_wyres/tests/bme680_loramac/bin/wyres-base/periph/timer.o
                0x00000000080035fc                timer_read
 .text.timer_start
                0x000000000800360c       0x20 /home/sarah/github/IoT_I2HM_wyres/Riot_wyres/tests/bme680_loramac/bin/wyres-base/periph/timer.o
                0x000000000800360c                timer_start
 .text.timer_init
                0x000000000800362c       0x58 /home/sarah/github/IoT_I2HM_wyres/Riot_wyres/tests/bme680_loramac/bin/wyres-base/periph/timer.o
                0x000000000800362c                timer_init
 .text.isr_tim3
                0x0000000008003684       0x78 /home/sarah/github/IoT_I2HM_wyres/Riot_wyres/tests/bme680_loramac/bin/wyres-base/periph/timer.o
                0x0000000008003684                isr_tim3
 .text.uart_enable_clock
                0x00000000080036fc       0x30 /home/sarah/github/IoT_I2HM_wyres/Riot_wyres/tests/bme680_loramac/bin/wyres-base/periph/uart.o
 .text.uart_init
                0x000000000800372c       0x78 /home/sarah/github/IoT_I2HM_wyres/Riot_wyres/tests/bme680_loramac/bin/wyres-base/periph/uart.o
                0x000000000800372c                uart_init
 .text.uart_write
                0x00000000080037a4       0x30 /home/sarah/github/IoT_I2HM_wyres/Riot_wyres/tests/bme680_loramac/bin/wyres-base/periph/uart.o
                0x00000000080037a4                uart_write
 .text.isr_usart1
                0x00000000080037d4       0x44 /home/sarah/github/IoT_I2HM_wyres/Riot_wyres/tests/bme680_loramac/bin/wyres-base/periph/uart.o
                0x00000000080037d4                isr_usart1
 .text.pm_set_lowest
                0x0000000008003818       0x2c /home/sarah/github/IoT_I2HM_wyres/Riot_wyres/tests/bme680_loramac/bin/wyres-base/pm_layered/pm.o
                0x0000000008003818                pm_set_lowest
 .text.pm_block
                0x0000000008003844       0x24 /home/sarah/github/IoT_I2HM_wyres/Riot_wyres/tests/bme680_loramac/bin/wyres-base/pm_layered/pm.o
                0x0000000008003844                pm_block
 .text.pm_unblock
                0x0000000008003868       0x20 /home/sarah/github/IoT_I2HM_wyres/Riot_wyres/tests/bme680_loramac/bin/wyres-base/pm_layered/pm.o
                0x0000000008003868                pm_unblock
 .text.pm_off   0x0000000008003888       0x10 /home/sarah/github/IoT_I2HM_wyres/Riot_wyres/tests/bme680_loramac/bin/wyres-base/pm_layered/pm.o
                0x0000000008003888                pm_off
 .text.random_init
                0x0000000008003898       0x10 /home/sarah/github/IoT_I2HM_wyres/Riot_wyres/tests/bme680_loramac/bin/wyres-base/random/musl_lcg.o
                0x0000000008003898                random_init
 .text.random_uint32
                0x00000000080038a8       0x30 /home/sarah/github/IoT_I2HM_wyres/Riot_wyres/tests/bme680_loramac/bin/wyres-base/random/musl_lcg.o
                0x00000000080038a8                random_uint32
 .text.auto_init_random
                0x00000000080038d8       0x18 /home/sarah/github/IoT_I2HM_wyres/Riot_wyres/tests/bme680_loramac/bin/wyres-base/random/random.o
                0x00000000080038d8                auto_init_random
 .text.random_uint32_range
                0x00000000080038f0       0x3e /home/sarah/github/IoT_I2HM_wyres/Riot_wyres/tests/bme680_loramac/bin/wyres-base/random/random.o
                0x00000000080038f0                random_uint32_range
 .text.srand1   0x000000000800392e        0x2 /home/sarah/github/IoT_I2HM_wyres/Riot_wyres/tests/bme680_loramac/bin/wyres-base/semtech_loramac_arch/utilities.o
                0x000000000800392e                srand1
 .text.randr    0x0000000008003930       0x16 /home/sarah/github/IoT_I2HM_wyres/Riot_wyres/tests/bme680_loramac/bin/wyres-base/semtech_loramac_arch/utilities.o
                0x0000000008003930                randr
 .text.memcpy1  0x0000000008003946        0x4 /home/sarah/github/IoT_I2HM_wyres/Riot_wyres/tests/bme680_loramac/bin/wyres-base/semtech_loramac_arch/utilities.o
                0x0000000008003946                memcpy1
 .text.memcpyr  0x000000000800394a       0x14 /home/sarah/github/IoT_I2HM_wyres/Riot_wyres/tests/bme680_loramac/bin/wyres-base/semtech_loramac_arch/utilities.o
                0x000000000800394a                memcpyr
 .text.memset1  0x000000000800395e        0x4 /home/sarah/github/IoT_I2HM_wyres/Riot_wyres/tests/bme680_loramac/bin/wyres-base/semtech_loramac_arch/utilities.o
                0x000000000800395e                memset1
 .text.mutex_lock
                0x0000000008003962        0x6 /home/sarah/github/IoT_I2HM_wyres/Riot_wyres/tests/bme680_loramac/bin/wyres-base/semtech_loramac_contrib/semtech_loramac_getset.o
 .text._semtech_loramac_set_rx2_params.isra.0
                0x0000000008003968       0x30 /home/sarah/github/IoT_I2HM_wyres/Riot_wyres/tests/bme680_loramac/bin/wyres-base/semtech_loramac_contrib/semtech_loramac_getset.o
 .text.semtech_loramac_set_deveui
                0x0000000008003998        0xa /home/sarah/github/IoT_I2HM_wyres/Riot_wyres/tests/bme680_loramac/bin/wyres-base/semtech_loramac_contrib/semtech_loramac_getset.o
                0x0000000008003998                semtech_loramac_set_deveui
 .text.semtech_loramac_set_appeui
                0x00000000080039a2        0xa /home/sarah/github/IoT_I2HM_wyres/Riot_wyres/tests/bme680_loramac/bin/wyres-base/semtech_loramac_contrib/semtech_loramac_getset.o
                0x00000000080039a2                semtech_loramac_set_appeui
 .text.semtech_loramac_set_appkey
                0x00000000080039ac       0x14 /home/sarah/github/IoT_I2HM_wyres/Riot_wyres/tests/bme680_loramac/bin/wyres-base/semtech_loramac_contrib/semtech_loramac_getset.o
                0x00000000080039ac                semtech_loramac_set_appkey
 .text.semtech_loramac_set_appskey
                0x00000000080039c0       0x26 /home/sarah/github/IoT_I2HM_wyres/Riot_wyres/tests/bme680_loramac/bin/wyres-base/semtech_loramac_contrib/semtech_loramac_getset.o
                0x00000000080039c0                semtech_loramac_set_appskey
 .text.semtech_loramac_get_appskey
                0x00000000080039e6       0x38 /home/sarah/github/IoT_I2HM_wyres/Riot_wyres/tests/bme680_loramac/bin/wyres-base/semtech_loramac_contrib/semtech_loramac_getset.o
                0x00000000080039e6                semtech_loramac_get_appskey
 .text.semtech_loramac_set_nwkskey
                0x0000000008003a1e       0x26 /home/sarah/github/IoT_I2HM_wyres/Riot_wyres/tests/bme680_loramac/bin/wyres-base/semtech_loramac_contrib/semtech_loramac_getset.o
                0x0000000008003a1e                semtech_loramac_set_nwkskey
 .text.semtech_loramac_get_nwkskey
                0x0000000008003a44       0x38 /home/sarah/github/IoT_I2HM_wyres/Riot_wyres/tests/bme680_loramac/bin/wyres-base/semtech_loramac_contrib/semtech_loramac_getset.o
                0x0000000008003a44                semtech_loramac_get_nwkskey
 .text.semtech_loramac_set_devaddr
                0x0000000008003a7c       0x2a /home/sarah/github/IoT_I2HM_wyres/Riot_wyres/tests/bme680_loramac/bin/wyres-base/semtech_loramac_contrib/semtech_loramac_getset.o
                0x0000000008003a7c                semtech_loramac_set_devaddr
 .text.semtech_loramac_get_devaddr
                0x0000000008003aa6       0x36 /home/sarah/github/IoT_I2HM_wyres/Riot_wyres/tests/bme680_loramac/bin/wyres-base/semtech_loramac_contrib/semtech_loramac_getset.o
                0x0000000008003aa6                semtech_loramac_get_devaddr
 .text.semtech_loramac_set_class
                0x0000000008003adc       0x28 /home/sarah/github/IoT_I2HM_wyres/Riot_wyres/tests/bme680_loramac/bin/wyres-base/semtech_loramac_contrib/semtech_loramac_getset.o
                0x0000000008003adc                semtech_loramac_set_class
 .text.semtech_loramac_set_dr
                0x0000000008003b04       0x28 /home/sarah/github/IoT_I2HM_wyres/Riot_wyres/tests/bme680_loramac/bin/wyres-base/semtech_loramac_contrib/semtech_loramac_getset.o
                0x0000000008003b04                semtech_loramac_set_dr
 .text.semtech_loramac_get_dr
                0x0000000008003b2c       0x28 /home/sarah/github/IoT_I2HM_wyres/Riot_wyres/tests/bme680_loramac/bin/wyres-base/semtech_loramac_contrib/semtech_loramac_getset.o
                0x0000000008003b2c                semtech_loramac_get_dr
 .text.semtech_loramac_set_adr
                0x0000000008003b54       0x28 /home/sarah/github/IoT_I2HM_wyres/Riot_wyres/tests/bme680_loramac/bin/wyres-base/semtech_loramac_contrib/semtech_loramac_getset.o
                0x0000000008003b54                semtech_loramac_set_adr
 .text.semtech_loramac_set_public_network
                0x0000000008003b7c       0x28 /home/sarah/github/IoT_I2HM_wyres/Riot_wyres/tests/bme680_loramac/bin/wyres-base/semtech_loramac_contrib/semtech_loramac_getset.o
                0x0000000008003b7c                semtech_loramac_set_public_network
 .text.semtech_loramac_set_netid
                0x0000000008003ba4       0x26 /home/sarah/github/IoT_I2HM_wyres/Riot_wyres/tests/bme680_loramac/bin/wyres-base/semtech_loramac_contrib/semtech_loramac_getset.o
                0x0000000008003ba4                semtech_loramac_set_netid
 .text.semtech_loramac_set_tx_port
                0x0000000008003bca        0x4 /home/sarah/github/IoT_I2HM_wyres/Riot_wyres/tests/bme680_loramac/bin/wyres-base/semtech_loramac_contrib/semtech_loramac_getset.o
                0x0000000008003bca                semtech_loramac_set_tx_port
 .text.semtech_loramac_set_tx_mode
                0x0000000008003bce        0x4 /home/sarah/github/IoT_I2HM_wyres/Riot_wyres/tests/bme680_loramac/bin/wyres-base/semtech_loramac_contrib/semtech_loramac_getset.o
                0x0000000008003bce                semtech_loramac_set_tx_mode
 .text.semtech_loramac_get_tx_mode
                0x0000000008003bd2        0x4 /home/sarah/github/IoT_I2HM_wyres/Riot_wyres/tests/bme680_loramac/bin/wyres-base/semtech_loramac_contrib/semtech_loramac_getset.o
                0x0000000008003bd2                semtech_loramac_get_tx_mode
 .text.semtech_loramac_set_system_max_rx_error
                0x0000000008003bd6       0x26 /home/sarah/github/IoT_I2HM_wyres/Riot_wyres/tests/bme680_loramac/bin/wyres-base/semtech_loramac_contrib/semtech_loramac_getset.o
                0x0000000008003bd6                semtech_loramac_set_system_max_rx_error
 .text.semtech_loramac_set_min_rx_symbols
                0x0000000008003bfc       0x28 /home/sarah/github/IoT_I2HM_wyres/Riot_wyres/tests/bme680_loramac/bin/wyres-base/semtech_loramac_contrib/semtech_loramac_getset.o
                0x0000000008003bfc                semtech_loramac_set_min_rx_symbols
 .text.semtech_loramac_set_rx2_freq
                0x0000000008003c24       0x2e /home/sarah/github/IoT_I2HM_wyres/Riot_wyres/tests/bme680_loramac/bin/wyres-base/semtech_loramac_contrib/semtech_loramac_getset.o
                0x0000000008003c24                semtech_loramac_set_rx2_freq
 .text.semtech_loramac_set_rx2_dr
                0x0000000008003c52       0x2c /home/sarah/github/IoT_I2HM_wyres/Riot_wyres/tests/bme680_loramac/bin/wyres-base/semtech_loramac_contrib/semtech_loramac_getset.o
                0x0000000008003c52                semtech_loramac_set_rx2_dr
 .text.semtech_loramac_set_uplink_counter
                0x0000000008003c7e       0x26 /home/sarah/github/IoT_I2HM_wyres/Riot_wyres/tests/bme680_loramac/bin/wyres-base/semtech_loramac_contrib/semtech_loramac_getset.o
                0x0000000008003c7e                semtech_loramac_set_uplink_counter
 .text._write_uint32
                0x0000000008003ca4       0x16 /home/sarah/github/IoT_I2HM_wyres/Riot_wyres/tests/bme680_loramac/bin/wyres-base/semtech_loramac_contrib/semtech_loramac.o
 .text.mutex_lock
                0x0000000008003cba        0x6 /home/sarah/github/IoT_I2HM_wyres/Riot_wyres/tests/bme680_loramac/bin/wyres-base/semtech_loramac_contrib/semtech_loramac.o
 .text._save_uplink_counter
                0x0000000008003cc0       0x2c /home/sarah/github/IoT_I2HM_wyres/Riot_wyres/tests/bme680_loramac/bin/wyres-base/semtech_loramac_contrib/semtech_loramac.o
 .text._read_uint32
                0x0000000008003cec       0x1c /home/sarah/github/IoT_I2HM_wyres/Riot_wyres/tests/bme680_loramac/bin/wyres-base/semtech_loramac_contrib/semtech_loramac.o
 .text.mlme_indication
                0x0000000008003d08       0x24 /home/sarah/github/IoT_I2HM_wyres/Riot_wyres/tests/bme680_loramac/bin/wyres-base/semtech_loramac_contrib/semtech_loramac.o
 .text.mlme_confirm
                0x0000000008003d2c       0x24 /home/sarah/github/IoT_I2HM_wyres/Riot_wyres/tests/bme680_loramac/bin/wyres-base/semtech_loramac_contrib/semtech_loramac.o
 .text.mcps_indication
                0x0000000008003d50       0x24 /home/sarah/github/IoT_I2HM_wyres/Riot_wyres/tests/bme680_loramac/bin/wyres-base/semtech_loramac_contrib/semtech_loramac.o
 .text.mcps_confirm
                0x0000000008003d74       0x24 /home/sarah/github/IoT_I2HM_wyres/Riot_wyres/tests/bme680_loramac/bin/wyres-base/semtech_loramac_contrib/semtech_loramac.o
 .text._semtech_loramac_event_cb
                0x0000000008003d98       0xbc /home/sarah/github/IoT_I2HM_wyres/Riot_wyres/tests/bme680_loramac/bin/wyres-base/semtech_loramac_contrib/semtech_loramac.o
 .text._semtech_loramac_event_loop
                0x0000000008003e54      0x164 /home/sarah/github/IoT_I2HM_wyres/Riot_wyres/tests/bme680_loramac/bin/wyres-base/semtech_loramac_contrib/semtech_loramac.o
                0x0000000008003e54                _semtech_loramac_event_loop
 .text._join    0x0000000008003fb8       0xd4 /home/sarah/github/IoT_I2HM_wyres/Riot_wyres/tests/bme680_loramac/bin/wyres-base/semtech_loramac_contrib/semtech_loramac.o
 .text._send    0x000000000800408c       0x98 /home/sarah/github/IoT_I2HM_wyres/Riot_wyres/tests/bme680_loramac/bin/wyres-base/semtech_loramac_contrib/semtech_loramac.o
 .text._init_loramac
                0x0000000008004124      0x188 /home/sarah/github/IoT_I2HM_wyres/Riot_wyres/tests/bme680_loramac/bin/wyres-base/semtech_loramac_contrib/semtech_loramac.o
                0x0000000008004124                _init_loramac
 .text.semtech_loramac_init
                0x00000000080042ac       0x64 /home/sarah/github/IoT_I2HM_wyres/Riot_wyres/tests/bme680_loramac/bin/wyres-base/semtech_loramac_contrib/semtech_loramac.o
                0x00000000080042ac                semtech_loramac_init
 .text.semtech_loramac_is_mac_joined
                0x0000000008004310       0x28 /home/sarah/github/IoT_I2HM_wyres/Riot_wyres/tests/bme680_loramac/bin/wyres-base/semtech_loramac_contrib/semtech_loramac.o
                0x0000000008004310                semtech_loramac_is_mac_joined
 .text.semtech_loramac_join
                0x0000000008004338       0x58 /home/sarah/github/IoT_I2HM_wyres/Riot_wyres/tests/bme680_loramac/bin/wyres-base/semtech_loramac_contrib/semtech_loramac.o
                0x0000000008004338                semtech_loramac_join
 .text.semtech_loramac_send
                0x0000000008004390       0x5c /home/sarah/github/IoT_I2HM_wyres/Riot_wyres/tests/bme680_loramac/bin/wyres-base/semtech_loramac_contrib/semtech_loramac.o
                0x0000000008004390                semtech_loramac_send
 .text.SX127XGetStatus
                0x00000000080043ec       0x38 /home/sarah/github/IoT_I2HM_wyres/Riot_wyres/tests/bme680_loramac/bin/wyres-base/semtech_loramac_contrib/semtech_loramac_radio.o
                0x00000000080043ec                SX127XGetStatus
 .text.SX127XSetModem
                0x0000000008004424       0x24 /home/sarah/github/IoT_I2HM_wyres/Riot_wyres/tests/bme680_loramac/bin/wyres-base/semtech_loramac_contrib/semtech_loramac_radio.o
                0x0000000008004424                SX127XSetModem
 .text.SX127XSetChannel
                0x0000000008004448       0x20 /home/sarah/github/IoT_I2HM_wyres/Riot_wyres/tests/bme680_loramac/bin/wyres-base/semtech_loramac_contrib/semtech_loramac_radio.o
                0x0000000008004448                SX127XSetChannel
 .text.SX127XRandom
                0x0000000008004468       0x20 /home/sarah/github/IoT_I2HM_wyres/Riot_wyres/tests/bme680_loramac/bin/wyres-base/semtech_loramac_contrib/semtech_loramac_radio.o
                0x0000000008004468                SX127XRandom
 .text.SX127XSetRxConfig
                0x0000000008004488      0x108 /home/sarah/github/IoT_I2HM_wyres/Riot_wyres/tests/bme680_loramac/bin/wyres-base/semtech_loramac_contrib/semtech_loramac_radio.o
                0x0000000008004488                SX127XSetRxConfig
 .text.SX127XSetTxConfig
                0x0000000008004590       0xe8 /home/sarah/github/IoT_I2HM_wyres/Riot_wyres/tests/bme680_loramac/bin/wyres-base/semtech_loramac_contrib/semtech_loramac_radio.o
                0x0000000008004590                SX127XSetTxConfig
 .text.SX127XSend
                0x0000000008004678       0x20 /home/sarah/github/IoT_I2HM_wyres/Riot_wyres/tests/bme680_loramac/bin/wyres-base/semtech_loramac_contrib/semtech_loramac_radio.o
                0x0000000008004678                SX127XSend
 .text.SX127XSleep
                0x0000000008004698       0x20 /home/sarah/github/IoT_I2HM_wyres/Riot_wyres/tests/bme680_loramac/bin/wyres-base/semtech_loramac_contrib/semtech_loramac_radio.o
                0x0000000008004698                SX127XSleep
 .text.SX127XStandby
                0x00000000080046b8       0x24 /home/sarah/github/IoT_I2HM_wyres/Riot_wyres/tests/bme680_loramac/bin/wyres-base/semtech_loramac_contrib/semtech_loramac_radio.o
                0x00000000080046b8                SX127XStandby
 .text.SX127XRx
                0x00000000080046dc       0x38 /home/sarah/github/IoT_I2HM_wyres/Riot_wyres/tests/bme680_loramac/bin/wyres-base/semtech_loramac_contrib/semtech_loramac_radio.o
                0x00000000080046dc                SX127XRx
 .text.SX127XStartCad
                0x0000000008004714        0x2 /home/sarah/github/IoT_I2HM_wyres/Riot_wyres/tests/bme680_loramac/bin/wyres-base/semtech_loramac_contrib/semtech_loramac_radio.o
                0x0000000008004714                SX127XStartCad
 *fill*         0x0000000008004716        0x2 
 .text.SX127XRssi
                0x0000000008004718       0x20 /home/sarah/github/IoT_I2HM_wyres/Riot_wyres/tests/bme680_loramac/bin/wyres-base/semtech_loramac_contrib/semtech_loramac_radio.o
                0x0000000008004718                SX127XRssi
 .text.SX127XWrite
                0x0000000008004738        0x2 /home/sarah/github/IoT_I2HM_wyres/Riot_wyres/tests/bme680_loramac/bin/wyres-base/semtech_loramac_contrib/semtech_loramac_radio.o
                0x0000000008004738                SX127XWrite
 .text.SX127XRead
                0x000000000800473a        0x4 /home/sarah/github/IoT_I2HM_wyres/Riot_wyres/tests/bme680_loramac/bin/wyres-base/semtech_loramac_contrib/semtech_loramac_radio.o
                0x000000000800473a                SX127XRead
 .text.SX127XWriteBuffer
                0x000000000800473e        0x2 /home/sarah/github/IoT_I2HM_wyres/Riot_wyres/tests/bme680_loramac/bin/wyres-base/semtech_loramac_contrib/semtech_loramac_radio.o
                0x000000000800473e                SX127XWriteBuffer
 .text.SX127XSetMaxPayloadLength
                0x0000000008004740       0x20 /home/sarah/github/IoT_I2HM_wyres/Riot_wyres/tests/bme680_loramac/bin/wyres-base/semtech_loramac_contrib/semtech_loramac_radio.o
                0x0000000008004740                SX127XSetMaxPayloadLength
 .text.SX127XCheckRfFrequency
                0x0000000008004760        0x4 /home/sarah/github/IoT_I2HM_wyres/Riot_wyres/tests/bme680_loramac/bin/wyres-base/semtech_loramac_contrib/semtech_loramac_radio.o
                0x0000000008004760                SX127XCheckRfFrequency
 .text.SX127XSetTxContinuousWave
                0x0000000008004764        0x2 /home/sarah/github/IoT_I2HM_wyres/Riot_wyres/tests/bme680_loramac/bin/wyres-base/semtech_loramac_contrib/semtech_loramac_radio.o
                0x0000000008004764                SX127XSetTxContinuousWave
 *fill*         0x0000000008004766        0x2 
 .text.SX127XSetPublicNetwork
                0x0000000008004768       0x28 /home/sarah/github/IoT_I2HM_wyres/Riot_wyres/tests/bme680_loramac/bin/wyres-base/semtech_loramac_contrib/semtech_loramac_radio.o
                0x0000000008004768                SX127XSetPublicNetwork
 .text.SX127XGetWakeupTime
                0x0000000008004790        0x4 /home/sarah/github/IoT_I2HM_wyres/Riot_wyres/tests/bme680_loramac/bin/wyres-base/semtech_loramac_contrib/semtech_loramac_radio.o
                0x0000000008004790                SX127XGetWakeupTime
 .text.SX127XRxBoosted
                0x0000000008004794        0x2 /home/sarah/github/IoT_I2HM_wyres/Riot_wyres/tests/bme680_loramac/bin/wyres-base/semtech_loramac_contrib/semtech_loramac_radio.o
                0x0000000008004794                SX127XRxBoosted
 .text.SX127XSetRxDutyCycle
                0x0000000008004796        0x2 /home/sarah/github/IoT_I2HM_wyres/Riot_wyres/tests/bme680_loramac/bin/wyres-base/semtech_loramac_contrib/semtech_loramac_radio.o
                0x0000000008004796                SX127XSetRxDutyCycle
 .text.SX127XInit
                0x0000000008004798       0x1c /home/sarah/github/IoT_I2HM_wyres/Riot_wyres/tests/bme680_loramac/bin/wyres-base/semtech_loramac_contrib/semtech_loramac_radio.o
                0x0000000008004798                SX127XInit
 .text.SX127XIsChannelFree
                0x00000000080047b4       0x50 /home/sarah/github/IoT_I2HM_wyres/Riot_wyres/tests/bme680_loramac/bin/wyres-base/semtech_loramac_contrib/semtech_loramac_radio.o
                0x00000000080047b4                SX127XIsChannelFree
 .text.SX127XTimeOnAir
                0x0000000008004804       0xc4 /home/sarah/github/IoT_I2HM_wyres/Riot_wyres/tests/bme680_loramac/bin/wyres-base/semtech_loramac_contrib/semtech_loramac_radio.o
                0x0000000008004804                SX127XTimeOnAir
 .text.SX127XReadBuffer
                0x00000000080048c8        0x2 /home/sarah/github/IoT_I2HM_wyres/Riot_wyres/tests/bme680_loramac/bin/wyres-base/semtech_loramac_contrib/semtech_loramac_radio.o
                0x00000000080048c8                SX127XReadBuffer
 .text.SX127XIrqProcess
                0x00000000080048ca        0x2 /home/sarah/github/IoT_I2HM_wyres/Riot_wyres/tests/bme680_loramac/bin/wyres-base/semtech_loramac_contrib/semtech_loramac_radio.o
                0x00000000080048ca                SX127XIrqProcess
 .text.ztimer_now
                0x00000000080048cc       0x10 /home/sarah/github/IoT_I2HM_wyres/Riot_wyres/tests/bme680_loramac/bin/wyres-base/semtech_loramac_contrib/semtech_loramac_timer.o
 .text.TimerInit
                0x00000000080048dc       0x18 /home/sarah/github/IoT_I2HM_wyres/Riot_wyres/tests/bme680_loramac/bin/wyres-base/semtech_loramac_contrib/semtech_loramac_timer.o
                0x00000000080048dc                TimerInit
 .text.TimerStart
                0x00000000080048f4       0x38 /home/sarah/github/IoT_I2HM_wyres/Riot_wyres/tests/bme680_loramac/bin/wyres-base/semtech_loramac_contrib/semtech_loramac_timer.o
                0x00000000080048f4                TimerStart
 .text.TimerStop
                0x000000000800492c       0x14 /home/sarah/github/IoT_I2HM_wyres/Riot_wyres/tests/bme680_loramac/bin/wyres-base/semtech_loramac_contrib/semtech_loramac_timer.o
                0x000000000800492c                TimerStop
 .text.TimerSetValue
                0x0000000008004940       0x20 /home/sarah/github/IoT_I2HM_wyres/Riot_wyres/tests/bme680_loramac/bin/wyres-base/semtech_loramac_contrib/semtech_loramac_timer.o
                0x0000000008004940                TimerSetValue
 .text.TimerGetCurrentTime
                0x0000000008004960        0xc /home/sarah/github/IoT_I2HM_wyres/Riot_wyres/tests/bme680_loramac/bin/wyres-base/semtech_loramac_contrib/semtech_loramac_timer.o
                0x0000000008004960                TimerGetCurrentTime
 .text.TimerGetElapsedTime
                0x000000000800496c       0x14 /home/sarah/github/IoT_I2HM_wyres/Riot_wyres/tests/bme680_loramac/bin/wyres-base/semtech_loramac_contrib/semtech_loramac_timer.o
                0x000000000800496c                TimerGetElapsedTime
 .text.AES_CMAC_Init
                0x0000000008004980       0x14 /home/sarah/github/IoT_I2HM_wyres/Riot_wyres/tests/bme680_loramac/bin/wyres-base/semtech_loramac_crypto/cmac.o
                0x0000000008004980                AES_CMAC_Init
 .text.AES_CMAC_SetKey
                0x0000000008004994        0x6 /home/sarah/github/IoT_I2HM_wyres/Riot_wyres/tests/bme680_loramac/bin/wyres-base/semtech_loramac_crypto/cmac.o
                0x0000000008004994                AES_CMAC_SetKey
 .text.AES_CMAC_Update
                0x000000000800499a       0xb0 /home/sarah/github/IoT_I2HM_wyres/Riot_wyres/tests/bme680_loramac/bin/wyres-base/semtech_loramac_crypto/cmac.o
                0x000000000800499a                AES_CMAC_Update
 .text.AES_CMAC_Final
                0x0000000008004a4a      0x15e /home/sarah/github/IoT_I2HM_wyres/Riot_wyres/tests/bme680_loramac/bin/wyres-base/semtech_loramac_crypto/cmac.o
                0x0000000008004a4a                AES_CMAC_Final
 .text.LoRaMacComputeMic
                0x0000000008004ba8       0x78 /home/sarah/github/IoT_I2HM_wyres/Riot_wyres/tests/bme680_loramac/bin/wyres-base/semtech_loramac_mac/LoRaMacCrypto.o
                0x0000000008004ba8                LoRaMacComputeMic
 .text.LoRaMacPayloadEncrypt
                0x0000000008004c20       0xd8 /home/sarah/github/IoT_I2HM_wyres/Riot_wyres/tests/bme680_loramac/bin/wyres-base/semtech_loramac_mac/LoRaMacCrypto.o
                0x0000000008004c20                LoRaMacPayloadEncrypt
 .text.LoRaMacPayloadDecrypt
                0x0000000008004cf8        0xe /home/sarah/github/IoT_I2HM_wyres/Riot_wyres/tests/bme680_loramac/bin/wyres-base/semtech_loramac_mac/LoRaMacCrypto.o
                0x0000000008004cf8                LoRaMacPayloadDecrypt
 *fill*         0x0000000008004d06        0x2 
 .text.LoRaMacJoinComputeMic
                0x0000000008004d08       0x40 /home/sarah/github/IoT_I2HM_wyres/Riot_wyres/tests/bme680_loramac/bin/wyres-base/semtech_loramac_mac/LoRaMacCrypto.o
                0x0000000008004d08                LoRaMacJoinComputeMic
 .text.LoRaMacJoinDecrypt
                0x0000000008004d48       0x38 /home/sarah/github/IoT_I2HM_wyres/Riot_wyres/tests/bme680_loramac/bin/wyres-base/semtech_loramac_mac/LoRaMacCrypto.o
                0x0000000008004d48                LoRaMacJoinDecrypt
 .text.LoRaMacJoinComputeSKeys
                0x0000000008004d80       0x88 /home/sarah/github/IoT_I2HM_wyres/Riot_wyres/tests/bme680_loramac/bin/wyres-base/semtech_loramac_mac/LoRaMacCrypto.o
                0x0000000008004d80                LoRaMacJoinComputeSKeys
 .text.ValidatePayloadLength
                0x0000000008004e08       0x54 /home/sarah/github/IoT_I2HM_wyres/Riot_wyres/tests/bme680_loramac/bin/wyres-base/semtech_loramac_mac/LoRaMac.o
 .text.ResetMacParameters
                0x0000000008004e5c       0xe8 /home/sarah/github/IoT_I2HM_wyres/Riot_wyres/tests/bme680_loramac/bin/wyres-base/semtech_loramac_mac/LoRaMac.o
 .text.OnAckTimeoutTimerEvent
                0x0000000008004f44       0x4c /home/sarah/github/IoT_I2HM_wyres/Riot_wyres/tests/bme680_loramac/bin/wyres-base/semtech_loramac_mac/LoRaMac.o
 .text.OnRxWindow1TimerEvent
                0x0000000008004f90       0x80 /home/sarah/github/IoT_I2HM_wyres/Riot_wyres/tests/bme680_loramac/bin/wyres-base/semtech_loramac_mac/LoRaMac.o
 .text.OnRxWindow2TimerEvent
                0x0000000008005010       0x80 /home/sarah/github/IoT_I2HM_wyres/Riot_wyres/tests/bme680_loramac/bin/wyres-base/semtech_loramac_mac/LoRaMac.o
 .text.OpenContinuousRx2Window
                0x0000000008005090       0x14 /home/sarah/github/IoT_I2HM_wyres/Riot_wyres/tests/bme680_loramac/bin/wyres-base/semtech_loramac_mac/LoRaMac.o
 .text.OnRadioRxTimeout
                0x00000000080050a4       0xa4 /home/sarah/github/IoT_I2HM_wyres/Riot_wyres/tests/bme680_loramac/bin/wyres-base/semtech_loramac_mac/LoRaMac.o
 .text.OnRadioTxTimeout
                0x0000000008005148       0x40 /home/sarah/github/IoT_I2HM_wyres/Riot_wyres/tests/bme680_loramac/bin/wyres-base/semtech_loramac_mac/LoRaMac.o
 .text.OnRadioRxError
                0x0000000008005188       0xa4 /home/sarah/github/IoT_I2HM_wyres/Riot_wyres/tests/bme680_loramac/bin/wyres-base/semtech_loramac_mac/LoRaMac.o
 .text.OnRadioTxDone
                0x000000000800522c      0x148 /home/sarah/github/IoT_I2HM_wyres/Riot_wyres/tests/bme680_loramac/bin/wyres-base/semtech_loramac_mac/LoRaMac.o
 .text.ProcessMacCommands
                0x0000000008005374      0x450 /home/sarah/github/IoT_I2HM_wyres/Riot_wyres/tests/bme680_loramac/bin/wyres-base/semtech_loramac_mac/LoRaMac.o
 .text.PrepareFrame
                0x00000000080057c4      0x38c /home/sarah/github/IoT_I2HM_wyres/Riot_wyres/tests/bme680_loramac/bin/wyres-base/semtech_loramac_mac/LoRaMac.o
                0x00000000080057c4                PrepareFrame
 .text.SendFrameOnChannel
                0x0000000008005b50       0xb8 /home/sarah/github/IoT_I2HM_wyres/Riot_wyres/tests/bme680_loramac/bin/wyres-base/semtech_loramac_mac/LoRaMac.o
                0x0000000008005b50                SendFrameOnChannel
 .text.ScheduleTx
                0x0000000008005c08      0x1a0 /home/sarah/github/IoT_I2HM_wyres/Riot_wyres/tests/bme680_loramac/bin/wyres-base/semtech_loramac_mac/LoRaMac.o
 .text.Send     0x0000000008005da8       0x48 /home/sarah/github/IoT_I2HM_wyres/Riot_wyres/tests/bme680_loramac/bin/wyres-base/semtech_loramac_mac/LoRaMac.o
                0x0000000008005da8                Send
 .text.OnTxDelayedTimerEvent
                0x0000000008005df0       0x24 /home/sarah/github/IoT_I2HM_wyres/Riot_wyres/tests/bme680_loramac/bin/wyres-base/semtech_loramac_mac/LoRaMac.o
 .text.OnMacStateCheckTimerEvent
                0x0000000008005e14      0x2e0 /home/sarah/github/IoT_I2HM_wyres/Riot_wyres/tests/bme680_loramac/bin/wyres-base/semtech_loramac_mac/LoRaMac.o
 .text.PrepareRxDoneAbort
                0x00000000080060f4       0x38 /home/sarah/github/IoT_I2HM_wyres/Riot_wyres/tests/bme680_loramac/bin/wyres-base/semtech_loramac_mac/LoRaMac.o
 .text.OnRadioRxDone
                0x000000000800612c      0x508 /home/sarah/github/IoT_I2HM_wyres/Riot_wyres/tests/bme680_loramac/bin/wyres-base/semtech_loramac_mac/LoRaMac.o
 .text.SetTxContinuousWave
                0x0000000008006634       0x64 /home/sarah/github/IoT_I2HM_wyres/Riot_wyres/tests/bme680_loramac/bin/wyres-base/semtech_loramac_mac/LoRaMac.o
                0x0000000008006634                SetTxContinuousWave
 .text.SetTxContinuousWave1
                0x0000000008006698       0x40 /home/sarah/github/IoT_I2HM_wyres/Riot_wyres/tests/bme680_loramac/bin/wyres-base/semtech_loramac_mac/LoRaMac.o
                0x0000000008006698                SetTxContinuousWave1
 .text.LoRaMacInitialization
                0x00000000080066d8      0x294 /home/sarah/github/IoT_I2HM_wyres/Riot_wyres/tests/bme680_loramac/bin/wyres-base/semtech_loramac_mac/LoRaMac.o
                0x00000000080066d8                LoRaMacInitialization
 .text.LoRaMacQueryTxPossible
                0x000000000800696c       0xec /home/sarah/github/IoT_I2HM_wyres/Riot_wyres/tests/bme680_loramac/bin/wyres-base/semtech_loramac_mac/LoRaMac.o
                0x000000000800696c                LoRaMacQueryTxPossible
 .text.LoRaMacMibGetRequestConfirm
                0x0000000008006a58      0x140 /home/sarah/github/IoT_I2HM_wyres/Riot_wyres/tests/bme680_loramac/bin/wyres-base/semtech_loramac_mac/LoRaMac.o
                0x0000000008006a58                LoRaMacMibGetRequestConfirm
 .text.LoRaMacMibSetRequestConfirm
                0x0000000008006b98      0x2e8 /home/sarah/github/IoT_I2HM_wyres/Riot_wyres/tests/bme680_loramac/bin/wyres-base/semtech_loramac_mac/LoRaMac.o
                0x0000000008006b98                LoRaMacMibSetRequestConfirm
 .text.LoRaMacMlmeRequest
                0x0000000008006e80      0x140 /home/sarah/github/IoT_I2HM_wyres/Riot_wyres/tests/bme680_loramac/bin/wyres-base/semtech_loramac_mac/LoRaMac.o
                0x0000000008006e80                LoRaMacMlmeRequest
 .text.LoRaMacMcpsRequest
                0x0000000008006fc0      0x148 /home/sarah/github/IoT_I2HM_wyres/Riot_wyres/tests/bme680_loramac/bin/wyres-base/semtech_loramac_mac/LoRaMac.o
                0x0000000008006fc0                LoRaMacMcpsRequest
 .text.RegionCommonGetJoinDc
                0x0000000008007108       0x24 /home/sarah/github/IoT_I2HM_wyres/Riot_wyres/tests/bme680_loramac/bin/wyres-base/semtech_loramac_mac_region/RegionCommon.o
                0x0000000008007108                RegionCommonGetJoinDc
 .text.RegionCommonChanVerifyDr
                0x000000000800712c       0x68 /home/sarah/github/IoT_I2HM_wyres/Riot_wyres/tests/bme680_loramac/bin/wyres-base/semtech_loramac_mac_region/RegionCommon.o
                0x000000000800712c                RegionCommonChanVerifyDr
 .text.RegionCommonValueInRange
                0x0000000008007194       0x12 /home/sarah/github/IoT_I2HM_wyres/Riot_wyres/tests/bme680_loramac/bin/wyres-base/semtech_loramac_mac_region/RegionCommon.o
                0x0000000008007194                RegionCommonValueInRange
 .text.RegionCommonChanDisable
                0x00000000080071a6       0x30 /home/sarah/github/IoT_I2HM_wyres/Riot_wyres/tests/bme680_loramac/bin/wyres-base/semtech_loramac_mac_region/RegionCommon.o
                0x00000000080071a6                RegionCommonChanDisable
 .text.RegionCommonCountChannels
                0x00000000080071d6       0x3c /home/sarah/github/IoT_I2HM_wyres/Riot_wyres/tests/bme680_loramac/bin/wyres-base/semtech_loramac_mac_region/RegionCommon.o
                0x00000000080071d6                RegionCommonCountChannels
 .text.RegionCommonChanMaskCopy
                0x0000000008007212       0x1e /home/sarah/github/IoT_I2HM_wyres/Riot_wyres/tests/bme680_loramac/bin/wyres-base/semtech_loramac_mac_region/RegionCommon.o
                0x0000000008007212                RegionCommonChanMaskCopy
 .text.RegionCommonSetBandTxDone
                0x0000000008007230        0xa /home/sarah/github/IoT_I2HM_wyres/Riot_wyres/tests/bme680_loramac/bin/wyres-base/semtech_loramac_mac_region/RegionCommon.o
                0x0000000008007230                RegionCommonSetBandTxDone
 .text.RegionCommonUpdateBandTimeOff
                0x000000000800723a       0x9c /home/sarah/github/IoT_I2HM_wyres/Riot_wyres/tests/bme680_loramac/bin/wyres-base/semtech_loramac_mac_region/RegionCommon.o
                0x000000000800723a                RegionCommonUpdateBandTimeOff
 .text.RegionCommonParseLinkAdrReq
                0x00000000080072d6       0x34 /home/sarah/github/IoT_I2HM_wyres/Riot_wyres/tests/bme680_loramac/bin/wyres-base/semtech_loramac_mac_region/RegionCommon.o
                0x00000000080072d6                RegionCommonParseLinkAdrReq
 .text.RegionCommonLinkAdrReqVerifyParams
                0x000000000800730a       0x8c /home/sarah/github/IoT_I2HM_wyres/Riot_wyres/tests/bme680_loramac/bin/wyres-base/semtech_loramac_mac_region/RegionCommon.o
                0x000000000800730a                RegionCommonLinkAdrReqVerifyParams
 *fill*         0x0000000008007396        0x2 
 .text.RegionCommonComputeSymbolTimeLoRa
                0x0000000008007398       0x34 /home/sarah/github/IoT_I2HM_wyres/Riot_wyres/tests/bme680_loramac/bin/wyres-base/semtech_loramac_mac_region/RegionCommon.o
                0x0000000008007398                RegionCommonComputeSymbolTimeLoRa
 .text.RegionCommonComputeSymbolTimeFsk
                0x00000000080073cc       0x18 /home/sarah/github/IoT_I2HM_wyres/Riot_wyres/tests/bme680_loramac/bin/wyres-base/semtech_loramac_mac_region/RegionCommon.o
                0x00000000080073cc                RegionCommonComputeSymbolTimeFsk
 .text.RegionCommonComputeRxWindowParameters
                0x00000000080073e4       0xac /home/sarah/github/IoT_I2HM_wyres/Riot_wyres/tests/bme680_loramac/bin/wyres-base/semtech_loramac_mac_region/RegionCommon.o
                0x00000000080073e4                RegionCommonComputeRxWindowParameters
 .text.RegionCommonComputeTxPower
                0x0000000008007490       0x2a /home/sarah/github/IoT_I2HM_wyres/Riot_wyres/tests/bme680_loramac/bin/wyres-base/semtech_loramac_mac_region/RegionCommon.o
                0x0000000008007490                RegionCommonComputeTxPower
 .text.RegionCommonCalcBackOff
                0x00000000080074ba       0x48 /home/sarah/github/IoT_I2HM_wyres/Riot_wyres/tests/bme680_loramac/bin/wyres-base/semtech_loramac_mac_region/RegionCommon.o
                0x00000000080074ba                RegionCommonCalcBackOff
 *fill*         0x0000000008007502        0x2 
 .text.VerifyTxFreq
                0x0000000008007504       0x98 /home/sarah/github/IoT_I2HM_wyres/Riot_wyres/tests/bme680_loramac/bin/wyres-base/semtech_loramac_mac_region/RegionEU868.o
 .text.RegionEU868GetPhyParam
                0x000000000800759c       0xc0 /home/sarah/github/IoT_I2HM_wyres/Riot_wyres/tests/bme680_loramac/bin/wyres-base/semtech_loramac_mac_region/RegionEU868.o
                0x000000000800759c                RegionEU868GetPhyParam
 .text.RegionEU868SetBandTxDone
                0x000000000800765c       0x24 /home/sarah/github/IoT_I2HM_wyres/Riot_wyres/tests/bme680_loramac/bin/wyres-base/semtech_loramac_mac_region/RegionEU868.o
                0x000000000800765c                RegionEU868SetBandTxDone
 .text.RegionEU868InitDefaults
                0x0000000008007680       0x68 /home/sarah/github/IoT_I2HM_wyres/Riot_wyres/tests/bme680_loramac/bin/wyres-base/semtech_loramac_mac_region/RegionEU868.o
                0x0000000008007680                RegionEU868InitDefaults
 .text.RegionEU868Verify
                0x00000000080076e8       0x34 /home/sarah/github/IoT_I2HM_wyres/Riot_wyres/tests/bme680_loramac/bin/wyres-base/semtech_loramac_mac_region/RegionEU868.o
                0x00000000080076e8                RegionEU868Verify
 .text.RegionEU868ChanMaskSet
                0x000000000800771c       0x34 /home/sarah/github/IoT_I2HM_wyres/Riot_wyres/tests/bme680_loramac/bin/wyres-base/semtech_loramac_mac_region/RegionEU868.o
                0x000000000800771c                RegionEU868ChanMaskSet
 .text.RegionEU868AdrNext
                0x0000000008007750       0x78 /home/sarah/github/IoT_I2HM_wyres/Riot_wyres/tests/bme680_loramac/bin/wyres-base/semtech_loramac_mac_region/RegionEU868.o
                0x0000000008007750                RegionEU868AdrNext
 .text.RegionEU868ComputeRxWindowParameters
                0x00000000080077c8       0x84 /home/sarah/github/IoT_I2HM_wyres/Riot_wyres/tests/bme680_loramac/bin/wyres-base/semtech_loramac_mac_region/RegionEU868.o
                0x00000000080077c8                RegionEU868ComputeRxWindowParameters
 .text.RegionEU868RxConfig
                0x000000000800784c       0xe0 /home/sarah/github/IoT_I2HM_wyres/Riot_wyres/tests/bme680_loramac/bin/wyres-base/semtech_loramac_mac_region/RegionEU868.o
                0x000000000800784c                RegionEU868RxConfig
 .text.RegionEU868TxConfig
                0x000000000800792c      0x10c /home/sarah/github/IoT_I2HM_wyres/Riot_wyres/tests/bme680_loramac/bin/wyres-base/semtech_loramac_mac_region/RegionEU868.o
                0x000000000800792c                RegionEU868TxConfig
 .text.RegionEU868LinkAdrReq
                0x0000000008007a38      0x144 /home/sarah/github/IoT_I2HM_wyres/Riot_wyres/tests/bme680_loramac/bin/wyres-base/semtech_loramac_mac_region/RegionEU868.o
                0x0000000008007a38                RegionEU868LinkAdrReq
 .text.RegionEU868RxParamSetupReq
                0x0000000008007b7c       0x44 /home/sarah/github/IoT_I2HM_wyres/Riot_wyres/tests/bme680_loramac/bin/wyres-base/semtech_loramac_mac_region/RegionEU868.o
                0x0000000008007b7c                RegionEU868RxParamSetupReq
 .text.RegionEU868TxParamSetupReq
                0x0000000008007bc0        0x6 /home/sarah/github/IoT_I2HM_wyres/Riot_wyres/tests/bme680_loramac/bin/wyres-base/semtech_loramac_mac_region/RegionEU868.o
                0x0000000008007bc0                RegionEU868TxParamSetupReq
 *fill*         0x0000000008007bc6        0x2 
 .text.RegionEU868DlChannelReq
                0x0000000008007bc8       0x44 /home/sarah/github/IoT_I2HM_wyres/Riot_wyres/tests/bme680_loramac/bin/wyres-base/semtech_loramac_mac_region/RegionEU868.o
                0x0000000008007bc8                RegionEU868DlChannelReq
 .text.RegionEU868AlternateDr
                0x0000000008007c0c        0x2 /home/sarah/github/IoT_I2HM_wyres/Riot_wyres/tests/bme680_loramac/bin/wyres-base/semtech_loramac_mac_region/RegionEU868.o
                0x0000000008007c0c                RegionEU868AlternateDr
 *fill*         0x0000000008007c0e        0x2 
 .text.RegionEU868CalcBackOff
                0x0000000008007c10       0x38 /home/sarah/github/IoT_I2HM_wyres/Riot_wyres/tests/bme680_loramac/bin/wyres-base/semtech_loramac_mac_region/RegionEU868.o
                0x0000000008007c10                RegionEU868CalcBackOff
 .text.RegionEU868NextChannel
                0x0000000008007c48      0x114 /home/sarah/github/IoT_I2HM_wyres/Riot_wyres/tests/bme680_loramac/bin/wyres-base/semtech_loramac_mac_region/RegionEU868.o
                0x0000000008007c48                RegionEU868NextChannel
 .text.RegionEU868ChannelAdd
                0x0000000008007d5c       0xdc /home/sarah/github/IoT_I2HM_wyres/Riot_wyres/tests/bme680_loramac/bin/wyres-base/semtech_loramac_mac_region/RegionEU868.o
                0x0000000008007d5c                RegionEU868ChannelAdd
 .text.RegionEU868ChannelsRemove
                0x0000000008007e38       0x30 /home/sarah/github/IoT_I2HM_wyres/Riot_wyres/tests/bme680_loramac/bin/wyres-base/semtech_loramac_mac_region/RegionEU868.o
                0x0000000008007e38                RegionEU868ChannelsRemove
 .text.RegionEU868ApplyCFList
                0x0000000008007e68       0x78 /home/sarah/github/IoT_I2HM_wyres/Riot_wyres/tests/bme680_loramac/bin/wyres-base/semtech_loramac_mac_region/RegionEU868.o
                0x0000000008007e68                RegionEU868ApplyCFList
 .text.RegionEU868NewChannelReq
                0x0000000008007ee0       0x3c /home/sarah/github/IoT_I2HM_wyres/Riot_wyres/tests/bme680_loramac/bin/wyres-base/semtech_loramac_mac_region/RegionEU868.o
                0x0000000008007ee0                RegionEU868NewChannelReq
 .text.RegionEU868SetContinuousWave
                0x0000000008007f1c       0x4c /home/sarah/github/IoT_I2HM_wyres/Riot_wyres/tests/bme680_loramac/bin/wyres-base/semtech_loramac_mac_region/RegionEU868.o
                0x0000000008007f1c                RegionEU868SetContinuousWave
 .text.RegionEU868ApplyDrOffset
                0x0000000008007f68        0xc /home/sarah/github/IoT_I2HM_wyres/Riot_wyres/tests/bme680_loramac/bin/wyres-base/semtech_loramac_mac_region/RegionEU868.o
                0x0000000008007f68                RegionEU868ApplyDrOffset
 .text.RegionIsActive